Archive member included because of file (symbol)

.\CortexM0\ARM_GCC_484\Debug\Vinkelsensor.a(cyfitter_cfg.o)
                              .\CortexM0\ARM_GCC_484\Debug\Cm0Start.o (cyfitter_cfg)
.\CortexM0\ARM_GCC_484\Debug\Vinkelsensor.a(I2C.o)
                              .\CortexM0\ARM_GCC_484\Debug\main.o (I2C_Start)
.\CortexM0\ARM_GCC_484\Debug\Vinkelsensor.a(I2C_I2C.o)
                              .\CortexM0\ARM_GCC_484\Debug\Vinkelsensor.a(I2C.o) (I2C_I2CInit)
.\CortexM0\ARM_GCC_484\Debug\Vinkelsensor.a(I2C_I2C_MASTER.o)
                              .\CortexM0\ARM_GCC_484\Debug\Vinkelsensor.a(I2C_I2C.o) (I2C_mstrStatus)
.\CortexM0\ARM_GCC_484\Debug\Vinkelsensor.a(UART.o)
                              .\CortexM0\ARM_GCC_484\Debug\main.o (UART_Start)
.\CortexM0\ARM_GCC_484\Debug\Vinkelsensor.a(UART_UART.o)
                              .\CortexM0\ARM_GCC_484\Debug\Vinkelsensor.a(UART.o) (UART_UartInit)
.\CortexM0\ARM_GCC_484\Debug\Vinkelsensor.a(I2C_sda.o)
                              .\CortexM0\ARM_GCC_484\Debug\Vinkelsensor.a(I2C_I2C_MASTER.o) (I2C_sda_Read)
.\CortexM0\ARM_GCC_484\Debug\Vinkelsensor.a(I2C_scl.o)
                              .\CortexM0\ARM_GCC_484\Debug\Vinkelsensor.a(I2C_I2C_MASTER.o) (I2C_scl_Write)
.\CortexM0\ARM_GCC_484\Debug\Vinkelsensor.a(CyLib.o)
                              .\CortexM0\ARM_GCC_484\Debug\Vinkelsensor.a(cyfitter_cfg.o) (CyDelayUs)
.\CortexM0\ARM_GCC_484\Debug\Vinkelsensor.a(GYRO_DR_INT.o)
                              .\CortexM0\ARM_GCC_484\Debug\main.o (GYRO_DR_INT_StartEx)
.\CortexM0\ARM_GCC_484\Debug\Vinkelsensor.a(DATA_TIMER.o)
                              .\CortexM0\ARM_GCC_484\Debug\main.o (DATA_TIMER_Start)
.\CortexM0\ARM_GCC_484\Debug\Vinkelsensor.a(I2C_I2C_INT.o)
                              .\CortexM0\ARM_GCC_484\Debug\Vinkelsensor.a(I2C_I2C.o) (I2C_I2C_ISR)
.\CortexM0\ARM_GCC_484\Debug\Vinkelsensor.a(UART_SPI_UART.o)
                              .\CortexM0\ARM_GCC_484\Debug\Vinkelsensor.a(UART_UART.o) (UART_SpiUartReadRxData)
.\CortexM0\ARM_GCC_484\Debug\Vinkelsensor.a(CyBootAsmGnu.o)
                              .\CortexM0\ARM_GCC_484\Debug\Vinkelsensor.a(CyLib.o) (CyDelayCycles)
.\CortexM0\ARM_GCC_484\Debug\Vinkelsensor.a(cyutils.o)
                              .\CortexM0\ARM_GCC_484\Debug\Vinkelsensor.a(DATA_TIMER.o) (CySetReg24)
c:/program files (x86)/cypress/psoc creator/3.1/psoc creator/import/gnu_cs/arm/4.8.4/bin/../lib/gcc/arm-none-eabi/4.8.4/armv6-m\libgcc.a(_udivsi3.o)
                              .\CortexM0\ARM_GCC_484\Debug\Vinkelsensor.a(CyLib.o) (__aeabi_uidiv)
c:/program files (x86)/cypress/psoc creator/3.1/psoc creator/import/gnu_cs/arm/4.8.4/bin/../lib/gcc/arm-none-eabi/4.8.4/armv6-m\libgcc.a(_divsi3.o)
                              .\CortexM0\ARM_GCC_484\Debug\Cm0Start.o (__aeabi_idiv)
c:/program files (x86)/cypress/psoc creator/3.1/psoc creator/import/gnu_cs/arm/4.8.4/bin/../lib/gcc/arm-none-eabi/4.8.4/armv6-m\libgcc.a(_dvmd_tls.o)
                              c:/program files (x86)/cypress/psoc creator/3.1/psoc creator/import/gnu_cs/arm/4.8.4/bin/../lib/gcc/arm-none-eabi/4.8.4/armv6-m\libgcc.a(_udivsi3.o) (__aeabi_idiv0)
c:/program files (x86)/cypress/psoc creator/3.1/psoc creator/import/gnu_cs/arm/4.8.4/bin/../lib/gcc/arm-none-eabi/4.8.4/armv6-m\libgcc.a(_aeabi_ldivmod.o)
                              .\CortexM0\ARM_GCC_484\Debug\fixedMath.o (__aeabi_ldivmod)
c:/program files (x86)/cypress/psoc creator/3.1/psoc creator/import/gnu_cs/arm/4.8.4/bin/../lib/gcc/arm-none-eabi/4.8.4/armv6-m\libgcc.a(_muldi3.o)
                              .\CortexM0\ARM_GCC_484\Debug\fixedMath.o (__aeabi_lmul)
c:/program files (x86)/cypress/psoc creator/3.1/psoc creator/import/gnu_cs/arm/4.8.4/bin/../lib/gcc/arm-none-eabi/4.8.4/armv6-m\libgcc.a(bpabi.o)
                              c:/program files (x86)/cypress/psoc creator/3.1/psoc creator/import/gnu_cs/arm/4.8.4/bin/../lib/gcc/arm-none-eabi/4.8.4/armv6-m\libgcc.a(_aeabi_ldivmod.o) (__gnu_ldivmod_helper)
c:/program files (x86)/cypress/psoc creator/3.1/psoc creator/import/gnu_cs/arm/4.8.4/bin/../lib/gcc/arm-none-eabi/4.8.4/armv6-m\libgcc.a(_divdi3.o)
                              c:/program files (x86)/cypress/psoc creator/3.1/psoc creator/import/gnu_cs/arm/4.8.4/bin/../lib/gcc/arm-none-eabi/4.8.4/armv6-m\libgcc.a(bpabi.o) (__divdi3)
c:/program files (x86)/cypress/psoc creator/3.1/psoc creator/import/gnu_cs/arm/4.8.4/bin/../lib/gcc/arm-none-eabi/4.8.4/armv6-m\libgcc.a(_udivdi3.o)
                              c:/program files (x86)/cypress/psoc creator/3.1/psoc creator/import/gnu_cs/arm/4.8.4/bin/../lib/gcc/arm-none-eabi/4.8.4/armv6-m\libgcc.a(bpabi.o) (__udivdi3)
c:/program files (x86)/cypress/psoc creator/3.1/psoc creator/import/gnu_cs/arm/4.8.4/bin/../lib/gcc/arm-none-eabi/4.8.4/armv6-m\libgcc.a(_clzsi2.o)
[...]
Memory Configuration

Name             Origin             Length             Attributes
rom              0x00000000         0x00008000         xr
ram              0x20000000         0x00001000         xrw
*default*        0x00000000         0xffffffff

Linker script and memory map

LOAD c:/program files (x86)/cypress/psoc creator/3.1/psoc creator/import/gnu_cs/arm/4.8.4/bin/../lib/gcc/arm-none-eabi/4.8.4/armv6-m/crti.o
LOAD c:/program files (x86)/cypress/psoc creator/3.1/psoc creator/import/gnu_cs/arm/4.8.4/bin/../lib/gcc/arm-none-eabi/4.8.4/armv6-m/crtbegin.o
LOAD c:/program files (x86)/cypress/psoc creator/3.1/psoc creator/import/gnu_cs/arm/4.8.4/bin/../lib/gcc/arm-none-eabi/4.8.4/../../../../arm-none-eabi/lib/armv6-m/crt0.o
START GROUP
LOAD .\CortexM0\ARM_GCC_484\Debug\main.o
LOAD .\CortexM0\ARM_GCC_484\Debug\fixedMath.o
LOAD .\CortexM0\ARM_GCC_484\Debug\cymetadata.o
LOAD .\CortexM0\ARM_GCC_484\Debug\Cm0Start.o
LOAD .\CortexM0\ARM_GCC_484\Debug\Vinkelsensor.a
LOAD C:\Program Files (x86)\Cypress\PSoC Creator\3.1\PSoC Creator\psoc\content\cycomponentlibrary\CyComponentLibrary.cylib\CortexM0\ARM_GCC_484\Debug\CyComponentLibrary.a
END GROUP
START GROUP
LOAD c:/program files (x86)/cypress/psoc creator/3.1/psoc creator/import/gnu_cs/arm/4.8.4/bin/../lib/gcc/arm-none-eabi/4.8.4/armv6-m\libgcc.a
LOAD c:/program files (x86)/cypress/psoc creator/3.1/psoc creator/import/gnu_cs/arm/4.8.4/bin/../lib/gcc/arm-none-eabi/4.8.4/../../../../arm-none-eabi/lib/armv6-m\libg_s.a
LOAD c:/program files (x86)/cypress/psoc creator/3.1/psoc creator/import/gnu_cs/arm/4.8.4/bin/../lib/gcc/arm-none-eabi/4.8.4/../../../../arm-none-eabi/lib/armv6-m\libc_s.a
END GROUP
START GROUP
LOAD c:/program files (x86)/cypress/psoc creator/3.1/psoc creator/import/gnu_cs/arm/4.8.4/bin/../lib/gcc/arm-none-eabi/4.8.4/armv6-m\libgcc.a
LOAD c:/program files (x86)/cypress/psoc creator/3.1/psoc creator/import/gnu_cs/arm/4.8.4/bin/../lib/gcc/arm-none-eabi/4.8.4/../../../../arm-none-eabi/lib/armv6-m\libc_s.a
END GROUP
LOAD c:/program files (x86)/cypress/psoc creator/3.1/psoc creator/import/gnu_cs/arm/4.8.4/bin/../lib/gcc/arm-none-eabi/4.8.4/armv6-m/crtend.o
LOAD c:/program files (x86)/cypress/psoc creator/3.1/psoc creator/import/gnu_cs/arm/4.8.4/bin/../lib/gcc/arm-none-eabi/4.8.4/armv6-m/crtn.o
START GROUP
LOAD c:/program files (x86)/cypress/psoc creator/3.1/psoc creator/import/gnu_cs/arm/4.8.4/bin/../lib/gcc/arm-none-eabi/4.8.4/armv6-m\libgcc.a
LOAD c:/program files (x86)/cypress/psoc creator/3.1/psoc creator/import/gnu_cs/arm/4.8.4/bin/../lib/gcc/arm-none-eabi/4.8.4/../../../../arm-none-eabi/lib/armv6-m\libc.a
LOAD c:/program files (x86)/cypress/psoc creator/3.1/psoc creator/import/gnu_cs/arm/4.8.4/bin/../lib/gcc/arm-none-eabi/4.8.4/../../../../arm-none-eabi/lib/armv6-m\libnosys.a
END GROUP
                0x00000000                CY_APPL_ORIGIN = 0x0
                0x00000080                CY_FLASH_ROW_SIZE = 0x80
                0x00000001                CY_APPL_NUM = 0x1
                0x00000040                CY_METADATA_SIZE = 0x40
                0x200001c8                PROVIDE (__cy_heap_start, _end)
                0x00000001                PROVIDE (__cy_region_num, ((__cy_regions_end - __cy_regions) / 0x10))
                0x20001000                PROVIDE (__cy_stack, (ORIGIN (ram) + 0x1000))
                0x20000c00                PROVIDE (__cy_heap_end, (__cy_stack - 0x400))

.cybootloader   0x00000000        0x0
 *(.cybootloader)
                0x00000000                appl1_start = CY_APPL_ORIGIN?CY_APPL_ORIGIN:ALIGN (CY_FLASH_ROW_SIZE)
                0x00003f80                appl2_start = (appl1_start + ALIGN ((((0x8000 - appl1_start) - (0x2 * CY_FLASH_ROW_SIZE)) / 0x2), CY_FLASH_ROW_SIZE))
                0x00000000                appl_start = (CY_APPL_NUM == 0x1)?appl1_start:appl2_start

.text           0x00000000     0x2ce0
 CREATE_OBJECT_SYMBOLS
                0x00000000                PROVIDE (__cy_interrupt_vector, RomVectors)
 *(.romvectors)
 .romvectors    0x00000000       0x10 .\CortexM0\ARM_GCC_484\Debug\Cm0Start.o
                0x00000000                RomVectors
                0x00000001                ASSERT ((. != __cy_interrupt_vector), No interrupt vector)
                0x00000001                ASSERT (CY_APPL_ORIGIN?(SIZEOF (.cybootloader) <= CY_APPL_ORIGIN):0x1, Wrong image location)
                0x00000010                PROVIDE (__cy_reset, Reset)
 *(.text.Reset)
 .text.Reset    0x00000010        0x8 .\CortexM0\ARM_GCC_484\Debug\Cm0Start.o
                0x00000010                Reset
                0x00000001                ASSERT ((. != __cy_reset), No reset code)
 *(.psocinit)
 .psocinit      0x00000018      0x2bc .\CortexM0\ARM_GCC_484\Debug\Vinkelsensor.a(cyfitter_cfg.o)
                0x00000160                cyfitter_cfg
                0x000002d4                . = MAX (., 0x100)
 *(.text .text.* .gnu.linkonce.t.*)
 .text          0x000002d4       0x60 c:/program files (x86)/cypress/psoc creator/3.1/psoc creator/import/gnu_cs/arm/4.8.4/bin/../lib/gcc/arm-none-eabi/4.8.4/armv6-m/crtbegin.o
 .text.main     0x00000334      0x1a4 .\CortexM0\ARM_GCC_484\Debug\main.o
                0x00000334                main
 .text.setupI2CDevice
                0x000004d8       0x50 .\CortexM0\ARM_GCC_484\Debug\main.o
                0x000004d8                setupI2CDevice
 .text.readI2CReg
                0x00000528       0x68 .\CortexM0\ARM_GCC_484\Debug\main.o
                0x00000528                readI2CReg
 .text.writeI2CReg
                0x00000590       0x50 .\CortexM0\ARM_GCC_484\Debug\main.o
                0x00000590                writeI2CReg
 .text.readGyroData
                0x000005e0       0x48 .\CortexM0\ARM_GCC_484\Debug\main.o
                0x000005e0                readGyroData
 .text.readAccData
                0x00000628       0x74 .\CortexM0\ARM_GCC_484\Debug\main.o
                0x00000628                readAccData
 .text.error    0x0000069c       0x14 .\CortexM0\ARM_GCC_484\Debug\main.o
                0x0000069c                error
 .text.gyroDataReadyInterrupt
                0x000006b0       0x28 .\CortexM0\ARM_GCC_484\Debug\main.o
                0x000006b0                gyroDataReadyInterrupt
 .text.fix16abs
                0x000006d8       0x20 .\CortexM0\ARM_GCC_484\Debug\fixedMath.o
                0x000006d8                fix16abs
 .text.fix16mul
                0x000006f8       0x38 .\CortexM0\ARM_GCC_484\Debug\fixedMath.o
                0x000006f8                fix16mul
 .text.fix16div
                0x00000730       0x3c .\CortexM0\ARM_GCC_484\Debug\fixedMath.o
                0x00000730                fix16div
 .text.fix16atan2
                0x0000076c       0x98 .\CortexM0\ARM_GCC_484\Debug\fixedMath.o
                0x0000076c                fix16atan2
 .text.fix16rad2deg
                0x00000804       0x24 .\CortexM0\ARM_GCC_484\Debug\fixedMath.o
                0x00000804                fix16rad2deg
 .text.IntDefaultHandler
                0x00000828        0x8 .\CortexM0\ARM_GCC_484\Debug\Cm0Start.o
                0x00000828                IntDefaultHandler
 .text._sbrk    0x00000830       0x54 .\CortexM0\ARM_GCC_484\Debug\Cm0Start.o
                0x00000830                _sbrk
 .text.Start_c  0x00000884       0x98 .\CortexM0\ARM_GCC_484\Debug\Cm0Start.o
                0x00000884                Start_c
 .text.initialize_psoc
                0x0000091c       0x64 .\CortexM0\ARM_GCC_484\Debug\Cm0Start.o
                0x0000091c                initialize_psoc
 .text.CYMEMZERO
                0x00000980       0x20 .\CortexM0\ARM_GCC_484\Debug\Vinkelsensor.a(cyfitter_cfg.o)
 .text.cfg_write_bytes32
                0x000009a0       0x80 .\CortexM0\ARM_GCC_484\Debug\Vinkelsensor.a(cyfitter_cfg.o)
 .text.AnalogSetDefault
                0x00000a20        0x8 .\CortexM0\ARM_GCC_484\Debug\Vinkelsensor.a(cyfitter_cfg.o)
 .text.I2C_Init
                0x00000a28        0xc .\CortexM0\ARM_GCC_484\Debug\Vinkelsensor.a(I2C.o)
                0x00000a28                I2C_Init
 .text.I2C_Enable
                0x00000a34       0x20 .\CortexM0\ARM_GCC_484\Debug\Vinkelsensor.a(I2C.o)
                0x00000a34                I2C_Enable
 .text.I2C_Start
                0x00000a54       0x24 .\CortexM0\ARM_GCC_484\Debug\Vinkelsensor.a(I2C.o)
                0x00000a54                I2C_Start
 .text.I2C_ScbEnableIntr
                0x00000a78       0x10 .\CortexM0\ARM_GCC_484\Debug\Vinkelsensor.a(I2C.o)
 .text.I2C_I2CInit
                0x00000a88       0xe8 .\CortexM0\ARM_GCC_484\Debug\Vinkelsensor.a(I2C_I2C.o)
                0x00000a88                I2C_I2CInit
 .text.I2C_I2CMasterSendStart
                0x00000b70      0x110 .\CortexM0\ARM_GCC_484\Debug\Vinkelsensor.a(I2C_I2C_MASTER.o)
                0x00000b70                I2C_I2CMasterSendStart
 .text.I2C_I2CMasterSendRestart
                0x00000c80      0x108 .\CortexM0\ARM_GCC_484\Debug\Vinkelsensor.a(I2C_I2C_MASTER.o)
                0x00000c80                I2C_I2CMasterSendRestart
 .text.I2C_I2CMasterSendStop
                0x00000d88       0xbc .\CortexM0\ARM_GCC_484\Debug\Vinkelsensor.a(I2C_I2C_MASTER.o)
                0x00000d88                I2C_I2CMasterSendStop
 .text.I2C_I2CMasterWriteByte
                0x00000e44       0xcc .\CortexM0\ARM_GCC_484\Debug\Vinkelsensor.a(I2C_I2C_MASTER.o)
                0x00000e44                I2C_I2CMasterWriteByte
 .text.I2C_I2CMasterReadByte
                0x00000f10       0xa8 .\CortexM0\ARM_GCC_484\Debug\Vinkelsensor.a(I2C_I2C_MASTER.o)
                0x00000f10                I2C_I2CMasterReadByte
 .text.I2C_I2CReStartGeneration
                0x00000fb8       0xb0 .\CortexM0\ARM_GCC_484\Debug\Vinkelsensor.a(I2C_I2C_MASTER.o)
                0x00000fb8                I2C_I2CReStartGeneration
 .text.UART_Init
                0x00001068        0xc .\CortexM0\ARM_GCC_484\Debug\Vinkelsensor.a(UART.o)
                0x00001068                UART_Init
 .text.UART_Enable
                0x00001074       0x20 .\CortexM0\ARM_GCC_484\Debug\Vinkelsensor.a(UART.o)
                0x00001074                UART_Enable
 .text.UART_Start
                0x00001094       0x24 .\CortexM0\ARM_GCC_484\Debug\Vinkelsensor.a(UART.o)
                0x00001094                UART_Start
 .text.UART_ScbEnableIntr
                0x000010b8        0x8 .\CortexM0\ARM_GCC_484\Debug\Vinkelsensor.a(UART.o)
 .text.UART_UartInit
                0x000010c0       0xa8 .\CortexM0\ARM_GCC_484\Debug\Vinkelsensor.a(UART_UART.o)
                0x000010c0                UART_UartInit
 .text.UART_UartPutString
                0x00001168       0x34 .\CortexM0\ARM_GCC_484\Debug\Vinkelsensor.a(UART_UART.o)
                0x00001168                UART_UartPutString
 .text.I2C_sda_Read
                0x0000119c       0x1c .\CortexM0\ARM_GCC_484\Debug\Vinkelsensor.a(I2C_sda.o)
                0x0000119c                I2C_sda_Read
 .text.I2C_scl_Write
                0x000011b8       0x48 .\CortexM0\ARM_GCC_484\Debug\Vinkelsensor.a(I2C_scl.o)
                0x000011b8                I2C_scl_Write
 .text.I2C_scl_Read
                0x00001200       0x1c .\CortexM0\ARM_GCC_484\Debug\Vinkelsensor.a(I2C_scl.o)
                0x00001200                I2C_scl_Read
 .text.CyIntSetVector
                0x0000121c       0x4c .\CortexM0\ARM_GCC_484\Debug\Vinkelsensor.a(CyLib.o)
                0x0000121c                CyIntSetVector
 .text.CyIntSetPriority
                0x00001268       0xa8 .\CortexM0\ARM_GCC_484\Debug\Vinkelsensor.a(CyLib.o)
                0x00001268                CyIntSetPriority
 .text.CyIntEnable
                0x00001310       0x2c .\CortexM0\ARM_GCC_484\Debug\Vinkelsensor.a(CyLib.o)
                0x00001310                CyIntEnable
 .text.CyIntDisable
                0x0000133c       0x2c .\CortexM0\ARM_GCC_484\Debug\Vinkelsensor.a(CyLib.o)
                0x0000133c                CyIntDisable
 .text.CyHalt   0x00001368       0x14 .\CortexM0\ARM_GCC_484\Debug\Vinkelsensor.a(CyLib.o)
                0x00001368                CyHalt
 .text.CyDelayUs
                0x0000137c       0x28 .\CortexM0\ARM_GCC_484\Debug\Vinkelsensor.a(CyLib.o)
                0x0000137c                CyDelayUs
 .text.GYRO_DR_INT_StartEx
                0x000013a4       0x24 .\CortexM0\ARM_GCC_484\Debug\Vinkelsensor.a(GYRO_DR_INT.o)
                0x000013a4                GYRO_DR_INT_StartEx
 .text.GYRO_DR_INT_SetVector
                0x000013c8       0x18 .\CortexM0\ARM_GCC_484\Debug\Vinkelsensor.a(GYRO_DR_INT.o)
                0x000013c8                GYRO_DR_INT_SetVector
 .text.GYRO_DR_INT_SetPriority
                0x000013e0       0x50 .\CortexM0\ARM_GCC_484\Debug\Vinkelsensor.a(GYRO_DR_INT.o)
                0x000013e0                GYRO_DR_INT_SetPriority
 .text.GYRO_DR_INT_Enable
                0x00001430       0x14 .\CortexM0\ARM_GCC_484\Debug\Vinkelsensor.a(GYRO_DR_INT.o)
                0x00001430                GYRO_DR_INT_Enable
 .text.GYRO_DR_INT_Disable
                0x00001444       0x14 .\CortexM0\ARM_GCC_484\Debug\Vinkelsensor.a(GYRO_DR_INT.o)
                0x00001444                GYRO_DR_INT_Disable
 .text.DATA_TIMER_Init
                0x00001458       0x54 .\CortexM0\ARM_GCC_484\Debug\Vinkelsensor.a(DATA_TIMER.o)
                0x00001458                DATA_TIMER_Init
 .text.DATA_TIMER_Enable
                0x000014ac       0x20 .\CortexM0\ARM_GCC_484\Debug\Vinkelsensor.a(DATA_TIMER.o)
                0x000014ac                DATA_TIMER_Enable
 .text.DATA_TIMER_Start
                0x000014cc       0x24 .\CortexM0\ARM_GCC_484\Debug\Vinkelsensor.a(DATA_TIMER.o)
                0x000014cc                DATA_TIMER_Start
 .text.DATA_TIMER_SetInterruptMode
                0x000014f0       0x20 .\CortexM0\ARM_GCC_484\Debug\Vinkelsensor.a(DATA_TIMER.o)
                0x000014f0                DATA_TIMER_SetInterruptMode
 .text.DATA_TIMER_ReadStatusRegister
                0x00001510       0x14 .\CortexM0\ARM_GCC_484\Debug\Vinkelsensor.a(DATA_TIMER.o)
                0x00001510                DATA_TIMER_ReadStatusRegister
 .text.DATA_TIMER_WritePeriod
                0x00001524       0x20 .\CortexM0\ARM_GCC_484\Debug\Vinkelsensor.a(DATA_TIMER.o)
                0x00001524                DATA_TIMER_WritePeriod
 .text.DATA_TIMER_ReadCapture
                0x00001544       0x18 .\CortexM0\ARM_GCC_484\Debug\Vinkelsensor.a(DATA_TIMER.o)
                0x00001544                DATA_TIMER_ReadCapture
 .text.DATA_TIMER_WriteCounter
                0x0000155c       0x20 .\CortexM0\ARM_GCC_484\Debug\Vinkelsensor.a(DATA_TIMER.o)
                0x0000155c                DATA_TIMER_WriteCounter
 .text.DATA_TIMER_ClearFIFO
                0x0000157c       0x1c .\CortexM0\ARM_GCC_484\Debug\Vinkelsensor.a(DATA_TIMER.o)
                0x0000157c                DATA_TIMER_ClearFIFO
 .text.I2C_I2C_ISR
                0x00001598      0x4ec .\CortexM0\ARM_GCC_484\Debug\Vinkelsensor.a(I2C_I2C_INT.o)
                0x00001598                I2C_I2C_ISR
 .text.UART_SpiUartWriteTxData
                0x00001a84       0x2c .\CortexM0\ARM_GCC_484\Debug\Vinkelsensor.a(UART_SPI_UART.o)
                0x00001a84                UART_SpiUartWriteTxData
 .text          0x00001ab0       0x28 .\CortexM0\ARM_GCC_484\Debug\Vinkelsensor.a(CyBootAsmGnu.o)
                0x00001ab0                CyDelayCycles
                0x00001ac4                CyEnterCriticalSection
                0x00001acc                CyExitCriticalSection
 .text.CySetReg24
                0x00001ad8       0x34 .\CortexM0\ARM_GCC_484\Debug\Vinkelsensor.a(cyutils.o)
                0x00001ad8                CySetReg24
 .text.CyGetReg24
                0x00001b0c       0x40 .\CortexM0\ARM_GCC_484\Debug\Vinkelsensor.a(cyutils.o)
                0x00001b0c                CyGetReg24
 .text          0x00001b4c       0x9c c:/program files (x86)/cypress/psoc creator/3.1/psoc creator/import/gnu_cs/arm/4.8.4/bin/../lib/gcc/arm-none-eabi/4.8.4/armv6-m\libgcc.a(_udivsi3.o)
                0x00001b4c                __aeabi_uidiv
                0x00001b4c                __udivsi3
                0x00001bd4                __aeabi_uidivmod
 .text          0x00001be8        0x4 c:/program files (x86)/cypress/psoc creator/3.1/psoc creator/import/gnu_cs/arm/4.8.4/bin/../lib/gcc/arm-none-eabi/4.8.4/armv6-m\libgcc.a(_dvmd_tls.o)
                0x00001be8                __aeabi_idiv0
                0x00001be8                __aeabi_ldiv0
 .text          0x00001bec       0x48 c:/program files (x86)/cypress/psoc creator/3.1/psoc creator/import/gnu_cs/arm/4.8.4/bin/../lib/gcc/arm-none-eabi/4.8.4/armv6-m\libgcc.a(_aeabi_ldivmod.o)
                0x00001bec                __aeabi_ldivmod
 .text          0x00001c34       0x44 c:/program files (x86)/cypress/psoc creator/3.1/psoc creator/import/gnu_cs/arm/4.8.4/bin/../lib/gcc/arm-none-eabi/4.8.4/armv6-m\libgcc.a(_muldi3.o)
                0x00001c34                __muldi3
                0x00001c34                __aeabi_lmul
 .text          0x00001c78       0x6c c:/program files (x86)/cypress/psoc creator/3.1/psoc creator/import/gnu_cs/arm/4.8.4/bin/../lib/gcc/arm-none-eabi/4.8.4/armv6-m\libgcc.a(bpabi.o)
                0x00001c78                __gnu_ldivmod_helper
                0x00001cb0                __gnu_uldivmod_helper
 .text          0x00001ce4      0x3b8 c:/program files (x86)/cypress/psoc creator/3.1/psoc creator/import/gnu_cs/arm/4.8.4/bin/../lib/gcc/arm-none-eabi/4.8.4/armv6-m\libgcc.a(_divdi3.o)
                0x00001ce4                __divdi3
 .text          0x0000209c      0x384 c:/program files (x86)/cypress/psoc creator/3.1/psoc creator/import/gnu_cs/arm/4.8.4/bin/../lib/gcc/arm-none-eabi/4.8.4/armv6-m\libgcc.a(_udivdi3.o)
                0x0000209c                __udivdi3
 .text          0x00002420       0x3c c:/program files (x86)/cypress/psoc creator/3.1/psoc creator/import/gnu_cs/arm/4.8.4/bin/../lib/gcc/arm-none-eabi/4.8.4/armv6-m\libgcc.a(_clzsi2.o)
                0x00002420                __clzsi2
 .text.__errno  0x0000245c        0xc c:/program files (x86)/cypress/psoc creator/3.1/psoc creator/import/gnu_cs/arm/4.8.4/bin/../lib/gcc/arm-none-eabi/4.8.4/../../../../arm-none-eabi/lib/armv6-m\libg_s.a(lib_a-errno.o)
                0x0000245c                __errno
 .text.__libc_init_array
                0x00002468       0x4c c:/program files (x86)/cypress/psoc creator/3.1/psoc creator/import/gnu_cs/arm/4.8.4/bin/../lib/gcc/arm-none-eabi/4.8.4/../../../../arm-none-eabi/lib/armv6-m\libg_s.a(lib_a-init.o)
                0x00002468                __libc_init_array
 .text.memcpy   0x000024b4       0x12 c:/program files (x86)/cypress/psoc creator/3.1/psoc creator/import/gnu_cs/arm/4.8.4/bin/../lib/gcc/arm-none-eabi/4.8.4/../../../../arm-none-eabi/lib/armv6-m\libg_s.a(lib_a-memcpy-stub.o)
                0x000024b4                memcpy
 .text.memset   0x000024c6       0x10 c:/program files (x86)/cypress/psoc creator/3.1/psoc creator/import/gnu_cs/arm/4.8.4/bin/../lib/gcc/arm-none-eabi/4.8.4/../../../../arm-none-eabi/lib/armv6-m\libg_s.a(lib_a-memset.o)
                0x000024c6                memset
 *fill*         0x000024d6        0x2 
 .text.sprintf  0x000024d8       0x44 c:/program files (x86)/cypress/psoc creator/3.1/psoc creator/import/gnu_cs/arm/4.8.4/bin/../lib/gcc/arm-none-eabi/4.8.4/../../../../arm-none-eabi/lib/armv6-m\libg_s.a(lib_a-sprintf.o)
                0x000024d8                siprintf
                0x000024d8                sprintf
 .text.__ssputs_r
                0x0000251c       0xc0 c:/program files (x86)/cypress/psoc creator/3.1/psoc creator/import/gnu_cs/arm/4.8.4/bin/../lib/gcc/arm-none-eabi/4.8.4/../../../../arm-none-eabi/lib/armv6-m\libg_s.a(lib_a-svfprintf.o)
                0x0000251c                __ssputs_r
 .text._svfprintf_r
                0x000025dc      0x1e0 c:/program files (x86)/cypress/psoc creator/3.1/psoc creator/import/gnu_cs/arm/4.8.4/bin/../lib/gcc/arm-none-eabi/4.8.4/../../../../arm-none-eabi/lib/armv6-m\libg_s.a(lib_a-svfprintf.o)
                0x000025dc                _svfiprintf_r
                0x000025dc                _svfprintf_r
 .text._printf_common
                0x000027bc       0xe8 c:/program files (x86)/cypress/psoc creator/3.1/psoc creator/import/gnu_cs/arm/4.8.4/bin/../lib/gcc/arm-none-eabi/4.8.4/../../../../arm-none-eabi/lib/armv6-m\libg_s.a(lib_a-vfprintf_i.o)
                0x000027bc                _printf_common
 .text._printf_i
                0x000028a4      0x22c c:/program files (x86)/cypress/psoc creator/3.1/psoc creator/import/gnu_cs/arm/4.8.4/bin/../lib/gcc/arm-none-eabi/4.8.4/../../../../arm-none-eabi/lib/armv6-m\libg_s.a(lib_a-vfprintf_i.o)
                0x000028a4                _printf_i
 .text.memchr   0x00002ad0       0x16 c:/program files (x86)/cypress/psoc creator/3.1/psoc creator/import/gnu_cs/arm/4.8.4/bin/../lib/gcc/arm-none-eabi/4.8.4/../../../../arm-none-eabi/lib/armv6-m\libg_s.a(lib_a-memchr-stub.o)
                0x00002ad0                memchr
 .text.memmove  0x00002ae6       0x32 c:/program files (x86)/cypress/psoc creator/3.1/psoc creator/import/gnu_cs/arm/4.8.4/bin/../lib/gcc/arm-none-eabi/4.8.4/../../../../arm-none-eabi/lib/armv6-m\libg_s.a(lib_a-memmove.o)
                0x00002ae6                memmove
 .text._free_r  0x00002b18       0x90 c:/program files (x86)/cypress/psoc creator/3.1/psoc creator/import/gnu_cs/arm/4.8.4/bin/../lib/gcc/arm-none-eabi/4.8.4/../../../../arm-none-eabi/lib/armv6-m\libg_s.a(lib_a-nano-freer.o)
                0x00002b18                _free_r
 .text._malloc_r
                0x00002ba8       0xa8 c:/program files (x86)/cypress/psoc creator/3.1/psoc creator/import/gnu_cs/arm/4.8.4/bin/../lib/gcc/arm-none-eabi/4.8.4/../../../../arm-none-eabi/lib/armv6-m\libg_s.a(lib_a-nano-mallocr.o)
                0x00002ba8                _malloc_r
 .text._realloc_r
                0x00002c50       0x4c c:/program files (x86)/cypress/psoc creator/3.1/psoc creator/import/gnu_cs/arm/4.8.4/bin/../lib/gcc/arm-none-eabi/4.8.4/../../../../arm-none-eabi/lib/armv6-m\libg_s.a(lib_a-nano-reallocr.o)
                0x00002c50                _realloc_r
 .text._sbrk_r  0x00002c9c       0x24 c:/program files (x86)/cypress/psoc creator/3.1/psoc creator/import/gnu_cs/arm/4.8.4/bin/../lib/gcc/arm-none-eabi/4.8.4/../../../../arm-none-eabi/lib/armv6-m\libg_s.a(lib_a-sbrkr.o)
                0x00002c9c                _sbrk_r
 .text.strlen   0x00002cc0        0xe c:/program files (x86)/cypress/psoc creator/3.1/psoc creator/import/gnu_cs/arm/4.8.4/bin/../lib/gcc/arm-none-eabi/4.8.4/../../../../arm-none-eabi/lib/armv6-m\libg_s.a(lib_a-strlen.o)
                0x00002cc0                strlen
 .text._malloc_usable_size_r
                0x00002cce       0x12 c:/program files (x86)/cypress/psoc creator/3.1/psoc creator/import/gnu_cs/arm/4.8.4/bin/../lib/gcc/arm-none-eabi/4.8.4/../../../../arm-none-eabi/lib/armv6-m\libg_s.a(lib_a-nano-msizer.o)
                0x00002cce                _malloc_usable_size_r
 *(.plt)
 *(.gnu.warning)
 *(.glue_7t)
 .glue_7t       0x00000000        0x0 linker stubs
 *(.glue_7)
 .glue_7        0x00000000        0x0 linker stubs
 *(.vfp11_veneer)
 .vfp11_veneer  0x00000000        0x0 linker stubs
 *(.bootloader)
 *(.ARM.extab* .gnu.linkonce.armextab.*)
 *(.gcc_except_table)

.v4_bx          0x00002ce0        0x0
 .v4_bx         0x00000000        0x0 linker stubs

.iplt           0x00002ce0        0x0
 .iplt          0x00000000        0x0 c:/program files (x86)/cypress/psoc creator/3.1/psoc creator/import/gnu_cs/arm/4.8.4/bin/../lib/gcc/arm-none-eabi/4.8.4/armv6-m/crtbegin.o

.eh_frame_hdr
 *(.eh_frame_hdr)

.eh_frame       0x00002ce0        0x4
 *(.eh_frame)
 .eh_frame      0x00002ce0        0x0 c:/program files (x86)/cypress/psoc creator/3.1/psoc creator/import/gnu_cs/arm/4.8.4/bin/../lib/gcc/arm-none-eabi/4.8.4/armv6-m/crtbegin.o
 .eh_frame      0x00002ce0        0x4 c:/program files (x86)/cypress/psoc creator/3.1/psoc creator/import/gnu_cs/arm/4.8.4/bin/../lib/gcc/arm-none-eabi/4.8.4/armv6-m/crtend.o
                0x00002ce4                PROVIDE (__exidx_start, .)

.ARM.exidx      0x00002ce4        0x8
 *(.ARM.exidx* .gnu.linkonce.armexidx.*)
 .ARM.exidx     0x00002ce4        0x8 c:/program files (x86)/cypress/psoc creator/3.1/psoc creator/import/gnu_cs/arm/4.8.4/bin/../lib/gcc/arm-none-eabi/4.8.4/armv6-m\libgcc.a(_divdi3.o)
 .ARM.exidx     0x00002cec        0x0 c:/program files (x86)/cypress/psoc creator/3.1/psoc creator/import/gnu_cs/arm/4.8.4/bin/../lib/gcc/arm-none-eabi/4.8.4/armv6-m\libgcc.a(_udivdi3.o)
                                  0x8 (size before relaxing)
                0x00002cec                __exidx_end = .

.rodata         0x00002cec      0x1b4
 *(.rodata .rodata.* .gnu.linkonce.r.*)
 .rodata        0x00002cec       0x40 .\CortexM0\ARM_GCC_484\Debug\main.o
                0x00002cec                imuInitArray
 .rodata        0x00002d2c      0x108 .\CortexM0\ARM_GCC_484\Debug\Vinkelsensor.a(cyfitter_cfg.o)
 .rodata.str1.1
                0x00002e34        0x2 c:/program files (x86)/cypress/psoc creator/3.1/psoc creator/import/gnu_cs/arm/4.8.4/bin/../lib/gcc/arm-none-eabi/4.8.4/../../../../arm-none-eabi/lib/armv6-m\libg_s.a(lib_a-impure.o)
 .rodata.str1.1
                0x00002e36       0x11 c:/program files (x86)/cypress/psoc creator/3.1/psoc creator/import/gnu_cs/arm/4.8.4/bin/../lib/gcc/arm-none-eabi/4.8.4/../../../../arm-none-eabi/lib/armv6-m\libg_s.a(lib_a-svfprintf.o)
 .rodata.str1.1
                0x00002e47       0x22 c:/program files (x86)/cypress/psoc creator/3.1/psoc creator/import/gnu_cs/arm/4.8.4/bin/../lib/gcc/arm-none-eabi/4.8.4/../../../../arm-none-eabi/lib/armv6-m\libg_s.a(lib_a-vfprintf_i.o)
                0x00002e6c                . = ALIGN (0x4)
 *fill*         0x00002e69        0x3 
 *(.init)
 .init          0x00002e6c        0x4 c:/program files (x86)/cypress/psoc creator/3.1/psoc creator/import/gnu_cs/arm/4.8.4/bin/../lib/gcc/arm-none-eabi/4.8.4/armv6-m/crti.o
                0x00002e6c                _init
 .init          0x00002e70        0x8 c:/program files (x86)/cypress/psoc creator/3.1/psoc creator/import/gnu_cs/arm/4.8.4/bin/../lib/gcc/arm-none-eabi/4.8.4/armv6-m/crtn.o
                0x00002e78                . = ALIGN (0x4)
                0x00002e78                __preinit_array_start = .
 *(.preinit_array)
                0x00002e78                __preinit_array_end = .
                0x00002e78                . = ALIGN (0x4)
                0x00002e78                __init_array_start = .
 *(SORT(.init_array.*))
 *(.init_array)
 .init_array    0x00002e78        0x4 c:/program files (x86)/cypress/psoc creator/3.1/psoc creator/import/gnu_cs/arm/4.8.4/bin/../lib/gcc/arm-none-eabi/4.8.4/armv6-m/crtbegin.o
 .init_array    0x00002e7c        0x4 .\CortexM0\ARM_GCC_484\Debug\Cm0Start.o
                0x00002e80                __init_array_end = .
                0x00002e80                . = ALIGN (0x4)
 *(.fini)
 .fini          0x00002e80        0x4 c:/program files (x86)/cypress/psoc creator/3.1/psoc creator/import/gnu_cs/arm/4.8.4/bin/../lib/gcc/arm-none-eabi/4.8.4/armv6-m/crti.o
                0x00002e80                _fini
 .fini          0x00002e84        0x8 c:/program files (x86)/cypress/psoc creator/3.1/psoc creator/import/gnu_cs/arm/4.8.4/bin/../lib/gcc/arm-none-eabi/4.8.4/armv6-m/crtn.o
                0x00002e8c                . = ALIGN (0x4)
                0x00002e8c                __fini_array_start = .
 *(.fini_array)
 .fini_array    0x00002e8c        0x4 c:/program files (x86)/cypress/psoc creator/3.1/psoc creator/import/gnu_cs/arm/4.8.4/bin/../lib/gcc/arm-none-eabi/4.8.4/armv6-m/crtbegin.o
 *(SORT(.fini_array.*))
                0x00002e90                __fini_array_end = .
                0x00002e90                . = ALIGN (0x4)
 *crtbegin.o(.ctors)
 *(EXCLUDE_FILE(*crtend.o) .ctors)
 *(SORT(.ctors.*))
 *crtend.o(.ctors)
                0x00002e90                . = ALIGN (0x4)
 *crtbegin.o(.dtors)
 *(EXCLUDE_FILE(*crtend.o) .dtors)
 *(SORT(.dtors.*))
 *crtend.o(.dtors)
                0x00002e90                . = ALIGN (0x4)
                0x00002e90                __cy_regions = .
                0x00002e90        0x4 LONG 0x2ea0 __cy_region_init_ram
                0x00002e94        0x4 LONG 0x200000c8 __cy_region_start_data
                0x00002e98        0x4 LONG 0x80 __cy_region_init_size_ram
                0x00002e9c        0x4 LONG 0x80 __cy_region_zero_size_ram
                0x00002ea0                __cy_regions_end = .
                0x00002ea0                . = ALIGN (0x8)
                0x00002ea0                _etext = .

.ramvectors     0x20000000       0xc0
                0x20000000                __cy_region_start_ram = .
 *(.ramvectors)
 .ramvectors    0x20000000       0xc0 .\CortexM0\ARM_GCC_484\Debug\Cm0Start.o
                0x20000000                CyRamVectors

.noinit         0x200000c0        0x4
 *(.noinit)
 .noinit        0x200000c0        0x4 .\CortexM0\ARM_GCC_484\Debug\Cm0Start.o

.data           0x200000c8       0x80 load address 0x00002ea0
                0x200000c8                __cy_region_start_data = .
 *(.jcr)
 .jcr           0x200000c8        0x0 c:/program files (x86)/cypress/psoc creator/3.1/psoc creator/import/gnu_cs/arm/4.8.4/bin/../lib/gcc/arm-none-eabi/4.8.4/armv6-m/crtbegin.o
 .jcr           0x200000c8        0x4 c:/program files (x86)/cypress/psoc creator/3.1/psoc creator/import/gnu_cs/arm/4.8.4/bin/../lib/gcc/arm-none-eabi/4.8.4/armv6-m/crtend.o
 *(.got.plt)
 *(.got)
 *(.shdata)
 *(.data .data.* .gnu.linkonce.d.*)
 .data          0x200000cc        0x4 .\CortexM0\ARM_GCC_484\Debug\Cm0Start.o
 .data          0x200000d0        0x4 .\CortexM0\ARM_GCC_484\Debug\Vinkelsensor.a(cyfitter_cfg.o)
 .data          0x200000d4       0x10 .\CortexM0\ARM_GCC_484\Debug\Vinkelsensor.a(CyLib.o)
                0x200000d4                cydelayFreqHz
                0x200000d8                cydelayFreqKhz
                0x200000dc                cydelayFreqMhz
                0x200000e0                cydelay32kMs
 .data.impure_data
                0x200000e4       0x60 c:/program files (x86)/cypress/psoc creator/3.1/psoc creator/import/gnu_cs/arm/4.8.4/bin/../lib/gcc/arm-none-eabi/4.8.4/../../../../arm-none-eabi/lib/armv6-m\libg_s.a(lib_a-impure.o)
 .data._impure_ptr
                0x20000144        0x4 c:/program files (x86)/cypress/psoc creator/3.1/psoc creator/import/gnu_cs/arm/4.8.4/bin/../lib/gcc/arm-none-eabi/4.8.4/../../../../arm-none-eabi/lib/armv6-m\libg_s.a(lib_a-impure.o)
                0x20000144                _impure_ptr
                0x20000148                . = ALIGN (0x8)
 *(.ram)
                0x20000148                _edata = .

.igot.plt       0x20000148        0x0 load address 0x00002f20
 .igot.plt      0x00000000        0x0 c:/program files (x86)/cypress/psoc creator/3.1/psoc creator/import/gnu_cs/arm/4.8.4/bin/../lib/gcc/arm-none-eabi/4.8.4/armv6-m/crtbegin.o

.bss            0x20000148       0x80 load address 0x00002f20
                0x20000148                PROVIDE (__bss_start__, .)
 *(.shbss)
 *(.bss .bss.* .gnu.linkonce.b.*)
 .bss           0x20000148       0x1c c:/program files (x86)/cypress/psoc creator/3.1/psoc creator/import/gnu_cs/arm/4.8.4/bin/../lib/gcc/arm-none-eabi/4.8.4/armv6-m/crtbegin.o
 .bss           0x20000164       0x1c .\CortexM0\ARM_GCC_484\Debug\main.o
                0x20000164                dataReady
                0x20000168                accData
                0x20000170                gyroData
                0x20000174                gyroAng
                0x20000178                accAng
                0x2000017c                estAng
 .bss           0x20000180        0x8 .\CortexM0\ARM_GCC_484\Debug\Vinkelsensor.a(I2C.o)
                0x20000180                I2C_initVar
                0x20000184                I2C_customIntrHandler
 .bss           0x20000188        0x8 .\CortexM0\ARM_GCC_484\Debug\Vinkelsensor.a(UART.o)
                0x20000188                UART_initVar
                0x2000018c                UART_customIntrHandler
 .bss           0x20000190        0x1 .\CortexM0\ARM_GCC_484\Debug\Vinkelsensor.a(DATA_TIMER.o)
                0x20000190                DATA_TIMER_initVar
 *fill*         0x20000191        0x3 
 .bss.__malloc_sbrk_start
                0x20000194        0x4 c:/program files (x86)/cypress/psoc creator/3.1/psoc creator/import/gnu_cs/arm/4.8.4/bin/../lib/gcc/arm-none-eabi/4.8.4/../../../../arm-none-eabi/lib/armv6-m\libg_s.a(lib_a-nano-mallocr.o)
                0x20000194                __malloc_sbrk_start
 .bss.__malloc_free_list
                0x20000198        0x4 c:/program files (x86)/cypress/psoc creator/3.1/psoc creator/import/gnu_cs/arm/4.8.4/bin/../lib/gcc/arm-none-eabi/4.8.4/../../../../arm-none-eabi/lib/armv6-m\libg_s.a(lib_a-nano-mallocr.o)
                0x20000198                __malloc_free_list
 *(COMMON)
 COMMON         0x2000019c        0x1 .\CortexM0\ARM_GCC_484\Debug\Vinkelsensor.a(I2C_I2C.o)
                0x2000019c                I2C_state
 *fill*         0x2000019d        0x3 
 COMMON         0x200001a0       0x24 .\CortexM0\ARM_GCC_484\Debug\Vinkelsensor.a(I2C_I2C_MASTER.o)
                0x200001a0                I2C_mstrWrBufIndexTmp
                0x200001a4                I2C_mstrWrBufIndex
                0x200001a8                I2C_mstrWrBufSize
                0x200001ac                I2C_mstrStatus
                0x200001b0                I2C_mstrRdBufPtr
                0x200001b4                I2C_mstrControl
                0x200001b8                I2C_mstrRdBufSize
                0x200001bc                I2C_mstrRdBufIndex
                0x200001c0                I2C_mstrWrBufPtr
 COMMON         0x200001c4        0x4 c:/program files (x86)/cypress/psoc creator/3.1/psoc creator/import/gnu_cs/arm/4.8.4/bin/../lib/gcc/arm-none-eabi/4.8.4/../../../../arm-none-eabi/lib/armv6-m\libg_s.a(lib_a-reent.o)
                0x200001c4                errno
                0x200001c8                . = ALIGN (0x8)
 *(.ram.b)
                0x200001c8                _end = .
                0x200001c8                __end = .
                0x200001c8                PROVIDE (end, .)
                0x200001c8                PROVIDE (__bss_end__, .)
                0x00002ea0                __cy_region_init_ram = LOADADDR (.data)
                0x00000080                __cy_region_init_size_ram = (_edata - ADDR (.data))
                0x00000080                __cy_region_zero_size_ram = (_end - _edata)

.heap           0x200001c8      0x100 load address 0x00002f20
                0x200001c8                . = _end
                0x200002c8                . = (. + 0x100)
 *fill*         0x200001c8      0x100 
                0x200002c8                __cy_heap_limit = .

.stack          0x20000c00      0x400
                0x20000c00                __cy_stack_limit = .
                0x20001000                . = (. + 0x400)
 *fill*         0x20000c00      0x400 
                0x00000001                ASSERT ((__cy_stack_limit >= __cy_heap_limit), region RAM overflowed with stack)

.cyloadermeta
 *(.cyloadermeta)

.cyloadablemeta
 *(.cyloadablemeta)

.cyflashprotect
                0x90400000       0x20
 *(.cyflashprotect)
 .cyflashprotect
                0x90400000       0x20 .\CortexM0\ARM_GCC_484\Debug\cymetadata.o
                0x90400000                cy_meta_flashprotect

.cymeta         0x90500000        0xc
 *(.cymeta)
 .cymeta        0x90500000        0xc .\CortexM0\ARM_GCC_484\Debug\cymetadata.o
                0x90500000                cy_metadata

.cychipprotect  0x90600000        0x4
 *(.cychipprotect)
 .cychipprotect
                0x90600000        0x4 .\CortexM0\ARM_GCC_484\Debug\cymetadata.o
                0x90600000                cy_meta_chipprotect

.rel.dyn        0x00002f20        0x0 load address 0x90600004
 .rel.iplt      0x00000000        0x0 c:/program files (x86)/cypress/psoc creator/3.1/psoc creator/import/gnu_cs/arm/4.8.4/bin/../lib/gcc/arm-none-eabi/4.8.4/armv6-m/crtbegin.o

.stab
 *(.stab)

.stabstr
 *(.stabstr)

.debug
 *(.debug)

.line
 *(.line)

.debug_srcinfo
 *(.debug_srcinfo)

.debug_sfnames
 *(.debug_sfnames)

.debug_aranges  0x00000000      0x7a8
 *(.debug_aranges)
 .debug_aranges
                0x00000000       0x58 .\CortexM0\ARM_GCC_484\Debug\main.o
 .debug_aranges
                0x00000058       0x40 .\CortexM0\ARM_GCC_484\Debug\fixedMath.o
 .debug_aranges
                0x00000098       0x18 .\CortexM0\ARM_GCC_484\Debug\cymetadata.o
 .debug_aranges
                0x000000b0       0x48 .\CortexM0\ARM_GCC_484\Debug\Cm0Start.o
 .debug_aranges
                0x000000f8       0x58 .\CortexM0\ARM_GCC_484\Debug\Vinkelsensor.a(cyfitter_cfg.o)
 .debug_aranges
                0x00000150       0x68 .\CortexM0\ARM_GCC_484\Debug\Vinkelsensor.a(I2C.o)
 .debug_aranges
                0x000001b8       0x28 .\CortexM0\ARM_GCC_484\Debug\Vinkelsensor.a(I2C_I2C.o)
 .debug_aranges
                0x000001e0       0x88 .\CortexM0\ARM_GCC_484\Debug\Vinkelsensor.a(I2C_I2C_MASTER.o)
 .debug_aranges
                0x00000268       0x68 .\CortexM0\ARM_GCC_484\Debug\Vinkelsensor.a(UART.o)
 .debug_aranges
                0x000002d0       0x50 .\CortexM0\ARM_GCC_484\Debug\Vinkelsensor.a(UART_UART.o)
 .debug_aranges
                0x00000320       0x40 .\CortexM0\ARM_GCC_484\Debug\Vinkelsensor.a(I2C_sda.o)
 .debug_aranges
                0x00000360       0x40 .\CortexM0\ARM_GCC_484\Debug\Vinkelsensor.a(I2C_scl.o)
 .debug_aranges
                0x000003a0      0x230 .\CortexM0\ARM_GCC_484\Debug\Vinkelsensor.a(CyLib.o)
 .debug_aranges
                0x000005d0       0x80 .\CortexM0\ARM_GCC_484\Debug\Vinkelsensor.a(GYRO_DR_INT.o)
 .debug_aranges
                0x00000650       0x90 .\CortexM0\ARM_GCC_484\Debug\Vinkelsensor.a(DATA_TIMER.o)
 .debug_aranges
                0x000006e0       0x20 .\CortexM0\ARM_GCC_484\Debug\Vinkelsensor.a(I2C_I2C_INT.o)
 .debug_aranges
                0x00000700       0x60 .\CortexM0\ARM_GCC_484\Debug\Vinkelsensor.a(UART_SPI_UART.o)
 .debug_aranges
                0x00000760       0x20 .\CortexM0\ARM_GCC_484\Debug\Vinkelsensor.a(CyBootAsmGnu.o)
 .debug_aranges
                0x00000780       0x28 .\CortexM0\ARM_GCC_484\Debug\Vinkelsensor.a(cyutils.o)

.debug_pubnames
 *(.debug_pubnames)

.debug_info     0x00000000     0x3268
 *(.debug_info .gnu.linkonce.wi.*)
 .debug_info    0x00000000      0x3c1 .\CortexM0\ARM_GCC_484\Debug\main.o
 .debug_info    0x000003c1      0x1eb .\CortexM0\ARM_GCC_484\Debug\fixedMath.o
 .debug_info    0x000005ac       0xfd .\CortexM0\ARM_GCC_484\Debug\cymetadata.o
 .debug_info    0x000006a9      0x2ff .\CortexM0\ARM_GCC_484\Debug\Cm0Start.o
 .debug_info    0x000009a8      0x442 .\CortexM0\ARM_GCC_484\Debug\Vinkelsensor.a(cyfitter_cfg.o)
 .debug_info    0x00000dea      0x1eb .\CortexM0\ARM_GCC_484\Debug\Vinkelsensor.a(I2C.o)
 .debug_info    0x00000fd5      0x119 .\CortexM0\ARM_GCC_484\Debug\Vinkelsensor.a(I2C_I2C.o)
 .debug_info    0x000010ee      0x466 .\CortexM0\ARM_GCC_484\Debug\Vinkelsensor.a(I2C_I2C_MASTER.o)
 .debug_info    0x00001554      0x1eb .\CortexM0\ARM_GCC_484\Debug\Vinkelsensor.a(UART.o)
 .debug_info    0x0000173f      0x1fe .\CortexM0\ARM_GCC_484\Debug\Vinkelsensor.a(UART_UART.o)
 .debug_info    0x0000193d      0x14c .\CortexM0\ARM_GCC_484\Debug\Vinkelsensor.a(I2C_sda.o)
 .debug_info    0x00001a89      0x14c .\CortexM0\ARM_GCC_484\Debug\Vinkelsensor.a(I2C_scl.o)
 .debug_info    0x00001bd5      0xc5b .\CortexM0\ARM_GCC_484\Debug\Vinkelsensor.a(CyLib.o)
 .debug_info    0x00002830      0x244 .\CortexM0\ARM_GCC_484\Debug\Vinkelsensor.a(GYRO_DR_INT.o)
 .debug_info    0x00002a74      0x252 .\CortexM0\ARM_GCC_484\Debug\Vinkelsensor.a(DATA_TIMER.o)
 .debug_info    0x00002cc6      0x188 .\CortexM0\ARM_GCC_484\Debug\Vinkelsensor.a(I2C_I2C_INT.o)
 .debug_info    0x00002e4e      0x20d .\CortexM0\ARM_GCC_484\Debug\Vinkelsensor.a(UART_SPI_UART.o)
 .debug_info    0x0000305b       0xc6 .\CortexM0\ARM_GCC_484\Debug\Vinkelsensor.a(CyBootAsmGnu.o)
 .debug_info    0x00003121      0x147 .\CortexM0\ARM_GCC_484\Debug\Vinkelsensor.a(cyutils.o)

.debug_abbrev   0x00000000     0x13c9
 *(.debug_abbrev)
 .debug_abbrev  0x00000000      0x12b .\CortexM0\ARM_GCC_484\Debug\main.o
 .debug_abbrev  0x0000012b       0xd9 .\CortexM0\ARM_GCC_484\Debug\fixedMath.o
 .debug_abbrev  0x00000204       0x5d .\CortexM0\ARM_GCC_484\Debug\cymetadata.o
 .debug_abbrev  0x00000261      0x1b4 .\CortexM0\ARM_GCC_484\Debug\Cm0Start.o
 .debug_abbrev  0x00000415      0x18a .\CortexM0\ARM_GCC_484\Debug\Vinkelsensor.a(cyfitter_cfg.o)
 .debug_abbrev  0x0000059f      0x122 .\CortexM0\ARM_GCC_484\Debug\Vinkelsensor.a(I2C.o)
 .debug_abbrev  0x000006c1       0x9d .\CortexM0\ARM_GCC_484\Debug\Vinkelsensor.a(I2C_I2C.o)
 .debug_abbrev  0x0000075e      0x161 .\CortexM0\ARM_GCC_484\Debug\Vinkelsensor.a(I2C_I2C_MASTER.o)
 .debug_abbrev  0x000008bf      0x122 .\CortexM0\ARM_GCC_484\Debug\Vinkelsensor.a(UART.o)
 .debug_abbrev  0x000009e1       0xf9 .\CortexM0\ARM_GCC_484\Debug\Vinkelsensor.a(UART_UART.o)
 .debug_abbrev  0x00000ada       0xb7 .\CortexM0\ARM_GCC_484\Debug\Vinkelsensor.a(I2C_sda.o)
 .debug_abbrev  0x00000b91       0xb7 .\CortexM0\ARM_GCC_484\Debug\Vinkelsensor.a(I2C_scl.o)
 .debug_abbrev  0x00000c48      0x207 .\CortexM0\ARM_GCC_484\Debug\Vinkelsensor.a(CyLib.o)
 .debug_abbrev  0x00000e4f      0x177 .\CortexM0\ARM_GCC_484\Debug\Vinkelsensor.a(GYRO_DR_INT.o)
 .debug_abbrev  0x00000fc6      0x15c .\CortexM0\ARM_GCC_484\Debug\Vinkelsensor.a(DATA_TIMER.o)
 .debug_abbrev  0x00001122       0x95 .\CortexM0\ARM_GCC_484\Debug\Vinkelsensor.a(I2C_I2C_INT.o)
 .debug_abbrev  0x000011b7      0x15c .\CortexM0\ARM_GCC_484\Debug\Vinkelsensor.a(UART_SPI_UART.o)
 .debug_abbrev  0x00001313       0x14 .\CortexM0\ARM_GCC_484\Debug\Vinkelsensor.a(CyBootAsmGnu.o)
 .debug_abbrev  0x00001327       0xa2 .\CortexM0\ARM_GCC_484\Debug\Vinkelsensor.a(cyutils.o)

.debug_line     0x00000000     0x1d06
 *(.debug_line)
 .debug_line    0x00000000      0x254 .\CortexM0\ARM_GCC_484\Debug\main.o
 .debug_line    0x00000254      0x1aa .\CortexM0\ARM_GCC_484\Debug\fixedMath.o
 .debug_line    0x000003fe       0x53 .\CortexM0\ARM_GCC_484\Debug\cymetadata.o
 .debug_line    0x00000451      0x1bb .\CortexM0\ARM_GCC_484\Debug\Cm0Start.o
 .debug_line    0x0000060c      0x1b2 .\CortexM0\ARM_GCC_484\Debug\Vinkelsensor.a(cyfitter_cfg.o)
 .debug_line    0x000007be      0x126 .\CortexM0\ARM_GCC_484\Debug\Vinkelsensor.a(I2C.o)
 .debug_line    0x000008e4       0x9d .\CortexM0\ARM_GCC_484\Debug\Vinkelsensor.a(I2C_I2C.o)
 .debug_line    0x00000981      0x2a4 .\CortexM0\ARM_GCC_484\Debug\Vinkelsensor.a(I2C_I2C_MASTER.o)
 .debug_line    0x00000c25      0x11f .\CortexM0\ARM_GCC_484\Debug\Vinkelsensor.a(UART.o)
 .debug_line    0x00000d44      0x101 .\CortexM0\ARM_GCC_484\Debug\Vinkelsensor.a(UART_UART.o)
 .debug_line    0x00000e45       0xad .\CortexM0\ARM_GCC_484\Debug\Vinkelsensor.a(I2C_sda.o)
 .debug_line    0x00000ef2       0xad .\CortexM0\ARM_GCC_484\Debug\Vinkelsensor.a(I2C_scl.o)
 .debug_line    0x00000f9f      0x703 .\CortexM0\ARM_GCC_484\Debug\Vinkelsensor.a(CyLib.o)
 .debug_line    0x000016a2      0x14a .\CortexM0\ARM_GCC_484\Debug\Vinkelsensor.a(GYRO_DR_INT.o)
 .debug_line    0x000017ec      0x179 .\CortexM0\ARM_GCC_484\Debug\Vinkelsensor.a(DATA_TIMER.o)
 .debug_line    0x00001965      0x199 .\CortexM0\ARM_GCC_484\Debug\Vinkelsensor.a(I2C_I2C_INT.o)
 .debug_line    0x00001afe      0x125 .\CortexM0\ARM_GCC_484\Debug\Vinkelsensor.a(UART_SPI_UART.o)
 .debug_line    0x00001c23       0x69 .\CortexM0\ARM_GCC_484\Debug\Vinkelsensor.a(CyBootAsmGnu.o)
 .debug_line    0x00001c8c       0x7a .\CortexM0\ARM_GCC_484\Debug\Vinkelsensor.a(cyutils.o)

.debug_frame    0x00000000     0x1c24
 *(.debug_frame)
 .debug_frame   0x00000000      0x118 .\CortexM0\ARM_GCC_484\Debug\main.o
 .debug_frame   0x00000118       0xc0 .\CortexM0\ARM_GCC_484\Debug\fixedMath.o
 .debug_frame   0x000001d8       0xc8 .\CortexM0\ARM_GCC_484\Debug\Cm0Start.o
 .debug_frame   0x000002a0      0x108 .\CortexM0\ARM_GCC_484\Debug\Vinkelsensor.a(cyfitter_cfg.o)
 .debug_frame   0x000003a8      0x134 .\CortexM0\ARM_GCC_484\Debug\Vinkelsensor.a(I2C.o)
 .debug_frame   0x000004dc       0x48 .\CortexM0\ARM_GCC_484\Debug\Vinkelsensor.a(I2C_I2C.o)
 .debug_frame   0x00000524      0x1c0 .\CortexM0\ARM_GCC_484\Debug\Vinkelsensor.a(I2C_I2C_MASTER.o)
 .debug_frame   0x000006e4      0x134 .\CortexM0\ARM_GCC_484\Debug\Vinkelsensor.a(UART.o)
 .debug_frame   0x00000818       0xec .\CortexM0\ARM_GCC_484\Debug\Vinkelsensor.a(UART_UART.o)
 .debug_frame   0x00000904       0xa8 .\CortexM0\ARM_GCC_484\Debug\Vinkelsensor.a(I2C_sda.o)
 .debug_frame   0x000009ac       0xa8 .\CortexM0\ARM_GCC_484\Debug\Vinkelsensor.a(I2C_scl.o)
 .debug_frame   0x00000a54      0x83c .\CortexM0\ARM_GCC_484\Debug\Vinkelsensor.a(CyLib.o)
 .debug_frame   0x00001290      0x190 .\CortexM0\ARM_GCC_484\Debug\Vinkelsensor.a(GYRO_DR_INT.o)
 .debug_frame   0x00001420      0x1cc .\CortexM0\ARM_GCC_484\Debug\Vinkelsensor.a(DATA_TIMER.o)
 .debug_frame   0x000015ec       0x30 .\CortexM0\ARM_GCC_484\Debug\Vinkelsensor.a(I2C_I2C_INT.o)
 .debug_frame   0x0000161c      0x128 .\CortexM0\ARM_GCC_484\Debug\Vinkelsensor.a(UART_SPI_UART.o)
 .debug_frame   0x00001744       0x50 .\CortexM0\ARM_GCC_484\Debug\Vinkelsensor.a(cyutils.o)
 .debug_frame   0x00001794       0x20 c:/program files (x86)/cypress/psoc creator/3.1/psoc creator/import/gnu_cs/arm/4.8.4/bin/../lib/gcc/arm-none-eabi/4.8.4/armv6-m\libgcc.a(_udivsi3.o)
 .debug_frame   0x000017b4       0x20 c:/program files (x86)/cypress/psoc creator/3.1/psoc creator/import/gnu_cs/arm/4.8.4/bin/../lib/gcc/arm-none-eabi/4.8.4/armv6-m\libgcc.a(_divsi3.o)
 .debug_frame   0x000017d4       0x30 c:/program files (x86)/cypress/psoc creator/3.1/psoc creator/import/gnu_cs/arm/4.8.4/bin/../lib/gcc/arm-none-eabi/4.8.4/armv6-m\libgcc.a(_muldi3.o)
 .debug_frame   0x00001804       0x50 c:/program files (x86)/cypress/psoc creator/3.1/psoc creator/import/gnu_cs/arm/4.8.4/bin/../lib/gcc/arm-none-eabi/4.8.4/armv6-m\libgcc.a(bpabi.o)
 .debug_frame   0x00001854       0x3c c:/program files (x86)/cypress/psoc creator/3.1/psoc creator/import/gnu_cs/arm/4.8.4/bin/../lib/gcc/arm-none-eabi/4.8.4/armv6-m\libgcc.a(_divdi3.o)
 .debug_frame   0x00001890       0x3c c:/program files (x86)/cypress/psoc creator/3.1/psoc creator/import/gnu_cs/arm/4.8.4/bin/../lib/gcc/arm-none-eabi/4.8.4/armv6-m\libgcc.a(_udivdi3.o)
 .debug_frame   0x000018cc       0x20 c:/program files (x86)/cypress/psoc creator/3.1/psoc creator/import/gnu_cs/arm/4.8.4/bin/../lib/gcc/arm-none-eabi/4.8.4/../../../../arm-none-eabi/lib/armv6-m\libg_s.a(lib_a-errno.o)
 .debug_frame   0x000018ec       0x28 c:/program files (x86)/cypress/psoc creator/3.1/psoc creator/import/gnu_cs/arm/4.8.4/bin/../lib/gcc/arm-none-eabi/4.8.4/../../../../arm-none-eabi/lib/armv6-m\libg_s.a(lib_a-exit.o)
 .debug_frame   0x00001914       0x2c c:/program files (x86)/cypress/psoc creator/3.1/psoc creator/import/gnu_cs/arm/4.8.4/bin/../lib/gcc/arm-none-eabi/4.8.4/../../../../arm-none-eabi/lib/armv6-m\libg_s.a(lib_a-init.o)
 .debug_frame   0x00001940       0x28 c:/program files (x86)/cypress/psoc creator/3.1/psoc creator/import/gnu_cs/arm/4.8.4/bin/../lib/gcc/arm-none-eabi/4.8.4/../../../../arm-none-eabi/lib/armv6-m\libg_s.a(lib_a-memcpy-stub.o)
 .debug_frame   0x00001968       0x20 c:/program files (x86)/cypress/psoc creator/3.1/psoc creator/import/gnu_cs/arm/4.8.4/bin/../lib/gcc/arm-none-eabi/4.8.4/../../../../arm-none-eabi/lib/armv6-m\libg_s.a(lib_a-memset.o)
 .debug_frame   0x00001988       0x4c c:/program files (x86)/cypress/psoc creator/3.1/psoc creator/import/gnu_cs/arm/4.8.4/bin/../lib/gcc/arm-none-eabi/4.8.4/../../../../arm-none-eabi/lib/armv6-m\libg_s.a(lib_a-sprintf.o)
 .debug_frame   0x000019d4       0x74 c:/program files (x86)/cypress/psoc creator/3.1/psoc creator/import/gnu_cs/arm/4.8.4/bin/../lib/gcc/arm-none-eabi/4.8.4/../../../../arm-none-eabi/lib/armv6-m\libg_s.a(lib_a-svfprintf.o)
 .debug_frame   0x00001a48       0x54 c:/program files (x86)/cypress/psoc creator/3.1/psoc creator/import/gnu_cs/arm/4.8.4/bin/../lib/gcc/arm-none-eabi/4.8.4/../../../../arm-none-eabi/lib/armv6-m\libg_s.a(lib_a-vfprintf_i.o)
 .debug_frame   0x00001a9c       0x20 c:/program files (x86)/cypress/psoc creator/3.1/psoc creator/import/gnu_cs/arm/4.8.4/bin/../lib/gcc/arm-none-eabi/4.8.4/../../../../arm-none-eabi/lib/armv6-m\libg_s.a(lib_a-memchr-stub.o)
 .debug_frame   0x00001abc       0x2c c:/program files (x86)/cypress/psoc creator/3.1/psoc creator/import/gnu_cs/arm/4.8.4/bin/../lib/gcc/arm-none-eabi/4.8.4/../../../../arm-none-eabi/lib/armv6-m\libg_s.a(lib_a-memmove.o)
 .debug_frame   0x00001ae8       0x2c c:/program files (x86)/cypress/psoc creator/3.1/psoc creator/import/gnu_cs/arm/4.8.4/bin/../lib/gcc/arm-none-eabi/4.8.4/../../../../arm-none-eabi/lib/armv6-m\libg_s.a(lib_a-nano-freer.o)
 .debug_frame   0x00001b14       0x2c c:/program files (x86)/cypress/psoc creator/3.1/psoc creator/import/gnu_cs/arm/4.8.4/bin/../lib/gcc/arm-none-eabi/4.8.4/../../../../arm-none-eabi/lib/armv6-m\libg_s.a(lib_a-nano-mallocr.o)
 .debug_frame   0x00001b40       0x30 c:/program files (x86)/cypress/psoc creator/3.1/psoc creator/import/gnu_cs/arm/4.8.4/bin/../lib/gcc/arm-none-eabi/4.8.4/../../../../arm-none-eabi/lib/armv6-m\libg_s.a(lib_a-nano-reallocr.o)
 .debug_frame   0x00001b70       0x2c c:/program files (x86)/cypress/psoc creator/3.1/psoc creator/import/gnu_cs/arm/4.8.4/bin/../lib/gcc/arm-none-eabi/4.8.4/../../../../arm-none-eabi/lib/armv6-m\libg_s.a(lib_a-sbrkr.o)
 .debug_frame   0x00001b9c       0x20 c:/program files (x86)/cypress/psoc creator/3.1/psoc creator/import/gnu_cs/arm/4.8.4/bin/../lib/gcc/arm-none-eabi/4.8.4/../../../../arm-none-eabi/lib/armv6-m\libg_s.a(lib_a-strlen.o)
 .debug_frame   0x00001bbc       0x20 c:/program files (x86)/cypress/psoc creator/3.1/psoc creator/import/gnu_cs/arm/4.8.4/bin/../lib/gcc/arm-none-eabi/4.8.4/../../../../arm-none-eabi/lib/armv6-m\libg_s.a(lib_a-nano-msizer.o)
 .debug_frame   0x00001bdc       0x48 c:/program files (x86)/cypress/psoc creator/3.1/psoc creator/import/gnu_cs/arm/4.8.4/bin/../lib/gcc/arm-none-eabi/4.8.4/../../../../arm-none-eabi/lib/armv6-m\libg_s.a(lib_a-reent.o)

.debug_str      0x00000000     0x1899
 *(.debug_str)
 .debug_str     0x00000000      0x27d .\CortexM0\ARM_GCC_484\Debug\main.o
                                0x2d4 (size before relaxing)
 .debug_str     0x0000027d       0x5e .\CortexM0\ARM_GCC_484\Debug\fixedMath.o
                                0x211 (size before relaxing)
 .debug_str     0x000002db       0x5b .\CortexM0\ARM_GCC_484\Debug\cymetadata.o
                                0x1f2 (size before relaxing)
 .debug_str     0x00000336      0x12f .\CortexM0\ARM_GCC_484\Debug\Cm0Start.o
                                0x2e0 (size before relaxing)
 .debug_str     0x00000465      0x1a0 .\CortexM0\ARM_GCC_484\Debug\Vinkelsensor.a(cyfitter_cfg.o)
                                0x37a (size before relaxing)
 .debug_str     0x00000605      0x10a .\CortexM0\ARM_GCC_484\Debug\Vinkelsensor.a(I2C.o)
                                0x2bb (size before relaxing)
 .debug_str     0x0000070f       0x7a .\CortexM0\ARM_GCC_484\Debug\Vinkelsensor.a(I2C_I2C.o)
                                0x225 (size before relaxing)
 .debug_str     0x00000789      0x231 .\CortexM0\ARM_GCC_484\Debug\Vinkelsensor.a(I2C_I2C_MASTER.o)
                                0x422 (size before relaxing)
 .debug_str     0x000009ba       0xf6 .\CortexM0\ARM_GCC_484\Debug\Vinkelsensor.a(UART.o)
                                0x2c8 (size before relaxing)
 .debug_str     0x00000ab0       0xfe .\CortexM0\ARM_GCC_484\Debug\Vinkelsensor.a(UART_UART.o)
                                0x2a4 (size before relaxing)
 .debug_str     0x00000bae       0x91 .\CortexM0\ARM_GCC_484\Debug\Vinkelsensor.a(I2C_sda.o)
                                0x237 (size before relaxing)
 .debug_str     0x00000c3f       0x7e .\CortexM0\ARM_GCC_484\Debug\Vinkelsensor.a(I2C_scl.o)
                                0x237 (size before relaxing)
 .debug_str     0x00000cbd      0x70e .\CortexM0\ARM_GCC_484\Debug\Vinkelsensor.a(CyLib.o)
                                0x8f9 (size before relaxing)
 .debug_str     0x000013cb      0x14b .\CortexM0\ARM_GCC_484\Debug\Vinkelsensor.a(GYRO_DR_INT.o)
                                0x329 (size before relaxing)
 .debug_str     0x00001516      0x1d7 .\CortexM0\ARM_GCC_484\Debug\Vinkelsensor.a(DATA_TIMER.o)
                                0x380 (size before relaxing)
 .debug_str     0x000016ed       0x49 .\CortexM0\ARM_GCC_484\Debug\Vinkelsensor.a(I2C_I2C_INT.o)
                                0x2c2 (size before relaxing)
 .debug_str     0x00001736      0x122 .\CortexM0\ARM_GCC_484\Debug\Vinkelsensor.a(UART_SPI_UART.o)
                                0x2e6 (size before relaxing)
 .debug_str     0x00001858       0x41 .\CortexM0\ARM_GCC_484\Debug\Vinkelsensor.a(cyutils.o)
                                0x1e1 (size before relaxing)

.debug_loc
 *(.debug_loc)

.debug_macinfo
 *(.debug_macinfo)

.debug_ranges   0x00000000      0x660
 *(.debug_ranges)
 .debug_ranges  0x00000000       0x48 .\CortexM0\ARM_GCC_484\Debug\main.o
 .debug_ranges  0x00000048       0x30 .\CortexM0\ARM_GCC_484\Debug\fixedMath.o
 .debug_ranges  0x00000078       0x38 .\CortexM0\ARM_GCC_484\Debug\Cm0Start.o
 .debug_ranges  0x000000b0       0x48 .\CortexM0\ARM_GCC_484\Debug\Vinkelsensor.a(cyfitter_cfg.o)
 .debug_ranges  0x000000f8       0x58 .\CortexM0\ARM_GCC_484\Debug\Vinkelsensor.a(I2C.o)
 .debug_ranges  0x00000150       0x18 .\CortexM0\ARM_GCC_484\Debug\Vinkelsensor.a(I2C_I2C.o)
 .debug_ranges  0x00000168       0x78 .\CortexM0\ARM_GCC_484\Debug\Vinkelsensor.a(I2C_I2C_MASTER.o)
 .debug_ranges  0x000001e0       0x58 .\CortexM0\ARM_GCC_484\Debug\Vinkelsensor.a(UART.o)
 .debug_ranges  0x00000238       0x40 .\CortexM0\ARM_GCC_484\Debug\Vinkelsensor.a(UART_UART.o)
 .debug_ranges  0x00000278       0x30 .\CortexM0\ARM_GCC_484\Debug\Vinkelsensor.a(I2C_sda.o)
 .debug_ranges  0x000002a8       0x30 .\CortexM0\ARM_GCC_484\Debug\Vinkelsensor.a(I2C_scl.o)
 .debug_ranges  0x000002d8      0x220 .\CortexM0\ARM_GCC_484\Debug\Vinkelsensor.a(CyLib.o)
 .debug_ranges  0x000004f8       0x70 .\CortexM0\ARM_GCC_484\Debug\Vinkelsensor.a(GYRO_DR_INT.o)
 .debug_ranges  0x00000568       0x80 .\CortexM0\ARM_GCC_484\Debug\Vinkelsensor.a(DATA_TIMER.o)
 .debug_ranges  0x000005e8       0x10 .\CortexM0\ARM_GCC_484\Debug\Vinkelsensor.a(I2C_I2C_INT.o)
 .debug_ranges  0x000005f8       0x50 .\CortexM0\ARM_GCC_484\Debug\Vinkelsensor.a(UART_SPI_UART.o)
 .debug_ranges  0x00000648       0x18 .\CortexM0\ARM_GCC_484\Debug\Vinkelsensor.a(cyutils.o)

.comment        0x00000000       0x70
 .comment       0x00000000       0x70 .\CortexM0\ARM_GCC_484\Debug\main.o
                                 0x71 (size before relaxing)
 .comment       0x00000000       0x71 .\CortexM0\ARM_GCC_484\Debug\fixedMath.o
 .comment       0x00000000       0x71 .\CortexM0\ARM_GCC_484\Debug\cymetadata.o
 .comment       0x00000000       0x71 .\CortexM0\ARM_GCC_484\Debug\Cm0Start.o
 .comment       0x00000000       0x71 .\CortexM0\ARM_GCC_484\Debug\Vinkelsensor.a(cyfitter_cfg.o)
 .comment       0x00000000       0x71 .\CortexM0\ARM_GCC_484\Debug\Vinkelsensor.a(I2C.o)
 .comment       0x00000000       0x71 .\CortexM0\ARM_GCC_484\Debug\Vinkelsensor.a(I2C_I2C.o)
 .comment       0x00000000       0x71 .\CortexM0\ARM_GCC_484\Debug\Vinkelsensor.a(I2C_I2C_MASTER.o)
 .comment       0x00000000       0x71 .\CortexM0\ARM_GCC_484\Debug\Vinkelsensor.a(UART.o)
 .comment       0x00000000       0x71 .\CortexM0\ARM_GCC_484\Debug\Vinkelsensor.a(UART_UART.o)
 .comment       0x00000000       0x71 .\CortexM0\ARM_GCC_484\Debug\Vinkelsensor.a(I2C_sda.o)
 .comment       0x00000000       0x71 .\CortexM0\ARM_GCC_484\Debug\Vinkelsensor.a(I2C_scl.o)
 .comment       0x00000000       0x71 .\CortexM0\ARM_GCC_484\Debug\Vinkelsensor.a(CyLib.o)
 .comment       0x00000000       0x71 .\CortexM0\ARM_GCC_484\Debug\Vinkelsensor.a(GYRO_DR_INT.o)
 .comment       0x00000000       0x71 .\CortexM0\ARM_GCC_484\Debug\Vinkelsensor.a(DATA_TIMER.o)
 .comment       0x00000000       0x71 .\CortexM0\ARM_GCC_484\Debug\Vinkelsensor.a(I2C_I2C_INT.o)
 .comment       0x00000000       0x71 .\CortexM0\ARM_GCC_484\Debug\Vinkelsensor.a(UART_SPI_UART.o)
 .comment       0x00000000       0x71 .\CortexM0\ARM_GCC_484\Debug\Vinkelsensor.a(cyutils.o)

.debug_weaknames
 *(.debug_weaknames)

.debug_funcnames
 *(.debug_funcnames)

.debug_typenames
 *(.debug_typenames)

.debug_varnames
 *(.debug_varnames)

.note.gnu.arm.ident
 *(.note.gnu.arm.ident)

.ARM.attributes
                0x00000000       0x28
 *(.ARM.attributes)
 .ARM.attributes
                0x00000000       0x1e c:/program files (x86)/cypress/psoc creator/3.1/psoc creator/import/gnu_cs/arm/4.8.4/bin/../lib/gcc/arm-none-eabi/4.8.4/armv6-m/crti.o
 .ARM.attributes
                0x0000001e       0x2c c:/program files (x86)/cypress/psoc creator/3.1/psoc creator/import/gnu_cs/arm/4.8.4/bin/../lib/gcc/arm-none-eabi/4.8.4/armv6-m/crtbegin.o
 .ARM.attributes
                0x0000004a       0x1b c:/program files (x86)/cypress/psoc creator/3.1/psoc creator/import/gnu_cs/arm/4.8.4/bin/../lib/gcc/arm-none-eabi/4.8.4/../../../../arm-none-eabi/lib/armv6-m/crt0.o
 .ARM.attributes
                0x00000065       0x31 .\CortexM0\ARM_GCC_484\Debug\main.o
 .ARM.attributes
                0x00000096       0x31 .\CortexM0\ARM_GCC_484\Debug\fixedMath.o
 .ARM.attributes
                0x000000c7       0x31 .\CortexM0\ARM_GCC_484\Debug\cymetadata.o
 .ARM.attributes
                0x000000f8       0x31 .\CortexM0\ARM_GCC_484\Debug\Cm0Start.o
 .ARM.attributes
                0x00000129       0x31 .\CortexM0\ARM_GCC_484\Debug\Vinkelsensor.a(cyfitter_cfg.o)
 .ARM.attributes
                0x0000015a       0x31 .\CortexM0\ARM_GCC_484\Debug\Vinkelsensor.a(I2C.o)
 .ARM.attributes
                0x0000018b       0x31 .\CortexM0\ARM_GCC_484\Debug\Vinkelsensor.a(I2C_I2C.o)
 .ARM.attributes
                0x000001bc       0x31 .\CortexM0\ARM_GCC_484\Debug\Vinkelsensor.a(I2C_I2C_MASTER.o)
 .ARM.attributes
                0x000001ed       0x31 .\CortexM0\ARM_GCC_484\Debug\Vinkelsensor.a(UART.o)
 .ARM.attributes
                0x0000021e       0x31 .\CortexM0\ARM_GCC_484\Debug\Vinkelsensor.a(UART_UART.o)
 .ARM.attributes
                0x0000024f       0x31 .\CortexM0\ARM_GCC_484\Debug\Vinkelsensor.a(I2C_sda.o)
 .ARM.attributes
                0x00000280       0x31 .\CortexM0\ARM_GCC_484\Debug\Vinkelsensor.a(I2C_scl.o)
 .ARM.attributes
                0x000002b1       0x31 .\CortexM0\ARM_GCC_484\Debug\Vinkelsensor.a(CyLib.o)
 .ARM.attributes
                0x000002e2       0x31 .\CortexM0\ARM_GCC_484\Debug\Vinkelsensor.a(GYRO_DR_INT.o)
 .ARM.attributes
                0x00000313       0x31 .\CortexM0\ARM_GCC_484\Debug\Vinkelsensor.a(DATA_TIMER.o)
 .ARM.attributes
                0x00000344       0x31 .\CortexM0\ARM_GCC_484\Debug\Vinkelsensor.a(I2C_I2C_INT.o)
 .ARM.attributes
                0x00000375       0x31 .\CortexM0\ARM_GCC_484\Debug\Vinkelsensor.a(UART_SPI_UART.o)
 .ARM.attributes
                0x000003a6       0x21 .\CortexM0\ARM_GCC_484\Debug\Vinkelsensor.a(CyBootAsmGnu.o)
 .ARM.attributes
                0x000003c7       0x31 .\CortexM0\ARM_GCC_484\Debug\Vinkelsensor.a(cyutils.o)
 .ARM.attributes
                0x000003f8       0x1e c:/program files (x86)/cypress/psoc creator/3.1/psoc creator/import/gnu_cs/arm/4.8.4/bin/../lib/gcc/arm-none-eabi/4.8.4/armv6-m\libgcc.a(_udivsi3.o)
 .ARM.attributes
                0x00000416       0x1e c:/program files (x86)/cypress/psoc creator/3.1/psoc creator/import/gnu_cs/arm/4.8.4/bin/../lib/gcc/arm-none-eabi/4.8.4/armv6-m\libgcc.a(_divsi3.o)
 .ARM.attributes
                0x00000434       0x1e c:/program files (x86)/cypress/psoc creator/3.1/psoc creator/import/gnu_cs/arm/4.8.4/bin/../lib/gcc/arm-none-eabi/4.8.4/armv6-m\libgcc.a(_dvmd_tls.o)
 .ARM.attributes
                0x00000452       0x1e c:/program files (x86)/cypress/psoc creator/3.1/psoc creator/import/gnu_cs/arm/4.8.4/bin/../lib/gcc/arm-none-eabi/4.8.4/armv6-m\libgcc.a(_aeabi_ldivmod.o)
 .ARM.attributes
                0x00000470       0x2c c:/program files (x86)/cypress/psoc creator/3.1/psoc creator/import/gnu_cs/arm/4.8.4/bin/../lib/gcc/arm-none-eabi/4.8.4/armv6-m\libgcc.a(_muldi3.o)
 .ARM.attributes
                0x0000049c       0x2c c:/program files (x86)/cypress/psoc creator/3.1/psoc creator/import/gnu_cs/arm/4.8.4/bin/../lib/gcc/arm-none-eabi/4.8.4/armv6-m\libgcc.a(bpabi.o)
 .ARM.attributes
                0x000004c8       0x2c c:/program files (x86)/cypress/psoc creator/3.1/psoc creator/import/gnu_cs/arm/4.8.4/bin/../lib/gcc/arm-none-eabi/4.8.4/armv6-m\libgcc.a(_divdi3.o)
 .ARM.attributes
                0x000004f4       0x2c c:/program files (x86)/cypress/psoc creator/3.1/psoc creator/import/gnu_cs/arm/4.8.4/bin/../lib/gcc/arm-none-eabi/4.8.4/armv6-m\libgcc.a(_udivdi3.o)
 .ARM.attributes
                0x00000520       0x1e c:/program files (x86)/cypress/psoc creator/3.1/psoc creator/import/gnu_cs/arm/4.8.4/bin/../lib/gcc/arm-none-eabi/4.8.4/armv6-m\libgcc.a(_clzsi2.o)
 .ARM.attributes
                0x0000053e       0x2c c:/program files (x86)/cypress/psoc creator/3.1/psoc creator/import/gnu_cs/arm/4.8.4/bin/../lib/gcc/arm-none-eabi/4.8.4/../../../../arm-none-eabi/lib/armv6-m\libg_s.a(lib_a-errno.o)
 .ARM.attributes
                0x0000056a       0x2c c:/program files (x86)/cypress/psoc creator/3.1/psoc creator/import/gnu_cs/arm/4.8.4/bin/../lib/gcc/arm-none-eabi/4.8.4/../../../../arm-none-eabi/lib/armv6-m\libg_s.a(lib_a-exit.o)
 .ARM.attributes
                0x00000596       0x2c c:/program files (x86)/cypress/psoc creator/3.1/psoc creator/import/gnu_cs/arm/4.8.4/bin/../lib/gcc/arm-none-eabi/4.8.4/../../../../arm-none-eabi/lib/armv6-m\libg_s.a(lib_a-impure.o)
 .ARM.attributes
                0x000005c2       0x2c c:/program files (x86)/cypress/psoc creator/3.1/psoc creator/import/gnu_cs/arm/4.8.4/bin/../lib/gcc/arm-none-eabi/4.8.4/../../../../arm-none-eabi/lib/armv6-m\libg_s.a(lib_a-init.o)
 .ARM.attributes
                0x000005ee       0x2c c:/program files (x86)/cypress/psoc creator/3.1/psoc creator/import/gnu_cs/arm/4.8.4/bin/../lib/gcc/arm-none-eabi/4.8.4/../../../../arm-none-eabi/lib/armv6-m\libg_s.a(lib_a-memcpy-stub.o)
 .ARM.attributes
                0x0000061a       0x2c c:/program files (x86)/cypress/psoc creator/3.1/psoc creator/import/gnu_cs/arm/4.8.4/bin/../lib/gcc/arm-none-eabi/4.8.4/../../../../arm-none-eabi/lib/armv6-m\libg_s.a(lib_a-memset.o)
 .ARM.attributes
                0x00000646       0x2c c:/program files (x86)/cypress/psoc creator/3.1/psoc creator/import/gnu_cs/arm/4.8.4/bin/../lib/gcc/arm-none-eabi/4.8.4/../../../../arm-none-eabi/lib/armv6-m\libg_s.a(lib_a-sprintf.o)
 .ARM.attributes
                0x00000672       0x2c c:/program files (x86)/cypress/psoc creator/3.1/psoc creator/import/gnu_cs/arm/4.8.4/bin/../lib/gcc/arm-none-eabi/4.8.4/../../../../arm-none-eabi/lib/armv6-m\libg_s.a(lib_a-svfprintf.o)
 .ARM.attributes
                0x0000069e       0x2c c:/program files (x86)/cypress/psoc creator/3.1/psoc creator/import/gnu_cs/arm/4.8.4/bin/../lib/gcc/arm-none-eabi/4.8.4/../../../../arm-none-eabi/lib/armv6-m\libg_s.a(lib_a-vfprintf_i.o)
 .ARM.attributes
                0x000006ca       0x2c c:/program files (x86)/cypress/psoc creator/3.1/psoc creator/import/gnu_cs/arm/4.8.4/bin/../lib/gcc/arm-none-eabi/4.8.4/../../../../arm-none-eabi/lib/armv6-m\libg_s.a(lib_a-memchr-stub.o)
 .ARM.attributes
                0x000006f6       0x2c c:/program files (x86)/cypress/psoc creator/3.1/psoc creator/import/gnu_cs/arm/4.8.4/bin/../lib/gcc/arm-none-eabi/4.8.4/../../../../arm-none-eabi/lib/armv6-m\libg_s.a(lib_a-memmove.o)
 .ARM.attributes
                0x00000722       0x2c c:/program files (x86)/cypress/psoc creator/3.1/psoc creator/import/gnu_cs/arm/4.8.4/bin/../lib/gcc/arm-none-eabi/4.8.4/../../../../arm-none-eabi/lib/armv6-m\libg_s.a(lib_a-nano-freer.o)
 .ARM.attributes
                0x0000074e       0x2c c:/program files (x86)/cypress/psoc creator/3.1/psoc creator/import/gnu_cs/arm/4.8.4/bin/../lib/gcc/arm-none-eabi/4.8.4/../../../../arm-none-eabi/lib/armv6-m\libg_s.a(lib_a-nano-mallocr.o)
 .ARM.attributes
                0x0000077a       0x2c c:/program files (x86)/cypress/psoc creator/3.1/psoc creator/import/gnu_cs/arm/4.8.4/bin/../lib/gcc/arm-none-eabi/4.8.4/../../../../arm-none-eabi/lib/armv6-m\libg_s.a(lib_a-nano-reallocr.o)
 .ARM.attributes
                0x000007a6       0x2c c:/program files (x86)/cypress/psoc creator/3.1/psoc creator/import/gnu_cs/arm/4.8.4/bin/../lib/gcc/arm-none-eabi/4.8.4/../../../../arm-none-eabi/lib/armv6-m\libg_s.a(lib_a-sbrkr.o)
 .ARM.attributes
                0x000007d2       0x2c c:/program files (x86)/cypress/psoc creator/3.1/psoc creator/import/gnu_cs/arm/4.8.4/bin/../lib/gcc/arm-none-eabi/4.8.4/../../../../arm-none-eabi/lib/armv6-m\libg_s.a(lib_a-strlen.o)
 .ARM.attributes
                0x000007fe       0x2c c:/program files (x86)/cypress/psoc creator/3.1/psoc creator/import/gnu_cs/arm/4.8.4/bin/../lib/gcc/arm-none-eabi/4.8.4/../../../../arm-none-eabi/lib/armv6-m\libg_s.a(lib_a-nano-msizer.o)
 .ARM.attributes
                0x0000082a       0x2c c:/program files (x86)/cypress/psoc creator/3.1/psoc creator/import/gnu_cs/arm/4.8.4/bin/../lib/gcc/arm-none-eabi/4.8.4/../../../../arm-none-eabi/lib/armv6-m\libg_s.a(lib_a-reent.o)
 .ARM.attributes
                0x00000856       0x2c c:/program files (x86)/cypress/psoc creator/3.1/psoc creator/import/gnu_cs/arm/4.8.4/bin/../lib/gcc/arm-none-eabi/4.8.4/armv6-m/crtend.o
 .ARM.attributes
                0x00000882       0x1e c:/program files (x86)/cypress/psoc creator/3.1/psoc creator/import/gnu_cs/arm/4.8.4/bin/../lib/gcc/arm-none-eabi/4.8.4/armv6-m/crtn.o

/DISCARD/
 *(.note.GNU-stack)
OUTPUT(.\CortexM0\ARM_GCC_484\Debug\Vinkelsensor.elf elf32-littlearm)
