ARM GAS  C:\Users\Jeppe\AppData\Local\Temp\cc0dTAdd.s 			page 1


   1              		.cpu cortex-m0
   2              		.fpu softvfp
   3              		.eabi_attribute 20, 1
   4              		.eabi_attribute 21, 1
   5              		.eabi_attribute 23, 3
   6              		.eabi_attribute 24, 1
   7              		.eabi_attribute 25, 1
   8              		.eabi_attribute 26, 1
   9              		.eabi_attribute 30, 6
  10              		.eabi_attribute 34, 0
  11              		.eabi_attribute 18, 4
  12              		.code	16
  13              		.file	"I2C_SF_I2C.c"
  14              		.text
  15              	.Ltext0:
  16              		.cfi_sections	.debug_frame
  17              		.comm	I2C_SF_state,1,1
  18              		.section	.text.I2C_SF_I2CInit,"ax",%progbits
  19              		.align	2
  20              		.global	I2C_SF_I2CInit
  21              		.code	16
  22              		.thumb_func
  23              		.type	I2C_SF_I2CInit, %function
  24              	I2C_SF_I2CInit:
  25              	.LFB0:
  26              		.file 1 ".\\Generated_Source\\PSoC4\\I2C_SF_I2C.c"
   1:.\Generated_Source\PSoC4/I2C_SF_I2C.c **** /*******************************************************************************
   2:.\Generated_Source\PSoC4/I2C_SF_I2C.c **** * File Name: I2C_SF_I2C.c
   3:.\Generated_Source\PSoC4/I2C_SF_I2C.c **** * Version 2.0
   4:.\Generated_Source\PSoC4/I2C_SF_I2C.c **** *
   5:.\Generated_Source\PSoC4/I2C_SF_I2C.c **** * Description:
   6:.\Generated_Source\PSoC4/I2C_SF_I2C.c **** *  This file provides the source code to the API for the SCB Component in
   7:.\Generated_Source\PSoC4/I2C_SF_I2C.c **** *  I2C mode.
   8:.\Generated_Source\PSoC4/I2C_SF_I2C.c **** *
   9:.\Generated_Source\PSoC4/I2C_SF_I2C.c **** * Note:
  10:.\Generated_Source\PSoC4/I2C_SF_I2C.c **** *
  11:.\Generated_Source\PSoC4/I2C_SF_I2C.c **** *******************************************************************************
  12:.\Generated_Source\PSoC4/I2C_SF_I2C.c **** * Copyright 2013-2014, Cypress Semiconductor Corporation.  All rights reserved.
  13:.\Generated_Source\PSoC4/I2C_SF_I2C.c **** * You may use this file only in accordance with the license, terms, conditions,
  14:.\Generated_Source\PSoC4/I2C_SF_I2C.c **** * disclaimers, and limitations in the end user license agreement accompanying
  15:.\Generated_Source\PSoC4/I2C_SF_I2C.c **** * the software package with which this file was provided.
  16:.\Generated_Source\PSoC4/I2C_SF_I2C.c **** *******************************************************************************/
  17:.\Generated_Source\PSoC4/I2C_SF_I2C.c **** 
  18:.\Generated_Source\PSoC4/I2C_SF_I2C.c **** #include "I2C_SF_PVT.h"
  19:.\Generated_Source\PSoC4/I2C_SF_I2C.c **** #include "I2C_SF_I2C_PVT.h"
  20:.\Generated_Source\PSoC4/I2C_SF_I2C.c **** 
  21:.\Generated_Source\PSoC4/I2C_SF_I2C.c **** 
  22:.\Generated_Source\PSoC4/I2C_SF_I2C.c **** /***************************************
  23:.\Generated_Source\PSoC4/I2C_SF_I2C.c **** *      I2C Private Vars
  24:.\Generated_Source\PSoC4/I2C_SF_I2C.c **** ***************************************/
  25:.\Generated_Source\PSoC4/I2C_SF_I2C.c **** 
  26:.\Generated_Source\PSoC4/I2C_SF_I2C.c **** volatile uint8 I2C_SF_state;  /* Current state of I2C FSM */
  27:.\Generated_Source\PSoC4/I2C_SF_I2C.c **** 
  28:.\Generated_Source\PSoC4/I2C_SF_I2C.c **** #if(I2C_SF_SCB_MODE_UNCONFIG_CONST_CFG)
  29:.\Generated_Source\PSoC4/I2C_SF_I2C.c **** 
  30:.\Generated_Source\PSoC4/I2C_SF_I2C.c ****     /***************************************
  31:.\Generated_Source\PSoC4/I2C_SF_I2C.c ****     *  Configuration Structure Initialization
ARM GAS  C:\Users\Jeppe\AppData\Local\Temp\cc0dTAdd.s 			page 2


  32:.\Generated_Source\PSoC4/I2C_SF_I2C.c ****     ***************************************/
  33:.\Generated_Source\PSoC4/I2C_SF_I2C.c **** 
  34:.\Generated_Source\PSoC4/I2C_SF_I2C.c ****     /* Constant configuration of I2C */
  35:.\Generated_Source\PSoC4/I2C_SF_I2C.c ****     const I2C_SF_I2C_INIT_STRUCT I2C_SF_configI2C =
  36:.\Generated_Source\PSoC4/I2C_SF_I2C.c ****     {
  37:.\Generated_Source\PSoC4/I2C_SF_I2C.c ****         I2C_SF_I2C_MODE,
  38:.\Generated_Source\PSoC4/I2C_SF_I2C.c ****         I2C_SF_I2C_OVS_FACTOR_LOW,
  39:.\Generated_Source\PSoC4/I2C_SF_I2C.c ****         I2C_SF_I2C_OVS_FACTOR_HIGH,
  40:.\Generated_Source\PSoC4/I2C_SF_I2C.c ****         I2C_SF_I2C_MEDIAN_FILTER_ENABLE,
  41:.\Generated_Source\PSoC4/I2C_SF_I2C.c ****         I2C_SF_I2C_SLAVE_ADDRESS,
  42:.\Generated_Source\PSoC4/I2C_SF_I2C.c ****         I2C_SF_I2C_SLAVE_ADDRESS_MASK,
  43:.\Generated_Source\PSoC4/I2C_SF_I2C.c ****         I2C_SF_I2C_ACCEPT_ADDRESS,
  44:.\Generated_Source\PSoC4/I2C_SF_I2C.c ****         I2C_SF_I2C_WAKE_ENABLE,
  45:.\Generated_Source\PSoC4/I2C_SF_I2C.c ****         I2C_SF_I2C_BYTE_MODE_ENABLE,
  46:.\Generated_Source\PSoC4/I2C_SF_I2C.c ****         I2C_SF_I2C_DATA_RATE,
  47:.\Generated_Source\PSoC4/I2C_SF_I2C.c ****     };
  48:.\Generated_Source\PSoC4/I2C_SF_I2C.c **** 
  49:.\Generated_Source\PSoC4/I2C_SF_I2C.c ****     /*******************************************************************************
  50:.\Generated_Source\PSoC4/I2C_SF_I2C.c ****     * Function Name: I2C_SF_I2CInit
  51:.\Generated_Source\PSoC4/I2C_SF_I2C.c ****     ********************************************************************************
  52:.\Generated_Source\PSoC4/I2C_SF_I2C.c ****     *
  53:.\Generated_Source\PSoC4/I2C_SF_I2C.c ****     * Summary:
  54:.\Generated_Source\PSoC4/I2C_SF_I2C.c ****     *  Configures the SCB for I2C operation.
  55:.\Generated_Source\PSoC4/I2C_SF_I2C.c ****     *
  56:.\Generated_Source\PSoC4/I2C_SF_I2C.c ****     * Parameters:
  57:.\Generated_Source\PSoC4/I2C_SF_I2C.c ****     *  config:  Pointer to a structure that contains the following ordered list of
  58:.\Generated_Source\PSoC4/I2C_SF_I2C.c ****     *           fields. These fields match the selections available in the
  59:.\Generated_Source\PSoC4/I2C_SF_I2C.c ****     *           customizer.
  60:.\Generated_Source\PSoC4/I2C_SF_I2C.c ****     *
  61:.\Generated_Source\PSoC4/I2C_SF_I2C.c ****     * Return:
  62:.\Generated_Source\PSoC4/I2C_SF_I2C.c ****     *  None
  63:.\Generated_Source\PSoC4/I2C_SF_I2C.c ****     *
  64:.\Generated_Source\PSoC4/I2C_SF_I2C.c ****     *******************************************************************************/
  65:.\Generated_Source\PSoC4/I2C_SF_I2C.c ****     void I2C_SF_I2CInit(const I2C_SF_I2C_INIT_STRUCT *config)
  66:.\Generated_Source\PSoC4/I2C_SF_I2C.c ****     {
  67:.\Generated_Source\PSoC4/I2C_SF_I2C.c ****         uint32 medianFilter;
  68:.\Generated_Source\PSoC4/I2C_SF_I2C.c ****         uint32 locEnableWake;
  69:.\Generated_Source\PSoC4/I2C_SF_I2C.c **** 
  70:.\Generated_Source\PSoC4/I2C_SF_I2C.c ****         if(NULL == config)
  71:.\Generated_Source\PSoC4/I2C_SF_I2C.c ****         {
  72:.\Generated_Source\PSoC4/I2C_SF_I2C.c ****             CYASSERT(0u != 0u); /* Halt execution due to bad function parameter */
  73:.\Generated_Source\PSoC4/I2C_SF_I2C.c ****         }
  74:.\Generated_Source\PSoC4/I2C_SF_I2C.c ****         else
  75:.\Generated_Source\PSoC4/I2C_SF_I2C.c ****         {
  76:.\Generated_Source\PSoC4/I2C_SF_I2C.c ****             /* Configure pins */
  77:.\Generated_Source\PSoC4/I2C_SF_I2C.c ****             I2C_SF_SetPins(I2C_SF_SCB_MODE_I2C, I2C_SF_DUMMY_PARAM,
  78:.\Generated_Source\PSoC4/I2C_SF_I2C.c ****                                                                     I2C_SF_DUMMY_PARAM);
  79:.\Generated_Source\PSoC4/I2C_SF_I2C.c **** 
  80:.\Generated_Source\PSoC4/I2C_SF_I2C.c ****             /* Store internal configuration */
  81:.\Generated_Source\PSoC4/I2C_SF_I2C.c ****             I2C_SF_scbMode       = (uint8) I2C_SF_SCB_MODE_I2C;
  82:.\Generated_Source\PSoC4/I2C_SF_I2C.c ****             I2C_SF_scbEnableWake = (uint8) config->enableWake;
  83:.\Generated_Source\PSoC4/I2C_SF_I2C.c ****             I2C_SF_scbEnableIntr = (uint8) I2C_SF_SCB_IRQ_INTERNAL;
  84:.\Generated_Source\PSoC4/I2C_SF_I2C.c **** 
  85:.\Generated_Source\PSoC4/I2C_SF_I2C.c ****             I2C_SF_mode          = (uint8) config->mode;
  86:.\Generated_Source\PSoC4/I2C_SF_I2C.c ****             I2C_SF_acceptAddr    = (uint8) config->acceptAddr;
  87:.\Generated_Source\PSoC4/I2C_SF_I2C.c **** 
  88:.\Generated_Source\PSoC4/I2C_SF_I2C.c ****         #if (I2C_SF_CY_SCBIP_V0)
ARM GAS  C:\Users\Jeppe\AppData\Local\Temp\cc0dTAdd.s 			page 3


  89:.\Generated_Source\PSoC4/I2C_SF_I2C.c ****             /* Adjust SDA filter settings. Ticket ID#150521 */
  90:.\Generated_Source\PSoC4/I2C_SF_I2C.c ****             I2C_SF_SET_I2C_CFG_SDA_FILT_TRIM(I2C_SF_EC_AM_I2C_CFG_SDA_FILT_TRIM);
  91:.\Generated_Source\PSoC4/I2C_SF_I2C.c ****         #endif /* (I2C_SF_CY_SCBIP_V0) */
  92:.\Generated_Source\PSoC4/I2C_SF_I2C.c **** 
  93:.\Generated_Source\PSoC4/I2C_SF_I2C.c ****             /* Adjust AF and DF filter settings. Ticket ID#176179 */
  94:.\Generated_Source\PSoC4/I2C_SF_I2C.c ****             if (((I2C_SF_I2C_MODE_SLAVE != config->mode) &&
  95:.\Generated_Source\PSoC4/I2C_SF_I2C.c ****                  (config->dataRate <= I2C_SF_I2C_DATA_RATE_FS_MODE_MAX)) ||
  96:.\Generated_Source\PSoC4/I2C_SF_I2C.c ****                  (I2C_SF_I2C_MODE_SLAVE == config->mode))
  97:.\Generated_Source\PSoC4/I2C_SF_I2C.c ****             {
  98:.\Generated_Source\PSoC4/I2C_SF_I2C.c ****                 /* AF = 1, DF = 0 */
  99:.\Generated_Source\PSoC4/I2C_SF_I2C.c ****                 I2C_SF_I2C_CFG_ANALOG_FITER_ENABLE;
 100:.\Generated_Source\PSoC4/I2C_SF_I2C.c ****                 medianFilter = I2C_SF_DIGITAL_FILTER_DISABLE;
 101:.\Generated_Source\PSoC4/I2C_SF_I2C.c ****             }
 102:.\Generated_Source\PSoC4/I2C_SF_I2C.c ****             else
 103:.\Generated_Source\PSoC4/I2C_SF_I2C.c ****             {
 104:.\Generated_Source\PSoC4/I2C_SF_I2C.c ****                 /* AF = 0, DF = 1 */
 105:.\Generated_Source\PSoC4/I2C_SF_I2C.c ****                 I2C_SF_I2C_CFG_ANALOG_FITER_DISABLE;
 106:.\Generated_Source\PSoC4/I2C_SF_I2C.c ****                 medianFilter = I2C_SF_DIGITAL_FILTER_ENABLE;
 107:.\Generated_Source\PSoC4/I2C_SF_I2C.c ****             }
 108:.\Generated_Source\PSoC4/I2C_SF_I2C.c **** 
 109:.\Generated_Source\PSoC4/I2C_SF_I2C.c ****         #if (!I2C_SF_CY_SCBIP_V0)
 110:.\Generated_Source\PSoC4/I2C_SF_I2C.c ****             locEnableWake = (I2C_SF_I2C_MULTI_MASTER_SLAVE) ? (0u) : (config->enableWake);
 111:.\Generated_Source\PSoC4/I2C_SF_I2C.c ****         #else
 112:.\Generated_Source\PSoC4/I2C_SF_I2C.c ****             locEnableWake = config->enableWake;
 113:.\Generated_Source\PSoC4/I2C_SF_I2C.c ****         #endif /* (!I2C_SF_CY_SCBIP_V0) */
 114:.\Generated_Source\PSoC4/I2C_SF_I2C.c **** 
 115:.\Generated_Source\PSoC4/I2C_SF_I2C.c ****             /* Configure I2C interface */
 116:.\Generated_Source\PSoC4/I2C_SF_I2C.c ****             I2C_SF_CTRL_REG     = I2C_SF_GET_CTRL_BYTE_MODE  (config->enableByteMode) |
 117:.\Generated_Source\PSoC4/I2C_SF_I2C.c ****                                             I2C_SF_GET_CTRL_ADDR_ACCEPT(config->acceptAddr)     |
 118:.\Generated_Source\PSoC4/I2C_SF_I2C.c ****                                             I2C_SF_GET_CTRL_EC_AM_MODE (locEnableWake);
 119:.\Generated_Source\PSoC4/I2C_SF_I2C.c **** 
 120:.\Generated_Source\PSoC4/I2C_SF_I2C.c ****             I2C_SF_I2C_CTRL_REG = I2C_SF_GET_I2C_CTRL_HIGH_PHASE_OVS(config->oversampleHigh) |
 121:.\Generated_Source\PSoC4/I2C_SF_I2C.c ****                                             I2C_SF_GET_I2C_CTRL_LOW_PHASE_OVS (config->oversampleLo
 122:.\Generated_Source\PSoC4/I2C_SF_I2C.c ****                                             I2C_SF_GET_I2C_CTRL_SL_MSTR_MODE  (config->mode)       
 123:.\Generated_Source\PSoC4/I2C_SF_I2C.c ****                                             I2C_SF_I2C_CTRL;
 124:.\Generated_Source\PSoC4/I2C_SF_I2C.c **** 
 125:.\Generated_Source\PSoC4/I2C_SF_I2C.c **** 
 126:.\Generated_Source\PSoC4/I2C_SF_I2C.c **** 
 127:.\Generated_Source\PSoC4/I2C_SF_I2C.c ****             /* Configure RX direction */
 128:.\Generated_Source\PSoC4/I2C_SF_I2C.c ****             I2C_SF_RX_CTRL_REG      = I2C_SF_GET_RX_CTRL_MEDIAN(medianFilter) |
 129:.\Generated_Source\PSoC4/I2C_SF_I2C.c ****                                                 I2C_SF_I2C_RX_CTRL;
 130:.\Generated_Source\PSoC4/I2C_SF_I2C.c ****             I2C_SF_RX_FIFO_CTRL_REG = I2C_SF_CLEAR_REG;
 131:.\Generated_Source\PSoC4/I2C_SF_I2C.c **** 
 132:.\Generated_Source\PSoC4/I2C_SF_I2C.c ****             /* Set default address and mask */
 133:.\Generated_Source\PSoC4/I2C_SF_I2C.c ****             I2C_SF_RX_MATCH_REG    = ((I2C_SF_I2C_SLAVE) ?
 134:.\Generated_Source\PSoC4/I2C_SF_I2C.c ****                                                 (I2C_SF_GET_I2C_8BIT_ADDRESS(config->slaveAddr) |
 135:.\Generated_Source\PSoC4/I2C_SF_I2C.c ****                                                  I2C_SF_GET_RX_MATCH_MASK(config->slaveAddrMask)) :
 136:.\Generated_Source\PSoC4/I2C_SF_I2C.c ****                                                 (I2C_SF_CLEAR_REG));
 137:.\Generated_Source\PSoC4/I2C_SF_I2C.c **** 
 138:.\Generated_Source\PSoC4/I2C_SF_I2C.c **** 
 139:.\Generated_Source\PSoC4/I2C_SF_I2C.c ****             /* Configure TX direction */
 140:.\Generated_Source\PSoC4/I2C_SF_I2C.c ****             I2C_SF_TX_CTRL_REG      = I2C_SF_I2C_TX_CTRL;
 141:.\Generated_Source\PSoC4/I2C_SF_I2C.c ****             I2C_SF_TX_FIFO_CTRL_REG = I2C_SF_CLEAR_REG;
 142:.\Generated_Source\PSoC4/I2C_SF_I2C.c **** 
 143:.\Generated_Source\PSoC4/I2C_SF_I2C.c ****             /* Configure interrupt with I2C handler but do not enable it */
 144:.\Generated_Source\PSoC4/I2C_SF_I2C.c ****             CyIntDisable    (I2C_SF_ISR_NUMBER);
 145:.\Generated_Source\PSoC4/I2C_SF_I2C.c ****             CyIntSetPriority(I2C_SF_ISR_NUMBER, I2C_SF_ISR_PRIORITY);
ARM GAS  C:\Users\Jeppe\AppData\Local\Temp\cc0dTAdd.s 			page 4


 146:.\Generated_Source\PSoC4/I2C_SF_I2C.c ****             (void) CyIntSetVector(I2C_SF_ISR_NUMBER, &I2C_SF_I2C_ISR);
 147:.\Generated_Source\PSoC4/I2C_SF_I2C.c **** 
 148:.\Generated_Source\PSoC4/I2C_SF_I2C.c ****             /* Configure interrupt sources */
 149:.\Generated_Source\PSoC4/I2C_SF_I2C.c ****         #if(!I2C_SF_CY_SCBIP_V1)
 150:.\Generated_Source\PSoC4/I2C_SF_I2C.c ****             I2C_SF_INTR_SPI_EC_MASK_REG = I2C_SF_NO_INTR_SOURCES;
 151:.\Generated_Source\PSoC4/I2C_SF_I2C.c ****         #endif /* (!I2C_SF_CY_SCBIP_V1) */
 152:.\Generated_Source\PSoC4/I2C_SF_I2C.c **** 
 153:.\Generated_Source\PSoC4/I2C_SF_I2C.c ****             I2C_SF_INTR_I2C_EC_MASK_REG = I2C_SF_NO_INTR_SOURCES;
 154:.\Generated_Source\PSoC4/I2C_SF_I2C.c ****             I2C_SF_INTR_RX_MASK_REG     = I2C_SF_NO_INTR_SOURCES;
 155:.\Generated_Source\PSoC4/I2C_SF_I2C.c ****             I2C_SF_INTR_TX_MASK_REG     = I2C_SF_NO_INTR_SOURCES;
 156:.\Generated_Source\PSoC4/I2C_SF_I2C.c **** 
 157:.\Generated_Source\PSoC4/I2C_SF_I2C.c ****             I2C_SF_INTR_SLAVE_MASK_REG  = ((I2C_SF_I2C_SLAVE) ?
 158:.\Generated_Source\PSoC4/I2C_SF_I2C.c ****                                                      (I2C_SF_I2C_INTR_SLAVE_MASK) :
 159:.\Generated_Source\PSoC4/I2C_SF_I2C.c ****                                                      (I2C_SF_CLEAR_REG));
 160:.\Generated_Source\PSoC4/I2C_SF_I2C.c **** 
 161:.\Generated_Source\PSoC4/I2C_SF_I2C.c ****             I2C_SF_INTR_MASTER_MASK_REG = ((I2C_SF_I2C_MASTER) ?
 162:.\Generated_Source\PSoC4/I2C_SF_I2C.c ****                                                      (I2C_SF_I2C_INTR_MASTER_MASK) :
 163:.\Generated_Source\PSoC4/I2C_SF_I2C.c ****                                                      (I2C_SF_CLEAR_REG));
 164:.\Generated_Source\PSoC4/I2C_SF_I2C.c **** 
 165:.\Generated_Source\PSoC4/I2C_SF_I2C.c ****             /* Configure global variables */
 166:.\Generated_Source\PSoC4/I2C_SF_I2C.c ****             I2C_SF_state = I2C_SF_I2C_FSM_IDLE;
 167:.\Generated_Source\PSoC4/I2C_SF_I2C.c **** 
 168:.\Generated_Source\PSoC4/I2C_SF_I2C.c ****             /* Internal slave variables */
 169:.\Generated_Source\PSoC4/I2C_SF_I2C.c ****             I2C_SF_slStatus        = 0u;
 170:.\Generated_Source\PSoC4/I2C_SF_I2C.c ****             I2C_SF_slRdBufIndex    = 0u;
 171:.\Generated_Source\PSoC4/I2C_SF_I2C.c ****             I2C_SF_slWrBufIndex    = 0u;
 172:.\Generated_Source\PSoC4/I2C_SF_I2C.c ****             I2C_SF_slOverFlowCount = 0u;
 173:.\Generated_Source\PSoC4/I2C_SF_I2C.c **** 
 174:.\Generated_Source\PSoC4/I2C_SF_I2C.c ****             /* Internal master variables */
 175:.\Generated_Source\PSoC4/I2C_SF_I2C.c ****             I2C_SF_mstrStatus     = 0u;
 176:.\Generated_Source\PSoC4/I2C_SF_I2C.c ****             I2C_SF_mstrRdBufIndex = 0u;
 177:.\Generated_Source\PSoC4/I2C_SF_I2C.c ****             I2C_SF_mstrWrBufIndex = 0u;
 178:.\Generated_Source\PSoC4/I2C_SF_I2C.c ****         }
 179:.\Generated_Source\PSoC4/I2C_SF_I2C.c ****     }
 180:.\Generated_Source\PSoC4/I2C_SF_I2C.c **** 
 181:.\Generated_Source\PSoC4/I2C_SF_I2C.c **** #else
 182:.\Generated_Source\PSoC4/I2C_SF_I2C.c **** 
 183:.\Generated_Source\PSoC4/I2C_SF_I2C.c ****     /*******************************************************************************
 184:.\Generated_Source\PSoC4/I2C_SF_I2C.c ****     * Function Name: I2C_SF_I2CInit
 185:.\Generated_Source\PSoC4/I2C_SF_I2C.c ****     ********************************************************************************
 186:.\Generated_Source\PSoC4/I2C_SF_I2C.c ****     *
 187:.\Generated_Source\PSoC4/I2C_SF_I2C.c ****     * Summary:
 188:.\Generated_Source\PSoC4/I2C_SF_I2C.c ****     *  Configures the SCB for the I2C operation.
 189:.\Generated_Source\PSoC4/I2C_SF_I2C.c ****     *
 190:.\Generated_Source\PSoC4/I2C_SF_I2C.c ****     * Parameters:
 191:.\Generated_Source\PSoC4/I2C_SF_I2C.c ****     *  None
 192:.\Generated_Source\PSoC4/I2C_SF_I2C.c ****     *
 193:.\Generated_Source\PSoC4/I2C_SF_I2C.c ****     * Return:
 194:.\Generated_Source\PSoC4/I2C_SF_I2C.c ****     *  None
 195:.\Generated_Source\PSoC4/I2C_SF_I2C.c ****     *
 196:.\Generated_Source\PSoC4/I2C_SF_I2C.c ****     *******************************************************************************/
 197:.\Generated_Source\PSoC4/I2C_SF_I2C.c ****     void I2C_SF_I2CInit(void)
 198:.\Generated_Source\PSoC4/I2C_SF_I2C.c ****     {
  27              		.loc 1 198 0
  28              		.cfi_startproc
  29 0000 80B5     		push	{r7, lr}
  30              		.cfi_def_cfa_offset 8
ARM GAS  C:\Users\Jeppe\AppData\Local\Temp\cc0dTAdd.s 			page 5


  31              		.cfi_offset 7, -8
  32              		.cfi_offset 14, -4
  33 0002 00AF     		add	r7, sp, #0
  34              		.cfi_def_cfa_register 7
 199:.\Generated_Source\PSoC4/I2C_SF_I2C.c ****     #if(I2C_SF_CY_SCBIP_V0)
 200:.\Generated_Source\PSoC4/I2C_SF_I2C.c ****         /* Adjust SDA filter settings. Ticket ID#150521 */
 201:.\Generated_Source\PSoC4/I2C_SF_I2C.c ****         I2C_SF_SET_I2C_CFG_SDA_FILT_TRIM(I2C_SF_EC_AM_I2C_CFG_SDA_FILT_TRIM);
  35              		.loc 1 201 0
  36 0004 254B     		ldr	r3, .L2
  37 0006 254A     		ldr	r2, .L2
  38 0008 1268     		ldr	r2, [r2]
  39 000a 0C21     		mov	r1, #12
  40 000c 0A43     		orr	r2, r1
  41 000e 1A60     		str	r2, [r3]
 202:.\Generated_Source\PSoC4/I2C_SF_I2C.c ****     #endif /* (I2C_SF_CY_SCBIP_V0) */
 203:.\Generated_Source\PSoC4/I2C_SF_I2C.c **** 
 204:.\Generated_Source\PSoC4/I2C_SF_I2C.c ****         /* Adjust AF and DF filter settings. Ticket ID#176179 */
 205:.\Generated_Source\PSoC4/I2C_SF_I2C.c ****         I2C_SF_I2C_CFG_ANALOG_FITER_ENABLE_ADJ;
 206:.\Generated_Source\PSoC4/I2C_SF_I2C.c **** 
 207:.\Generated_Source\PSoC4/I2C_SF_I2C.c ****         /* Configure I2C interface */
 208:.\Generated_Source\PSoC4/I2C_SF_I2C.c ****         I2C_SF_CTRL_REG     = I2C_SF_I2C_DEFAULT_CTRL;
  42              		.loc 1 208 0
  43 0010 234B     		ldr	r3, .L2+4
  44 0012 0022     		mov	r2, #0
  45 0014 1A60     		str	r2, [r3]
 209:.\Generated_Source\PSoC4/I2C_SF_I2C.c ****         I2C_SF_I2C_CTRL_REG = I2C_SF_I2C_DEFAULT_I2C_CTRL;
  46              		.loc 1 209 0
  47 0016 234B     		ldr	r3, .L2+8
  48 0018 234A     		ldr	r2, .L2+12
  49 001a 1A60     		str	r2, [r3]
 210:.\Generated_Source\PSoC4/I2C_SF_I2C.c **** 
 211:.\Generated_Source\PSoC4/I2C_SF_I2C.c ****         /* Configure RX direction */
 212:.\Generated_Source\PSoC4/I2C_SF_I2C.c ****         I2C_SF_RX_CTRL_REG      = I2C_SF_I2C_DEFAULT_RX_CTRL;
  50              		.loc 1 212 0
  51 001c 234B     		ldr	r3, .L2+16
  52 001e 244A     		ldr	r2, .L2+20
  53 0020 1A60     		str	r2, [r3]
 213:.\Generated_Source\PSoC4/I2C_SF_I2C.c ****         I2C_SF_RX_FIFO_CTRL_REG = I2C_SF_I2C_DEFAULT_RX_FIFO_CTRL;
  54              		.loc 1 213 0
  55 0022 244B     		ldr	r3, .L2+24
  56 0024 0022     		mov	r2, #0
  57 0026 1A60     		str	r2, [r3]
 214:.\Generated_Source\PSoC4/I2C_SF_I2C.c **** 
 215:.\Generated_Source\PSoC4/I2C_SF_I2C.c ****         /* Set default address and mask */
 216:.\Generated_Source\PSoC4/I2C_SF_I2C.c ****         I2C_SF_RX_MATCH_REG     = I2C_SF_I2C_DEFAULT_RX_MATCH;
  58              		.loc 1 216 0
  59 0028 234B     		ldr	r3, .L2+28
  60 002a 244A     		ldr	r2, .L2+32
  61 002c 1A60     		str	r2, [r3]
 217:.\Generated_Source\PSoC4/I2C_SF_I2C.c **** 
 218:.\Generated_Source\PSoC4/I2C_SF_I2C.c ****         /* Configure TX direction */
 219:.\Generated_Source\PSoC4/I2C_SF_I2C.c ****         I2C_SF_TX_CTRL_REG      = I2C_SF_I2C_DEFAULT_TX_CTRL;
  62              		.loc 1 219 0
  63 002e 244B     		ldr	r3, .L2+36
  64 0030 1F4A     		ldr	r2, .L2+20
  65 0032 1A60     		str	r2, [r3]
 220:.\Generated_Source\PSoC4/I2C_SF_I2C.c ****         I2C_SF_TX_FIFO_CTRL_REG = I2C_SF_I2C_DEFAULT_TX_FIFO_CTRL;
ARM GAS  C:\Users\Jeppe\AppData\Local\Temp\cc0dTAdd.s 			page 6


  66              		.loc 1 220 0
  67 0034 234B     		ldr	r3, .L2+40
  68 0036 0022     		mov	r2, #0
  69 0038 1A60     		str	r2, [r3]
 221:.\Generated_Source\PSoC4/I2C_SF_I2C.c **** 
 222:.\Generated_Source\PSoC4/I2C_SF_I2C.c ****         /* Configure interrupt with I2C handler but do not enable it */
 223:.\Generated_Source\PSoC4/I2C_SF_I2C.c ****         CyIntDisable    (I2C_SF_ISR_NUMBER);
  70              		.loc 1 223 0
  71 003a 0A20     		mov	r0, #10
  72 003c FFF7FEFF 		bl	CyIntDisable
 224:.\Generated_Source\PSoC4/I2C_SF_I2C.c ****         CyIntSetPriority(I2C_SF_ISR_NUMBER, I2C_SF_ISR_PRIORITY);
  73              		.loc 1 224 0
  74 0040 0A20     		mov	r0, #10
  75 0042 0321     		mov	r1, #3
  76 0044 FFF7FEFF 		bl	CyIntSetPriority
 225:.\Generated_Source\PSoC4/I2C_SF_I2C.c ****     #if(!I2C_SF_I2C_EXTERN_INTR_HANDLER)
 226:.\Generated_Source\PSoC4/I2C_SF_I2C.c ****         (void) CyIntSetVector(I2C_SF_ISR_NUMBER, &I2C_SF_I2C_ISR);
  77              		.loc 1 226 0
  78 0048 1F4B     		ldr	r3, .L2+44
  79 004a 0A20     		mov	r0, #10
  80 004c 191C     		mov	r1, r3
  81 004e FFF7FEFF 		bl	CyIntSetVector
 227:.\Generated_Source\PSoC4/I2C_SF_I2C.c ****     #endif /* (I2C_SF_I2C_EXTERN_INTR_HANDLER) */
 228:.\Generated_Source\PSoC4/I2C_SF_I2C.c **** 
 229:.\Generated_Source\PSoC4/I2C_SF_I2C.c ****         /* Configure interrupt sources */
 230:.\Generated_Source\PSoC4/I2C_SF_I2C.c ****     #if(!I2C_SF_CY_SCBIP_V1)
 231:.\Generated_Source\PSoC4/I2C_SF_I2C.c ****         I2C_SF_INTR_SPI_EC_MASK_REG = I2C_SF_I2C_DEFAULT_INTR_SPI_EC_MASK;
  82              		.loc 1 231 0
  83 0052 1E4B     		ldr	r3, .L2+48
  84 0054 0022     		mov	r2, #0
  85 0056 1A60     		str	r2, [r3]
 232:.\Generated_Source\PSoC4/I2C_SF_I2C.c ****     #endif /* (!I2C_SF_CY_SCBIP_V1) */
 233:.\Generated_Source\PSoC4/I2C_SF_I2C.c **** 
 234:.\Generated_Source\PSoC4/I2C_SF_I2C.c ****         I2C_SF_INTR_I2C_EC_MASK_REG = I2C_SF_I2C_DEFAULT_INTR_I2C_EC_MASK;
  86              		.loc 1 234 0
  87 0058 1D4B     		ldr	r3, .L2+52
  88 005a 0022     		mov	r2, #0
  89 005c 1A60     		str	r2, [r3]
 235:.\Generated_Source\PSoC4/I2C_SF_I2C.c ****         I2C_SF_INTR_SLAVE_MASK_REG  = I2C_SF_I2C_DEFAULT_INTR_SLAVE_MASK;
  90              		.loc 1 235 0
  91 005e 1D4B     		ldr	r3, .L2+56
  92 0060 4C22     		mov	r2, #76
  93 0062 FF32     		add	r2, r2, #255
  94 0064 1A60     		str	r2, [r3]
 236:.\Generated_Source\PSoC4/I2C_SF_I2C.c ****         I2C_SF_INTR_MASTER_MASK_REG = I2C_SF_I2C_DEFAULT_INTR_MASTER_MASK;
  95              		.loc 1 236 0
  96 0066 1C4B     		ldr	r3, .L2+60
  97 0068 0022     		mov	r2, #0
  98 006a 1A60     		str	r2, [r3]
 237:.\Generated_Source\PSoC4/I2C_SF_I2C.c ****         I2C_SF_INTR_RX_MASK_REG     = I2C_SF_I2C_DEFAULT_INTR_RX_MASK;
  99              		.loc 1 237 0
 100 006c 1B4B     		ldr	r3, .L2+64
 101 006e 0022     		mov	r2, #0
 102 0070 1A60     		str	r2, [r3]
 238:.\Generated_Source\PSoC4/I2C_SF_I2C.c ****         I2C_SF_INTR_TX_MASK_REG     = I2C_SF_I2C_DEFAULT_INTR_TX_MASK;
 103              		.loc 1 238 0
 104 0072 1B4B     		ldr	r3, .L2+68
ARM GAS  C:\Users\Jeppe\AppData\Local\Temp\cc0dTAdd.s 			page 7


 105 0074 0022     		mov	r2, #0
 106 0076 1A60     		str	r2, [r3]
 239:.\Generated_Source\PSoC4/I2C_SF_I2C.c **** 
 240:.\Generated_Source\PSoC4/I2C_SF_I2C.c ****         /* Configure global variables */
 241:.\Generated_Source\PSoC4/I2C_SF_I2C.c ****         I2C_SF_state = I2C_SF_I2C_FSM_IDLE;
 107              		.loc 1 241 0
 108 0078 1A4B     		ldr	r3, .L2+72
 109 007a 1022     		mov	r2, #16
 110 007c 1A70     		strb	r2, [r3]
 242:.\Generated_Source\PSoC4/I2C_SF_I2C.c **** 
 243:.\Generated_Source\PSoC4/I2C_SF_I2C.c ****     #if(I2C_SF_I2C_SLAVE)
 244:.\Generated_Source\PSoC4/I2C_SF_I2C.c ****         /* Internal slave variable */
 245:.\Generated_Source\PSoC4/I2C_SF_I2C.c ****         I2C_SF_slStatus        = 0u;
 111              		.loc 1 245 0
 112 007e 1A4B     		ldr	r3, .L2+76
 113 0080 0022     		mov	r2, #0
 114 0082 1A70     		strb	r2, [r3]
 246:.\Generated_Source\PSoC4/I2C_SF_I2C.c ****         I2C_SF_slRdBufIndex    = 0u;
 115              		.loc 1 246 0
 116 0084 194B     		ldr	r3, .L2+80
 117 0086 0022     		mov	r2, #0
 118 0088 1A60     		str	r2, [r3]
 247:.\Generated_Source\PSoC4/I2C_SF_I2C.c ****         I2C_SF_slWrBufIndex    = 0u;
 119              		.loc 1 247 0
 120 008a 194B     		ldr	r3, .L2+84
 121 008c 0022     		mov	r2, #0
 122 008e 1A60     		str	r2, [r3]
 248:.\Generated_Source\PSoC4/I2C_SF_I2C.c ****         I2C_SF_slOverFlowCount = 0u;
 123              		.loc 1 248 0
 124 0090 184B     		ldr	r3, .L2+88
 125 0092 0022     		mov	r2, #0
 126 0094 1A70     		strb	r2, [r3]
 249:.\Generated_Source\PSoC4/I2C_SF_I2C.c ****     #endif /* (I2C_SF_I2C_SLAVE) */
 250:.\Generated_Source\PSoC4/I2C_SF_I2C.c **** 
 251:.\Generated_Source\PSoC4/I2C_SF_I2C.c ****     #if(I2C_SF_I2C_MASTER)
 252:.\Generated_Source\PSoC4/I2C_SF_I2C.c ****     /* Internal master variable */
 253:.\Generated_Source\PSoC4/I2C_SF_I2C.c ****         I2C_SF_mstrStatus     = 0u;
 254:.\Generated_Source\PSoC4/I2C_SF_I2C.c ****         I2C_SF_mstrRdBufIndex = 0u;
 255:.\Generated_Source\PSoC4/I2C_SF_I2C.c ****         I2C_SF_mstrWrBufIndex = 0u;
 256:.\Generated_Source\PSoC4/I2C_SF_I2C.c ****     #endif /* (I2C_SF_I2C_MASTER) */
 257:.\Generated_Source\PSoC4/I2C_SF_I2C.c ****     }
 127              		.loc 1 257 0
 128 0096 BD46     		mov	sp, r7
 129              		@ sp needed
 130 0098 80BD     		pop	{r7, pc}
 131              	.L3:
 132 009a C046     		.align	2
 133              	.L2:
 134 009c 70000640 		.word	1074135152
 135 00a0 00000640 		.word	1074135040
 136 00a4 60000640 		.word	1074135136
 137 00a8 77080040 		.word	1073743991
 138 00ac 00030640 		.word	1074135808
 139 00b0 07010080 		.word	-2147483385
 140 00b4 04030640 		.word	1074135812
 141 00b8 10030640 		.word	1074135824
 142 00bc 1000FE00 		.word	16646160
ARM GAS  C:\Users\Jeppe\AppData\Local\Temp\cc0dTAdd.s 			page 8


 143 00c0 00020640 		.word	1074135552
 144 00c4 04020640 		.word	1074135556
 145 00c8 00000000 		.word	I2C_SF_I2C_ISR
 146 00cc C80E0640 		.word	1074138824
 147 00d0 880E0640 		.word	1074138760
 148 00d4 480F0640 		.word	1074138952
 149 00d8 080F0640 		.word	1074138888
 150 00dc C80F0640 		.word	1074139080
 151 00e0 880F0640 		.word	1074139016
 152 00e4 00000000 		.word	I2C_SF_state
 153 00e8 00000000 		.word	I2C_SF_slStatus
 154 00ec 00000000 		.word	I2C_SF_slRdBufIndex
 155 00f0 00000000 		.word	I2C_SF_slWrBufIndex
 156 00f4 00000000 		.word	I2C_SF_slOverFlowCount
 157              		.cfi_endproc
 158              	.LFE0:
 159              		.size	I2C_SF_I2CInit, .-I2C_SF_I2CInit
 160              		.section	.text.I2C_SF_I2CStop,"ax",%progbits
 161              		.align	2
 162              		.global	I2C_SF_I2CStop
 163              		.code	16
 164              		.thumb_func
 165              		.type	I2C_SF_I2CStop, %function
 166              	I2C_SF_I2CStop:
 167              	.LFB1:
 258:.\Generated_Source\PSoC4/I2C_SF_I2C.c **** #endif /* (I2C_SF_SCB_MODE_UNCONFIG_CONST_CFG) */
 259:.\Generated_Source\PSoC4/I2C_SF_I2C.c **** 
 260:.\Generated_Source\PSoC4/I2C_SF_I2C.c **** 
 261:.\Generated_Source\PSoC4/I2C_SF_I2C.c **** /*******************************************************************************
 262:.\Generated_Source\PSoC4/I2C_SF_I2C.c **** * Function Name: I2C_SF_I2CStop
 263:.\Generated_Source\PSoC4/I2C_SF_I2C.c **** ********************************************************************************
 264:.\Generated_Source\PSoC4/I2C_SF_I2C.c **** *
 265:.\Generated_Source\PSoC4/I2C_SF_I2C.c **** * Summary:
 266:.\Generated_Source\PSoC4/I2C_SF_I2C.c **** *  Resets the I2C FSM into the default state and disables TX interrupt sources.
 267:.\Generated_Source\PSoC4/I2C_SF_I2C.c **** *
 268:.\Generated_Source\PSoC4/I2C_SF_I2C.c **** * Parameters:
 269:.\Generated_Source\PSoC4/I2C_SF_I2C.c **** *  None
 270:.\Generated_Source\PSoC4/I2C_SF_I2C.c **** *
 271:.\Generated_Source\PSoC4/I2C_SF_I2C.c **** * Return:
 272:.\Generated_Source\PSoC4/I2C_SF_I2C.c **** *  None
 273:.\Generated_Source\PSoC4/I2C_SF_I2C.c **** *
 274:.\Generated_Source\PSoC4/I2C_SF_I2C.c **** *******************************************************************************/
 275:.\Generated_Source\PSoC4/I2C_SF_I2C.c **** void I2C_SF_I2CStop(void)
 276:.\Generated_Source\PSoC4/I2C_SF_I2C.c **** {
 168              		.loc 1 276 0
 169              		.cfi_startproc
 170 0000 80B5     		push	{r7, lr}
 171              		.cfi_def_cfa_offset 8
 172              		.cfi_offset 7, -8
 173              		.cfi_offset 14, -4
 174 0002 00AF     		add	r7, sp, #0
 175              		.cfi_def_cfa_register 7
 277:.\Generated_Source\PSoC4/I2C_SF_I2C.c ****     /* Disable TX interrupt sources in order not to cause a false trigger.
 278:.\Generated_Source\PSoC4/I2C_SF_I2C.c ****     * The incoming transaction will enable an appropriate TX interrupt.
 279:.\Generated_Source\PSoC4/I2C_SF_I2C.c ****     */
 280:.\Generated_Source\PSoC4/I2C_SF_I2C.c ****     I2C_SF_SetTxInterruptMode(I2C_SF_NO_INTR_SOURCES);
 176              		.loc 1 280 0
ARM GAS  C:\Users\Jeppe\AppData\Local\Temp\cc0dTAdd.s 			page 9


 177 0004 054B     		ldr	r3, .L5
 178 0006 0022     		mov	r2, #0
 179 0008 1A60     		str	r2, [r3]
 281:.\Generated_Source\PSoC4/I2C_SF_I2C.c **** 
 282:.\Generated_Source\PSoC4/I2C_SF_I2C.c **** #if(I2C_SF_CY_SCBIP_V0)
 283:.\Generated_Source\PSoC4/I2C_SF_I2C.c ****     /* Clear a pending interrupt as the TX FIFO becomes empty and the block does not gate
 284:.\Generated_Source\PSoC4/I2C_SF_I2C.c ****     * an interrupt trigger when disabled.
 285:.\Generated_Source\PSoC4/I2C_SF_I2C.c ****     */
 286:.\Generated_Source\PSoC4/I2C_SF_I2C.c ****     I2C_SF_ClearPendingInt();
 180              		.loc 1 286 0
 181 000a 0A20     		mov	r0, #10
 182 000c FFF7FEFF 		bl	CyIntClearPending
 287:.\Generated_Source\PSoC4/I2C_SF_I2C.c **** #endif /* (I2C_SF_CY_SCBIP_V0) */
 288:.\Generated_Source\PSoC4/I2C_SF_I2C.c **** 
 289:.\Generated_Source\PSoC4/I2C_SF_I2C.c ****     I2C_SF_state = I2C_SF_I2C_FSM_IDLE;
 183              		.loc 1 289 0
 184 0010 034B     		ldr	r3, .L5+4
 185 0012 1022     		mov	r2, #16
 186 0014 1A70     		strb	r2, [r3]
 290:.\Generated_Source\PSoC4/I2C_SF_I2C.c **** }
 187              		.loc 1 290 0
 188 0016 BD46     		mov	sp, r7
 189              		@ sp needed
 190 0018 80BD     		pop	{r7, pc}
 191              	.L6:
 192 001a C046     		.align	2
 193              	.L5:
 194 001c 880F0640 		.word	1074139016
 195 0020 00000000 		.word	I2C_SF_state
 196              		.cfi_endproc
 197              	.LFE1:
 198              		.size	I2C_SF_I2CStop, .-I2C_SF_I2CStop
 199              		.text
 200              	.Letext0:
 201              		.file 2 ".\\Generated_Source\\PSoC4/cytypes.h"
 202              		.file 3 ".\\Generated_Source\\PSoC4\\I2C_SF_I2C_PVT.h"
 203              		.section	.debug_info,"",%progbits
 204              	.Ldebug_info0:
 205 0000 10010000 		.4byte	0x110
 206 0004 0400     		.2byte	0x4
 207 0006 00000000 		.4byte	.Ldebug_abbrev0
 208 000a 04       		.byte	0x4
 209 000b 01       		.uleb128 0x1
 210 000c 7E000000 		.4byte	.LASF23
 211 0010 01       		.byte	0x1
 212 0011 B3010000 		.4byte	.LASF24
 213 0015 0E010000 		.4byte	.LASF25
 214 0019 00000000 		.4byte	.Ldebug_ranges0+0
 215 001d 00000000 		.4byte	0
 216 0021 00000000 		.4byte	.Ldebug_line0
 217 0025 02       		.uleb128 0x2
 218 0026 01       		.byte	0x1
 219 0027 06       		.byte	0x6
 220 0028 EC010000 		.4byte	.LASF0
 221 002c 02       		.uleb128 0x2
 222 002d 01       		.byte	0x1
 223 002e 08       		.byte	0x8
ARM GAS  C:\Users\Jeppe\AppData\Local\Temp\cc0dTAdd.s 			page 10


 224 002f 32000000 		.4byte	.LASF1
 225 0033 02       		.uleb128 0x2
 226 0034 02       		.byte	0x2
 227 0035 05       		.byte	0x5
 228 0036 FE010000 		.4byte	.LASF2
 229 003a 02       		.uleb128 0x2
 230 003b 02       		.byte	0x2
 231 003c 07       		.byte	0x7
 232 003d D9010000 		.4byte	.LASF3
 233 0041 02       		.uleb128 0x2
 234 0042 04       		.byte	0x4
 235 0043 05       		.byte	0x5
 236 0044 7A010000 		.4byte	.LASF4
 237 0048 02       		.uleb128 0x2
 238 0049 04       		.byte	0x4
 239 004a 07       		.byte	0x7
 240 004b 55000000 		.4byte	.LASF5
 241 004f 02       		.uleb128 0x2
 242 0050 08       		.byte	0x8
 243 0051 05       		.byte	0x5
 244 0052 00000000 		.4byte	.LASF6
 245 0056 02       		.uleb128 0x2
 246 0057 08       		.byte	0x8
 247 0058 07       		.byte	0x7
 248 0059 67000000 		.4byte	.LASF7
 249 005d 03       		.uleb128 0x3
 250 005e 04       		.byte	0x4
 251 005f 05       		.byte	0x5
 252 0060 696E7400 		.ascii	"int\000"
 253 0064 02       		.uleb128 0x2
 254 0065 04       		.byte	0x4
 255 0066 07       		.byte	0x7
 256 0067 15000000 		.4byte	.LASF8
 257 006b 04       		.uleb128 0x4
 258 006c 4F000000 		.4byte	.LASF9
 259 0070 02       		.byte	0x2
 260 0071 A1       		.byte	0xa1
 261 0072 2C000000 		.4byte	0x2c
 262 0076 04       		.uleb128 0x4
 263 0077 0E000000 		.4byte	.LASF10
 264 007b 02       		.byte	0x2
 265 007c A3       		.byte	0xa3
 266 007d 48000000 		.4byte	0x48
 267 0081 02       		.uleb128 0x2
 268 0082 04       		.byte	0x4
 269 0083 04       		.byte	0x4
 270 0084 F8010000 		.4byte	.LASF11
 271 0088 02       		.uleb128 0x2
 272 0089 08       		.byte	0x8
 273 008a 04       		.byte	0x4
 274 008b 92010000 		.4byte	.LASF12
 275 008f 02       		.uleb128 0x2
 276 0090 01       		.byte	0x1
 277 0091 08       		.byte	0x8
 278 0092 75010000 		.4byte	.LASF13
 279 0096 05       		.uleb128 0x5
 280 0097 6B000000 		.4byte	0x6b
ARM GAS  C:\Users\Jeppe\AppData\Local\Temp\cc0dTAdd.s 			page 11


 281 009b 06       		.uleb128 0x6
 282 009c AD010000 		.4byte	.LASF14
 283 00a0 02       		.byte	0x2
 284 00a1 4D01     		.2byte	0x14d
 285 00a3 A7000000 		.4byte	0xa7
 286 00a7 05       		.uleb128 0x5
 287 00a8 76000000 		.4byte	0x76
 288 00ac 02       		.uleb128 0x2
 289 00ad 04       		.byte	0x4
 290 00ae 07       		.byte	0x7
 291 00af 15020000 		.4byte	.LASF15
 292 00b3 07       		.uleb128 0x7
 293 00b4 83010000 		.4byte	.LASF16
 294 00b8 01       		.byte	0x1
 295 00b9 C5       		.byte	0xc5
 296 00ba 00000000 		.4byte	.LFB0
 297 00be F8000000 		.4byte	.LFE0-.LFB0
 298 00c2 01       		.uleb128 0x1
 299 00c3 9C       		.byte	0x9c
 300 00c4 08       		.uleb128 0x8
 301 00c5 40000000 		.4byte	.LASF17
 302 00c9 01       		.byte	0x1
 303 00ca 1301     		.2byte	0x113
 304 00cc 00000000 		.4byte	.LFB1
 305 00d0 24000000 		.4byte	.LFE1-.LFB1
 306 00d4 01       		.uleb128 0x1
 307 00d5 9C       		.byte	0x9c
 308 00d6 09       		.uleb128 0x9
 309 00d7 08020000 		.4byte	.LASF18
 310 00db 01       		.byte	0x1
 311 00dc 1A       		.byte	0x1a
 312 00dd 96000000 		.4byte	0x96
 313 00e1 05       		.uleb128 0x5
 314 00e2 03       		.byte	0x3
 315 00e3 00000000 		.4byte	I2C_SF_state
 316 00e7 0A       		.uleb128 0xa
 317 00e8 22000000 		.4byte	.LASF19
 318 00ec 03       		.byte	0x3
 319 00ed 20       		.byte	0x20
 320 00ee 96000000 		.4byte	0x96
 321 00f2 0A       		.uleb128 0xa
 322 00f3 FA000000 		.4byte	.LASF20
 323 00f7 03       		.byte	0x3
 324 00f8 25       		.byte	0x25
 325 00f9 A7000000 		.4byte	0xa7
 326 00fd 0A       		.uleb128 0xa
 327 00fe 99010000 		.4byte	.LASF21
 328 0102 03       		.byte	0x3
 329 0103 2A       		.byte	0x2a
 330 0104 A7000000 		.4byte	0xa7
 331 0108 0A       		.uleb128 0xa
 332 0109 1E020000 		.4byte	.LASF22
 333 010d 03       		.byte	0x3
 334 010e 2C       		.byte	0x2c
 335 010f 96000000 		.4byte	0x96
 336 0113 00       		.byte	0
 337              		.section	.debug_abbrev,"",%progbits
ARM GAS  C:\Users\Jeppe\AppData\Local\Temp\cc0dTAdd.s 			page 12


 338              	.Ldebug_abbrev0:
 339 0000 01       		.uleb128 0x1
 340 0001 11       		.uleb128 0x11
 341 0002 01       		.byte	0x1
 342 0003 25       		.uleb128 0x25
 343 0004 0E       		.uleb128 0xe
 344 0005 13       		.uleb128 0x13
 345 0006 0B       		.uleb128 0xb
 346 0007 03       		.uleb128 0x3
 347 0008 0E       		.uleb128 0xe
 348 0009 1B       		.uleb128 0x1b
 349 000a 0E       		.uleb128 0xe
 350 000b 55       		.uleb128 0x55
 351 000c 17       		.uleb128 0x17
 352 000d 11       		.uleb128 0x11
 353 000e 01       		.uleb128 0x1
 354 000f 10       		.uleb128 0x10
 355 0010 17       		.uleb128 0x17
 356 0011 00       		.byte	0
 357 0012 00       		.byte	0
 358 0013 02       		.uleb128 0x2
 359 0014 24       		.uleb128 0x24
 360 0015 00       		.byte	0
 361 0016 0B       		.uleb128 0xb
 362 0017 0B       		.uleb128 0xb
 363 0018 3E       		.uleb128 0x3e
 364 0019 0B       		.uleb128 0xb
 365 001a 03       		.uleb128 0x3
 366 001b 0E       		.uleb128 0xe
 367 001c 00       		.byte	0
 368 001d 00       		.byte	0
 369 001e 03       		.uleb128 0x3
 370 001f 24       		.uleb128 0x24
 371 0020 00       		.byte	0
 372 0021 0B       		.uleb128 0xb
 373 0022 0B       		.uleb128 0xb
 374 0023 3E       		.uleb128 0x3e
 375 0024 0B       		.uleb128 0xb
 376 0025 03       		.uleb128 0x3
 377 0026 08       		.uleb128 0x8
 378 0027 00       		.byte	0
 379 0028 00       		.byte	0
 380 0029 04       		.uleb128 0x4
 381 002a 16       		.uleb128 0x16
 382 002b 00       		.byte	0
 383 002c 03       		.uleb128 0x3
 384 002d 0E       		.uleb128 0xe
 385 002e 3A       		.uleb128 0x3a
 386 002f 0B       		.uleb128 0xb
 387 0030 3B       		.uleb128 0x3b
 388 0031 0B       		.uleb128 0xb
 389 0032 49       		.uleb128 0x49
 390 0033 13       		.uleb128 0x13
 391 0034 00       		.byte	0
 392 0035 00       		.byte	0
 393 0036 05       		.uleb128 0x5
 394 0037 35       		.uleb128 0x35
ARM GAS  C:\Users\Jeppe\AppData\Local\Temp\cc0dTAdd.s 			page 13


 395 0038 00       		.byte	0
 396 0039 49       		.uleb128 0x49
 397 003a 13       		.uleb128 0x13
 398 003b 00       		.byte	0
 399 003c 00       		.byte	0
 400 003d 06       		.uleb128 0x6
 401 003e 16       		.uleb128 0x16
 402 003f 00       		.byte	0
 403 0040 03       		.uleb128 0x3
 404 0041 0E       		.uleb128 0xe
 405 0042 3A       		.uleb128 0x3a
 406 0043 0B       		.uleb128 0xb
 407 0044 3B       		.uleb128 0x3b
 408 0045 05       		.uleb128 0x5
 409 0046 49       		.uleb128 0x49
 410 0047 13       		.uleb128 0x13
 411 0048 00       		.byte	0
 412 0049 00       		.byte	0
 413 004a 07       		.uleb128 0x7
 414 004b 2E       		.uleb128 0x2e
 415 004c 00       		.byte	0
 416 004d 3F       		.uleb128 0x3f
 417 004e 19       		.uleb128 0x19
 418 004f 03       		.uleb128 0x3
 419 0050 0E       		.uleb128 0xe
 420 0051 3A       		.uleb128 0x3a
 421 0052 0B       		.uleb128 0xb
 422 0053 3B       		.uleb128 0x3b
 423 0054 0B       		.uleb128 0xb
 424 0055 27       		.uleb128 0x27
 425 0056 19       		.uleb128 0x19
 426 0057 11       		.uleb128 0x11
 427 0058 01       		.uleb128 0x1
 428 0059 12       		.uleb128 0x12
 429 005a 06       		.uleb128 0x6
 430 005b 40       		.uleb128 0x40
 431 005c 18       		.uleb128 0x18
 432 005d 9642     		.uleb128 0x2116
 433 005f 19       		.uleb128 0x19
 434 0060 00       		.byte	0
 435 0061 00       		.byte	0
 436 0062 08       		.uleb128 0x8
 437 0063 2E       		.uleb128 0x2e
 438 0064 00       		.byte	0
 439 0065 3F       		.uleb128 0x3f
 440 0066 19       		.uleb128 0x19
 441 0067 03       		.uleb128 0x3
 442 0068 0E       		.uleb128 0xe
 443 0069 3A       		.uleb128 0x3a
 444 006a 0B       		.uleb128 0xb
 445 006b 3B       		.uleb128 0x3b
 446 006c 05       		.uleb128 0x5
 447 006d 27       		.uleb128 0x27
 448 006e 19       		.uleb128 0x19
 449 006f 11       		.uleb128 0x11
 450 0070 01       		.uleb128 0x1
 451 0071 12       		.uleb128 0x12
ARM GAS  C:\Users\Jeppe\AppData\Local\Temp\cc0dTAdd.s 			page 14


 452 0072 06       		.uleb128 0x6
 453 0073 40       		.uleb128 0x40
 454 0074 18       		.uleb128 0x18
 455 0075 9642     		.uleb128 0x2116
 456 0077 19       		.uleb128 0x19
 457 0078 00       		.byte	0
 458 0079 00       		.byte	0
 459 007a 09       		.uleb128 0x9
 460 007b 34       		.uleb128 0x34
 461 007c 00       		.byte	0
 462 007d 03       		.uleb128 0x3
 463 007e 0E       		.uleb128 0xe
 464 007f 3A       		.uleb128 0x3a
 465 0080 0B       		.uleb128 0xb
 466 0081 3B       		.uleb128 0x3b
 467 0082 0B       		.uleb128 0xb
 468 0083 49       		.uleb128 0x49
 469 0084 13       		.uleb128 0x13
 470 0085 3F       		.uleb128 0x3f
 471 0086 19       		.uleb128 0x19
 472 0087 02       		.uleb128 0x2
 473 0088 18       		.uleb128 0x18
 474 0089 00       		.byte	0
 475 008a 00       		.byte	0
 476 008b 0A       		.uleb128 0xa
 477 008c 34       		.uleb128 0x34
 478 008d 00       		.byte	0
 479 008e 03       		.uleb128 0x3
 480 008f 0E       		.uleb128 0xe
 481 0090 3A       		.uleb128 0x3a
 482 0091 0B       		.uleb128 0xb
 483 0092 3B       		.uleb128 0x3b
 484 0093 0B       		.uleb128 0xb
 485 0094 49       		.uleb128 0x49
 486 0095 13       		.uleb128 0x13
 487 0096 3F       		.uleb128 0x3f
 488 0097 19       		.uleb128 0x19
 489 0098 3C       		.uleb128 0x3c
 490 0099 19       		.uleb128 0x19
 491 009a 00       		.byte	0
 492 009b 00       		.byte	0
 493 009c 00       		.byte	0
 494              		.section	.debug_aranges,"",%progbits
 495 0000 24000000 		.4byte	0x24
 496 0004 0200     		.2byte	0x2
 497 0006 00000000 		.4byte	.Ldebug_info0
 498 000a 04       		.byte	0x4
 499 000b 00       		.byte	0
 500 000c 0000     		.2byte	0
 501 000e 0000     		.2byte	0
 502 0010 00000000 		.4byte	.LFB0
 503 0014 F8000000 		.4byte	.LFE0-.LFB0
 504 0018 00000000 		.4byte	.LFB1
 505 001c 24000000 		.4byte	.LFE1-.LFB1
 506 0020 00000000 		.4byte	0
 507 0024 00000000 		.4byte	0
 508              		.section	.debug_ranges,"",%progbits
ARM GAS  C:\Users\Jeppe\AppData\Local\Temp\cc0dTAdd.s 			page 15


 509              	.Ldebug_ranges0:
 510 0000 00000000 		.4byte	.LFB0
 511 0004 F8000000 		.4byte	.LFE0
 512 0008 00000000 		.4byte	.LFB1
 513 000c 24000000 		.4byte	.LFE1
 514 0010 00000000 		.4byte	0
 515 0014 00000000 		.4byte	0
 516              		.section	.debug_line,"",%progbits
 517              	.Ldebug_line0:
 518 0000 A0000000 		.section	.debug_str,"MS",%progbits,1
 518      02005D00 
 518      00000201 
 518      FB0E0D00 
 518      01010101 
 519              	.LASF6:
 520 0000 6C6F6E67 		.ascii	"long long int\000"
 520      206C6F6E 
 520      6720696E 
 520      7400
 521              	.LASF10:
 522 000e 75696E74 		.ascii	"uint32\000"
 522      333200
 523              	.LASF8:
 524 0015 756E7369 		.ascii	"unsigned int\000"
 524      676E6564 
 524      20696E74 
 524      00
 525              	.LASF19:
 526 0022 4932435F 		.ascii	"I2C_SF_slStatus\000"
 526      53465F73 
 526      6C537461 
 526      74757300 
 527              	.LASF1:
 528 0032 756E7369 		.ascii	"unsigned char\000"
 528      676E6564 
 528      20636861 
 528      7200
 529              	.LASF17:
 530 0040 4932435F 		.ascii	"I2C_SF_I2CStop\000"
 530      53465F49 
 530      32435374 
 530      6F7000
 531              	.LASF9:
 532 004f 75696E74 		.ascii	"uint8\000"
 532      3800
 533              	.LASF5:
 534 0055 6C6F6E67 		.ascii	"long unsigned int\000"
 534      20756E73 
 534      69676E65 
 534      6420696E 
 534      7400
 535              	.LASF7:
 536 0067 6C6F6E67 		.ascii	"long long unsigned int\000"
 536      206C6F6E 
 536      6720756E 
 536      7369676E 
 536      65642069 
ARM GAS  C:\Users\Jeppe\AppData\Local\Temp\cc0dTAdd.s 			page 16


 537              	.LASF23:
 538 007e 474E5520 		.ascii	"GNU C 4.8.4 20140526 (release) [ARM/embedded-4_8-br"
 538      4320342E 
 538      382E3420 
 538      32303134 
 538      30353236 
 539 00b1 616E6368 		.ascii	"anch revision 211358] -mcpu=cortex-m0 -mthumb -g -O"
 539      20726576 
 539      6973696F 
 539      6E203231 
 539      31333538 
 540 00e4 30202D66 		.ascii	"0 -ffunction-sections\000"
 540      66756E63 
 540      74696F6E 
 540      2D736563 
 540      74696F6E 
 541              	.LASF20:
 542 00fa 4932435F 		.ascii	"I2C_SF_slWrBufIndex\000"
 542      53465F73 
 542      6C577242 
 542      7566496E 
 542      64657800 
 543              	.LASF25:
 544 010e 433A5C55 		.ascii	"C:\\Users\\Jeppe\\Google Drev\\E4PRJ4 gDrive\\Vugge"
 544      73657273 
 544      5C4A6570 
 544      70655C47 
 544      6F6F676C 
 545 013c 73797374 		.ascii	"system arbejdsdokumenter\\vuggeControl\\vuggeContro"
 545      656D2061 
 545      7262656A 
 545      6473646F 
 545      6B756D65 
 546 016d 6C2E6379 		.ascii	"l.cydsn\000"
 546      64736E00 
 547              	.LASF13:
 548 0175 63686172 		.ascii	"char\000"
 548      00
 549              	.LASF4:
 550 017a 6C6F6E67 		.ascii	"long int\000"
 550      20696E74 
 550      00
 551              	.LASF16:
 552 0183 4932435F 		.ascii	"I2C_SF_I2CInit\000"
 552      53465F49 
 552      3243496E 
 552      697400
 553              	.LASF12:
 554 0192 646F7562 		.ascii	"double\000"
 554      6C6500
 555              	.LASF21:
 556 0199 4932435F 		.ascii	"I2C_SF_slRdBufIndex\000"
 556      53465F73 
 556      6C526442 
 556      7566496E 
 556      64657800 
 557              	.LASF14:
ARM GAS  C:\Users\Jeppe\AppData\Local\Temp\cc0dTAdd.s 			page 17


 558 01ad 72656733 		.ascii	"reg32\000"
 558      3200
 559              	.LASF24:
 560 01b3 2E5C4765 		.ascii	".\\Generated_Source\\PSoC4\\I2C_SF_I2C.c\000"
 560      6E657261 
 560      7465645F 
 560      536F7572 
 560      63655C50 
 561              	.LASF3:
 562 01d9 73686F72 		.ascii	"short unsigned int\000"
 562      7420756E 
 562      7369676E 
 562      65642069 
 562      6E7400
 563              	.LASF0:
 564 01ec 7369676E 		.ascii	"signed char\000"
 564      65642063 
 564      68617200 
 565              	.LASF11:
 566 01f8 666C6F61 		.ascii	"float\000"
 566      7400
 567              	.LASF2:
 568 01fe 73686F72 		.ascii	"short int\000"
 568      7420696E 
 568      7400
 569              	.LASF18:
 570 0208 4932435F 		.ascii	"I2C_SF_state\000"
 570      53465F73 
 570      74617465 
 570      00
 571              	.LASF15:
 572 0215 73697A65 		.ascii	"sizetype\000"
 572      74797065 
 572      00
 573              	.LASF22:
 574 021e 4932435F 		.ascii	"I2C_SF_slOverFlowCount\000"
 574      53465F73 
 574      6C4F7665 
 574      72466C6F 
 574      77436F75 
 575              		.ident	"GCC: (GNU Tools for ARM Embedded Processors) 4.8.4 20140526 (release) [ARM/embedded-4_8-br
