Archive member included because of file (symbol)

.\CortexM0\ARM_GCC_484\Debug\vuggeControl.a(cyfitter_cfg.o)
                              .\CortexM0\ARM_GCC_484\Debug\Cm0Start.o (cyfitter_cfg)
.\CortexM0\ARM_GCC_484\Debug\vuggeControl.a(I2CVuggesystem.o)
                              .\CortexM0\ARM_GCC_484\Debug\i2cKommunikation.o (I2CVuggesystem_Start)
.\CortexM0\ARM_GCC_484\Debug\vuggeControl.a(I2CVuggesystem_EZI2C.o)
                              .\CortexM0\ARM_GCC_484\Debug\vuggeControl.a(I2CVuggesystem.o) (I2CVuggesystem_EzI2CInit)
.\CortexM0\ARM_GCC_484\Debug\vuggeControl.a(I2CVuggesystem_EZI2C_INT.o)
                              .\CortexM0\ARM_GCC_484\Debug\vuggeControl.a(I2CVuggesystem_EZI2C.o) (I2CVuggesystem_EZI2C_NO_STRETCH_ISR)
.\CortexM0\ARM_GCC_484\Debug\vuggeControl.a(CyBootAsmGnu.o)
                              .\CortexM0\ARM_GCC_484\Debug\vuggeControl.a(cyfitter_cfg.o) (CyDelayCycles)
.\CortexM0\ARM_GCC_484\Debug\vuggeControl.a(CyLib.o)
                              .\CortexM0\ARM_GCC_484\Debug\vuggeControl.a(cyfitter_cfg.o) (CyDelayUs)
.\CortexM0\ARM_GCC_484\Debug\vuggeControl.a(Endstop_isr.o)
                              .\CortexM0\ARM_GCC_484\Debug\sensorFortolker.o (Endstop_isr_StartEx)
.\CortexM0\ARM_GCC_484\Debug\vuggeControl.a(PWM.o)
                              .\CortexM0\ARM_GCC_484\Debug\regulering.o (PWM_Start)
.\CortexM0\ARM_GCC_484\Debug\vuggeControl.a(debugOut.o)
                              .\CortexM0\ARM_GCC_484\Debug\vuggeControl.o (debugOut_Start)
.\CortexM0\ARM_GCC_484\Debug\vuggeControl.a(debugOut_IntClock.o)
                              .\CortexM0\ARM_GCC_484\Debug\vuggeControl.a(debugOut.o) (debugOut_IntClock_Start)
.\CortexM0\ARM_GCC_484\Debug\vuggeControl.a(sensorI2C.o)
                              .\CortexM0\ARM_GCC_484\Debug\sensorFortolker.o (sensorI2C_Start)
.\CortexM0\ARM_GCC_484\Debug\vuggeControl.a(sensorI2C_I2C.o)
                              .\CortexM0\ARM_GCC_484\Debug\vuggeControl.a(sensorI2C.o) (sensorI2C_I2CInit)
.\CortexM0\ARM_GCC_484\Debug\vuggeControl.a(sensorI2C_I2C_MASTER.o)
                              .\CortexM0\ARM_GCC_484\Debug\vuggeControl.a(sensorI2C_I2C.o) (sensorI2C_mstrStatus)
.\CortexM0\ARM_GCC_484\Debug\vuggeControl.a(sensorI2C_sda.o)
                              .\CortexM0\ARM_GCC_484\Debug\vuggeControl.a(sensorI2C_I2C_MASTER.o) (sensorI2C_sda_Read)
.\CortexM0\ARM_GCC_484\Debug\vuggeControl.a(sensorI2C_scl.o)
                              .\CortexM0\ARM_GCC_484\Debug\vuggeControl.a(sensorI2C_I2C_MASTER.o) (sensorI2C_scl_Write)
.\CortexM0\ARM_GCC_484\Debug\vuggeControl.a(loopTimer.o)
                              .\CortexM0\ARM_GCC_484\Debug\vuggeControl.o (loopTimer_Start)
.\CortexM0\ARM_GCC_484\Debug\vuggeControl.a(loop_isr.o)
                              .\CortexM0\ARM_GCC_484\Debug\vuggeControl.o (loop_isr_StartEx)
.\CortexM0\ARM_GCC_484\Debug\vuggeControl.a(sensorI2C_I2C_INT.o)
                              .\CortexM0\ARM_GCC_484\Debug\vuggeControl.a(sensorI2C_I2C.o) (sensorI2C_I2C_ISR)
c:/program files (x86)/cypress/psoc creator/3.1/psoc creator/import/gnu_cs/arm/4.8.4/bin/../lib/gcc/arm-none-eabi/4.8.4/armv6-m\libgcc.a(_udivsi3.o)
                              .\CortexM0\ARM_GCC_484\Debug\vuggeControl.a(CyLib.o) (__aeabi_uidiv)
c:/program files (x86)/cypress/psoc creator/3.1/psoc creator/import/gnu_cs/arm/4.8.4/bin/../lib/gcc/arm-none-eabi/4.8.4/armv6-m\libgcc.a(_divsi3.o)
                              .\CortexM0\ARM_GCC_484\Debug\Cm0Start.o (__aeabi_idiv)
c:/program files (x86)/cypress/psoc creator/3.1/psoc creator/import/gnu_cs/arm/4.8.4/bin/../lib/gcc/arm-none-eabi/4.8.4/armv6-m\libgcc.a(_dvmd_tls.o)
                              c:/program files (x86)/cypress/psoc creator/3.1/psoc creator/import/gnu_cs/arm/4.8.4/bin/../lib/gcc/arm-none-eabi/4.8.4/armv6-m\libgcc.a(_udivsi3.o) (__aeabi_idiv0)
c:/program files (x86)/cypress/psoc creator/3.1/psoc creator/import/gnu_cs/arm/4.8.4/bin/../lib/gcc/arm-none-eabi/4.8.4/armv6-m\libgcc.a(_aeabi_ldivmod.o)
                              .\CortexM0\ARM_GCC_484\Debug\fixedMath.o (__aeabi_ldivmod)
c:/program files (x86)/cypress/psoc creator/3.1/psoc creator/import/gnu_cs/arm/4.8.4/bin/../lib/gcc/arm-none-eabi/4.8.4/armv6-m\libgcc.a(_muldi3.o)
                              .\CortexM0\ARM_GCC_484\Debug\fixedMath.o (__aeabi_lmul)
c:/program files (x86)/cypress/psoc creator/3.1/psoc creator/import/gnu_cs/arm/4.8.4/bin/../lib/gcc/arm-none-eabi/4.8.4/armv6-m\libgcc.a(bpabi.o)
                              c:/program files (x86)/cypress/psoc creator/3.1/psoc creator/import/gnu_cs/arm/4.8.4/bin/../lib/gcc/arm-none-eabi/4.8.4/armv6-m\libgcc.a(_aeabi_ldivmod.o) (__gnu_ldivmod_helper)
c:/program files (x86)/cypress/psoc creator/3.1/psoc creator/import/gnu_cs/arm/4.8.4/bin/../lib/gcc/arm-none-eabi/4.8.4/armv6-m\libgcc.a(_divdi3.o)
[...]
Memory Configuration

Name             Origin             Length             Attributes
rom              0x00000000         0x00008000         xr
ram              0x20000000         0x00001000         xrw
*default*        0x00000000         0xffffffff

Linker script and memory map

LOAD c:/program files (x86)/cypress/psoc creator/3.1/psoc creator/import/gnu_cs/arm/4.8.4/bin/../lib/gcc/arm-none-eabi/4.8.4/armv6-m/crti.o
LOAD c:/program files (x86)/cypress/psoc creator/3.1/psoc creator/import/gnu_cs/arm/4.8.4/bin/../lib/gcc/arm-none-eabi/4.8.4/armv6-m/crtbegin.o
LOAD c:/program files (x86)/cypress/psoc creator/3.1/psoc creator/import/gnu_cs/arm/4.8.4/bin/../lib/gcc/arm-none-eabi/4.8.4/../../../../arm-none-eabi/lib/armv6-m/crt0.o
START GROUP
LOAD .\CortexM0\ARM_GCC_484\Debug\vuggeControl.o
LOAD .\CortexM0\ARM_GCC_484\Debug\i2cKommunikation.o
LOAD .\CortexM0\ARM_GCC_484\Debug\sensorFortolker.o
LOAD .\CortexM0\ARM_GCC_484\Debug\regulering.o
LOAD .\CortexM0\ARM_GCC_484\Debug\fixedMath.o
LOAD .\CortexM0\ARM_GCC_484\Debug\cymetadata.o
LOAD .\CortexM0\ARM_GCC_484\Debug\Cm0Start.o
LOAD .\CortexM0\ARM_GCC_484\Debug\vuggeControl.a
LOAD C:\Program Files (x86)\Cypress\PSoC Creator\3.1\PSoC Creator\psoc\content\cycomponentlibrary\CyComponentLibrary.cylib\CortexM0\ARM_GCC_484\Debug\CyComponentLibrary.a
END GROUP
START GROUP
LOAD c:/program files (x86)/cypress/psoc creator/3.1/psoc creator/import/gnu_cs/arm/4.8.4/bin/../lib/gcc/arm-none-eabi/4.8.4/armv6-m\libgcc.a
LOAD c:/program files (x86)/cypress/psoc creator/3.1/psoc creator/import/gnu_cs/arm/4.8.4/bin/../lib/gcc/arm-none-eabi/4.8.4/../../../../arm-none-eabi/lib/armv6-m\libg_s.a
LOAD c:/program files (x86)/cypress/psoc creator/3.1/psoc creator/import/gnu_cs/arm/4.8.4/bin/../lib/gcc/arm-none-eabi/4.8.4/../../../../arm-none-eabi/lib/armv6-m\libc_s.a
END GROUP
START GROUP
LOAD c:/program files (x86)/cypress/psoc creator/3.1/psoc creator/import/gnu_cs/arm/4.8.4/bin/../lib/gcc/arm-none-eabi/4.8.4/armv6-m\libgcc.a
LOAD c:/program files (x86)/cypress/psoc creator/3.1/psoc creator/import/gnu_cs/arm/4.8.4/bin/../lib/gcc/arm-none-eabi/4.8.4/../../../../arm-none-eabi/lib/armv6-m\libc_s.a
END GROUP
LOAD c:/program files (x86)/cypress/psoc creator/3.1/psoc creator/import/gnu_cs/arm/4.8.4/bin/../lib/gcc/arm-none-eabi/4.8.4/armv6-m/crtend.o
LOAD c:/program files (x86)/cypress/psoc creator/3.1/psoc creator/import/gnu_cs/arm/4.8.4/bin/../lib/gcc/arm-none-eabi/4.8.4/armv6-m/crtn.o
START GROUP
LOAD c:/program files (x86)/cypress/psoc creator/3.1/psoc creator/import/gnu_cs/arm/4.8.4/bin/../lib/gcc/arm-none-eabi/4.8.4/armv6-m\libgcc.a
LOAD c:/program files (x86)/cypress/psoc creator/3.1/psoc creator/import/gnu_cs/arm/4.8.4/bin/../lib/gcc/arm-none-eabi/4.8.4/../../../../arm-none-eabi/lib/armv6-m\libc.a
LOAD c:/program files (x86)/cypress/psoc creator/3.1/psoc creator/import/gnu_cs/arm/4.8.4/bin/../lib/gcc/arm-none-eabi/4.8.4/../../../../arm-none-eabi/lib/armv6-m\libnosys.a
END GROUP
                0x00000000                CY_APPL_ORIGIN = 0x0
                0x00000080                CY_FLASH_ROW_SIZE = 0x80
                0x00000001                CY_APPL_NUM = 0x1
                0x00000040                CY_METADATA_SIZE = 0x40
                0x20000200                PROVIDE (__cy_heap_start, _end)
                0x00000001                PROVIDE (__cy_region_num, ((__cy_regions_end - __cy_regions) / 0x10))
                0x20001000                PROVIDE (__cy_stack, (ORIGIN (ram) + 0x1000))
                0x20000c00                PROVIDE (__cy_heap_end, (__cy_stack - 0x400))

.cybootloader   0x00000000        0x0
 *(.cybootloader)
                0x00000000                appl1_start = CY_APPL_ORIGIN?CY_APPL_ORIGIN:ALIGN (CY_FLASH_ROW_SIZE)
                0x00003f80                appl2_start = (appl1_start + ALIGN ((((0x8000 - appl1_start) - (0x2 * CY_FLASH_ROW_SIZE)) / 0x2), CY_FLASH_ROW_SIZE))
                0x00000000                appl_start = (CY_APPL_NUM == 0x1)?appl1_start:appl2_start

.text           0x00000000     0x3238
 CREATE_OBJECT_SYMBOLS
                0x00000000                PROVIDE (__cy_interrupt_vector, RomVectors)
 *(.romvectors)
 .romvectors    0x00000000       0x10 .\CortexM0\ARM_GCC_484\Debug\Cm0Start.o
                0x00000000                RomVectors
                0x00000001                ASSERT ((. != __cy_interrupt_vector), No interrupt vector)
                0x00000001                ASSERT (CY_APPL_ORIGIN?(SIZEOF (.cybootloader) <= CY_APPL_ORIGIN):0x1, Wrong image location)
                0x00000010                PROVIDE (__cy_reset, Reset)
 *(.text.Reset)
 .text.Reset    0x00000010        0x8 .\CortexM0\ARM_GCC_484\Debug\Cm0Start.o
                0x00000010                Reset
                0x00000001                ASSERT ((. != __cy_reset), No reset code)
 *(.psocinit)
 .psocinit      0x00000018      0x384 .\CortexM0\ARM_GCC_484\Debug\vuggeControl.a(cyfitter_cfg.o)
                0x000001a8                cyfitter_cfg
                0x0000039c                . = MAX (., 0x100)
 *(.text .text.* .gnu.linkonce.t.*)
 .text          0x0000039c       0x60 c:/program files (x86)/cypress/psoc creator/3.1/psoc creator/import/gnu_cs/arm/4.8.4/bin/../lib/gcc/arm-none-eabi/4.8.4/armv6-m/crtbegin.o
 .text.main     0x000003fc       0x9c .\CortexM0\ARM_GCC_484\Debug\vuggeControl.o
                0x000003fc                main
 .text.initVuggesystem
                0x00000498       0x44 .\CortexM0\ARM_GCC_484\Debug\vuggeControl.o
                0x00000498                initVuggesystem
 .text.reguleringsStatus
                0x000004dc       0x34 .\CortexM0\ARM_GCC_484\Debug\vuggeControl.o
                0x000004dc                reguleringsStatus
 .text.lukSystem
                0x00000510       0x70 .\CortexM0\ARM_GCC_484\Debug\vuggeControl.o
                0x00000510                lukSystem
 .text.checkOn_Off
                0x00000580       0x50 .\CortexM0\ARM_GCC_484\Debug\vuggeControl.o
                0x00000580                checkOn_Off
 .text.checkEndstop
                0x000005d0       0x50 .\CortexM0\ARM_GCC_484\Debug\vuggeControl.o
                0x000005d0                checkEndstop
 .text.loopIsr  0x00000620       0x20 .\CortexM0\ARM_GCC_484\Debug\vuggeControl.o
                0x00000620                loopIsr
 .text.initI2C  0x00000640       0x40 .\CortexM0\ARM_GCC_484\Debug\i2cKommunikation.o
                0x00000640                initI2C
 .text.sendConKom
                0x00000680       0x10 .\CortexM0\ARM_GCC_484\Debug\i2cKommunikation.o
                0x00000680                sendConKom
 .text.initSensors
                0x00000690       0x48 .\CortexM0\ARM_GCC_484\Debug\sensorFortolker.o
                0x00000690                initSensors
 .text.getVuggeUdsvingSens
                0x000006d8      0x11c .\CortexM0\ARM_GCC_484\Debug\sensorFortolker.o
                0x000006d8                getVuggeUdsvingSens
 .text.getEndstopGPIO
                0x000007f4       0x14 .\CortexM0\ARM_GCC_484\Debug\sensorFortolker.o
                0x000007f4                getEndstopGPIO
 .text.setupI2CDevice
                0x00000808       0x50 .\CortexM0\ARM_GCC_484\Debug\sensorFortolker.o
                0x00000808                setupI2CDevice
 .text.readI2CReg
                0x00000858       0x68 .\CortexM0\ARM_GCC_484\Debug\sensorFortolker.o
                0x00000858                readI2CReg
 .text.writeI2CReg
                0x000008c0       0x50 .\CortexM0\ARM_GCC_484\Debug\sensorFortolker.o
                0x000008c0                writeI2CReg
 .text.readGyroData
                0x00000910       0x48 .\CortexM0\ARM_GCC_484\Debug\sensorFortolker.o
                0x00000910                readGyroData
 .text.readAccData
                0x00000958       0x74 .\CortexM0\ARM_GCC_484\Debug\sensorFortolker.o
                0x00000958                readAccData
 .text.EndstopGPIO
                0x000009cc       0x14 .\CortexM0\ARM_GCC_484\Debug\sensorFortolker.o
                0x000009cc                EndstopGPIO
 .text.initRegulering
                0x000009e0       0x68 .\CortexM0\ARM_GCC_484\Debug\regulering.o
                0x000009e0                initRegulering
 .text.updateRegParameter
                0x00000a48      0x194 .\CortexM0\ARM_GCC_484\Debug\regulering.o
                0x00000a48                updateRegParameter
 .text.beregnRegulering
                0x00000bdc      0x110 .\CortexM0\ARM_GCC_484\Debug\regulering.o
                0x00000bdc                beregnRegulering
 .text.PWMStyring
                0x00000cec       0x70 .\CortexM0\ARM_GCC_484\Debug\regulering.o
                0x00000cec                PWMStyring
 .text.getReguleringsStatus
                0x00000d5c       0x18 .\CortexM0\ARM_GCC_484\Debug\regulering.o
                0x00000d5c                getReguleringsStatus
 .text.fix16abs
                0x00000d74       0x20 .\CortexM0\ARM_GCC_484\Debug\fixedMath.o
                0x00000d74                fix16abs
 .text.fix16mul
                0x00000d94       0x38 .\CortexM0\ARM_GCC_484\Debug\fixedMath.o
                0x00000d94                fix16mul
 .text.fix16div
                0x00000dcc       0x3c .\CortexM0\ARM_GCC_484\Debug\fixedMath.o
                0x00000dcc                fix16div
 .text.fix16sin
                0x00000e08       0x28 .\CortexM0\ARM_GCC_484\Debug\fixedMath.o
                0x00000e08                fix16sin
 .text.fix16atan2
                0x00000e30       0x98 .\CortexM0\ARM_GCC_484\Debug\fixedMath.o
                0x00000e30                fix16atan2
 .text.fix16rad2deg
                0x00000ec8       0x24 .\CortexM0\ARM_GCC_484\Debug\fixedMath.o
                0x00000ec8                fix16rad2deg
 .text.cordic   0x00000eec       0xa4 .\CortexM0\ARM_GCC_484\Debug\fixedMath.o
                0x00000eec                cordic
 .text.IntDefaultHandler
                0x00000f90        0x8 .\CortexM0\ARM_GCC_484\Debug\Cm0Start.o
                0x00000f90                IntDefaultHandler
 .text.Start_c  0x00000f98       0x98 .\CortexM0\ARM_GCC_484\Debug\Cm0Start.o
                0x00000f98                Start_c
 .text.initialize_psoc
                0x00001030       0x64 .\CortexM0\ARM_GCC_484\Debug\Cm0Start.o
                0x00001030                initialize_psoc
 .text.CYMEMZERO
                0x00001094       0x20 .\CortexM0\ARM_GCC_484\Debug\vuggeControl.a(cyfitter_cfg.o)
 .text.cfg_write_bytes32
                0x000010b4       0x80 .\CortexM0\ARM_GCC_484\Debug\vuggeControl.a(cyfitter_cfg.o)
 .text.AnalogSetDefault
                0x00001134        0x8 .\CortexM0\ARM_GCC_484\Debug\vuggeControl.a(cyfitter_cfg.o)
 .text.I2CVuggesystem_Init
                0x0000113c        0xc .\CortexM0\ARM_GCC_484\Debug\vuggeControl.a(I2CVuggesystem.o)
                0x0000113c                I2CVuggesystem_Init
 .text.I2CVuggesystem_Enable
                0x00001148       0x20 .\CortexM0\ARM_GCC_484\Debug\vuggeControl.a(I2CVuggesystem.o)
                0x00001148                I2CVuggesystem_Enable
 .text.I2CVuggesystem_Start
                0x00001168       0x24 .\CortexM0\ARM_GCC_484\Debug\vuggeControl.a(I2CVuggesystem.o)
                0x00001168                I2CVuggesystem_Start
 .text.I2CVuggesystem_ScbEnableIntr
                0x0000118c       0x10 .\CortexM0\ARM_GCC_484\Debug\vuggeControl.a(I2CVuggesystem.o)
 .text.I2CVuggesystem_EzI2CInit
                0x0000119c       0xec .\CortexM0\ARM_GCC_484\Debug\vuggeControl.a(I2CVuggesystem_EZI2C.o)
                0x0000119c                I2CVuggesystem_EzI2CInit
 .text.I2CVuggesystem_EzI2CSetAddress1
                0x00001288       0x34 .\CortexM0\ARM_GCC_484\Debug\vuggeControl.a(I2CVuggesystem_EZI2C.o)
                0x00001288                I2CVuggesystem_EzI2CSetAddress1
 .text.I2CVuggesystem_EzI2CSetBuffer1
                0x000012bc       0x48 .\CortexM0\ARM_GCC_484\Debug\vuggeControl.a(I2CVuggesystem_EZI2C.o)
                0x000012bc                I2CVuggesystem_EzI2CSetBuffer1
 .text.I2CVuggesystem_EZI2C_NO_STRETCH_ISR
                0x00001304      0x2e0 .\CortexM0\ARM_GCC_484\Debug\vuggeControl.a(I2CVuggesystem_EZI2C_INT.o)
                0x00001304                I2CVuggesystem_EZI2C_NO_STRETCH_ISR
 *fill*         0x000015e4        0x4 
 .text          0x000015e8       0x28 .\CortexM0\ARM_GCC_484\Debug\vuggeControl.a(CyBootAsmGnu.o)
                0x000015e8                CyDelayCycles
                0x000015fc                CyEnterCriticalSection
                0x00001604                CyExitCriticalSection
 .text.CyIntSetVector
                0x00001610       0x4c .\CortexM0\ARM_GCC_484\Debug\vuggeControl.a(CyLib.o)
                0x00001610                CyIntSetVector
 .text.CyIntSetPriority
                0x0000165c       0xa8 .\CortexM0\ARM_GCC_484\Debug\vuggeControl.a(CyLib.o)
                0x0000165c                CyIntSetPriority
 .text.CyIntEnable
                0x00001704       0x2c .\CortexM0\ARM_GCC_484\Debug\vuggeControl.a(CyLib.o)
                0x00001704                CyIntEnable
 .text.CyIntDisable
                0x00001730       0x2c .\CortexM0\ARM_GCC_484\Debug\vuggeControl.a(CyLib.o)
                0x00001730                CyIntDisable
 .text.CyHalt   0x0000175c       0x14 .\CortexM0\ARM_GCC_484\Debug\vuggeControl.a(CyLib.o)
                0x0000175c                CyHalt
 .text.CyDelay  0x00001770       0x48 .\CortexM0\ARM_GCC_484\Debug\vuggeControl.a(CyLib.o)
                0x00001770                CyDelay
 .text.CyDelayUs
                0x000017b8       0x28 .\CortexM0\ARM_GCC_484\Debug\vuggeControl.a(CyLib.o)
                0x000017b8                CyDelayUs
 .text.Endstop_isr_StartEx
                0x000017e0       0x24 .\CortexM0\ARM_GCC_484\Debug\vuggeControl.a(Endstop_isr.o)
                0x000017e0                Endstop_isr_StartEx
 .text.Endstop_isr_SetVector
                0x00001804       0x18 .\CortexM0\ARM_GCC_484\Debug\vuggeControl.a(Endstop_isr.o)
                0x00001804                Endstop_isr_SetVector
 .text.Endstop_isr_SetPriority
                0x0000181c       0x50 .\CortexM0\ARM_GCC_484\Debug\vuggeControl.a(Endstop_isr.o)
                0x0000181c                Endstop_isr_SetPriority
 .text.Endstop_isr_Enable
                0x0000186c       0x14 .\CortexM0\ARM_GCC_484\Debug\vuggeControl.a(Endstop_isr.o)
                0x0000186c                Endstop_isr_Enable
 .text.Endstop_isr_Disable
                0x00001880       0x14 .\CortexM0\ARM_GCC_484\Debug\vuggeControl.a(Endstop_isr.o)
                0x00001880                Endstop_isr_Disable
 .text.PWM_Start
                0x00001894       0x24 .\CortexM0\ARM_GCC_484\Debug\vuggeControl.a(PWM.o)
                0x00001894                PWM_Start
 .text.PWM_Init
                0x000018b8       0x58 .\CortexM0\ARM_GCC_484\Debug\vuggeControl.a(PWM.o)
                0x000018b8                PWM_Init
 .text.PWM_Enable
                0x00001910       0x20 .\CortexM0\ARM_GCC_484\Debug\vuggeControl.a(PWM.o)
                0x00001910                PWM_Enable
 .text.PWM_Stop
                0x00001930       0x1c .\CortexM0\ARM_GCC_484\Debug\vuggeControl.a(PWM.o)
                0x00001930                PWM_Stop
 .text.PWM_WriteCounter
                0x0000194c       0x20 .\CortexM0\ARM_GCC_484\Debug\vuggeControl.a(PWM.o)
                0x0000194c                PWM_WriteCounter
 .text.PWM_WritePeriod
                0x0000196c       0x20 .\CortexM0\ARM_GCC_484\Debug\vuggeControl.a(PWM.o)
                0x0000196c                PWM_WritePeriod
 .text.PWM_WriteCompare
                0x0000198c       0x20 .\CortexM0\ARM_GCC_484\Debug\vuggeControl.a(PWM.o)
                0x0000198c                PWM_WriteCompare
 .text.PWM_WriteDeadTime
                0x000019ac       0x44 .\CortexM0\ARM_GCC_484\Debug\vuggeControl.a(PWM.o)
                0x000019ac                PWM_WriteDeadTime
 .text.debugOut_Start
                0x000019f0       0x24 .\CortexM0\ARM_GCC_484\Debug\vuggeControl.a(debugOut.o)
                0x000019f0                debugOut_Start
 .text.debugOut_Init
                0x00001a14       0x28 .\CortexM0\ARM_GCC_484\Debug\vuggeControl.a(debugOut.o)
                0x00001a14                debugOut_Init
 .text.debugOut_Enable
                0x00001a3c       0x38 .\CortexM0\ARM_GCC_484\Debug\vuggeControl.a(debugOut.o)
                0x00001a3c                debugOut_Enable
 .text.debugOut_PutChar
                0x00001a74       0x34 .\CortexM0\ARM_GCC_484\Debug\vuggeControl.a(debugOut.o)
                0x00001a74                debugOut_PutChar
 .text.debugOut_PutString
                0x00001aa8       0x54 .\CortexM0\ARM_GCC_484\Debug\vuggeControl.a(debugOut.o)
                0x00001aa8                debugOut_PutString
 .text.debugOut_IntClock_Start
                0x00001afc       0x1c .\CortexM0\ARM_GCC_484\Debug\vuggeControl.a(debugOut_IntClock.o)
                0x00001afc                debugOut_IntClock_Start
 .text.sensorI2C_Init
                0x00001b18        0xc .\CortexM0\ARM_GCC_484\Debug\vuggeControl.a(sensorI2C.o)
                0x00001b18                sensorI2C_Init
 .text.sensorI2C_Enable
                0x00001b24       0x20 .\CortexM0\ARM_GCC_484\Debug\vuggeControl.a(sensorI2C.o)
                0x00001b24                sensorI2C_Enable
 .text.sensorI2C_Start
                0x00001b44       0x24 .\CortexM0\ARM_GCC_484\Debug\vuggeControl.a(sensorI2C.o)
                0x00001b44                sensorI2C_Start
 .text.sensorI2C_ScbEnableIntr
                0x00001b68       0x10 .\CortexM0\ARM_GCC_484\Debug\vuggeControl.a(sensorI2C.o)
 .text.sensorI2C_I2CInit
                0x00001b78       0xe8 .\CortexM0\ARM_GCC_484\Debug\vuggeControl.a(sensorI2C_I2C.o)
                0x00001b78                sensorI2C_I2CInit
 .text.sensorI2C_I2CMasterSendStart
                0x00001c60      0x110 .\CortexM0\ARM_GCC_484\Debug\vuggeControl.a(sensorI2C_I2C_MASTER.o)
                0x00001c60                sensorI2C_I2CMasterSendStart
 .text.sensorI2C_I2CMasterSendRestart
                0x00001d70      0x108 .\CortexM0\ARM_GCC_484\Debug\vuggeControl.a(sensorI2C_I2C_MASTER.o)
                0x00001d70                sensorI2C_I2CMasterSendRestart
 .text.sensorI2C_I2CMasterSendStop
                0x00001e78       0xbc .\CortexM0\ARM_GCC_484\Debug\vuggeControl.a(sensorI2C_I2C_MASTER.o)
                0x00001e78                sensorI2C_I2CMasterSendStop
 .text.sensorI2C_I2CMasterWriteByte
                0x00001f34       0xcc .\CortexM0\ARM_GCC_484\Debug\vuggeControl.a(sensorI2C_I2C_MASTER.o)
                0x00001f34                sensorI2C_I2CMasterWriteByte
 .text.sensorI2C_I2CMasterReadByte
                0x00002000       0xa8 .\CortexM0\ARM_GCC_484\Debug\vuggeControl.a(sensorI2C_I2C_MASTER.o)
                0x00002000                sensorI2C_I2CMasterReadByte
 .text.sensorI2C_I2CReStartGeneration
                0x000020a8       0xb4 .\CortexM0\ARM_GCC_484\Debug\vuggeControl.a(sensorI2C_I2C_MASTER.o)
                0x000020a8                sensorI2C_I2CReStartGeneration
 .text.sensorI2C_sda_Read
                0x0000215c       0x1c .\CortexM0\ARM_GCC_484\Debug\vuggeControl.a(sensorI2C_sda.o)
                0x0000215c                sensorI2C_sda_Read
 .text.sensorI2C_scl_Write
                0x00002178       0x4c .\CortexM0\ARM_GCC_484\Debug\vuggeControl.a(sensorI2C_scl.o)
                0x00002178                sensorI2C_scl_Write
 .text.sensorI2C_scl_Read
                0x000021c4       0x1c .\CortexM0\ARM_GCC_484\Debug\vuggeControl.a(sensorI2C_scl.o)
                0x000021c4                sensorI2C_scl_Read
 .text.loopTimer_Init
                0x000021e0       0x4c .\CortexM0\ARM_GCC_484\Debug\vuggeControl.a(loopTimer.o)
                0x000021e0                loopTimer_Init
 .text.loopTimer_Enable
                0x0000222c       0x20 .\CortexM0\ARM_GCC_484\Debug\vuggeControl.a(loopTimer.o)
                0x0000222c                loopTimer_Enable
 .text.loopTimer_Start
                0x0000224c       0x24 .\CortexM0\ARM_GCC_484\Debug\vuggeControl.a(loopTimer.o)
                0x0000224c                loopTimer_Start
 .text.loopTimer_SetInterruptMode
                0x00002270       0x20 .\CortexM0\ARM_GCC_484\Debug\vuggeControl.a(loopTimer.o)
                0x00002270                loopTimer_SetInterruptMode
 .text.loopTimer_ReadStatusRegister
                0x00002290       0x14 .\CortexM0\ARM_GCC_484\Debug\vuggeControl.a(loopTimer.o)
                0x00002290                loopTimer_ReadStatusRegister
 .text.loopTimer_WritePeriod
                0x000022a4       0x20 .\CortexM0\ARM_GCC_484\Debug\vuggeControl.a(loopTimer.o)
                0x000022a4                loopTimer_WritePeriod
 .text.loopTimer_ReadCapture
                0x000022c4       0x14 .\CortexM0\ARM_GCC_484\Debug\vuggeControl.a(loopTimer.o)
                0x000022c4                loopTimer_ReadCapture
 .text.loopTimer_WriteCounter
                0x000022d8       0x20 .\CortexM0\ARM_GCC_484\Debug\vuggeControl.a(loopTimer.o)
                0x000022d8                loopTimer_WriteCounter
 .text.loopTimer_ClearFIFO
                0x000022f8       0x1c .\CortexM0\ARM_GCC_484\Debug\vuggeControl.a(loopTimer.o)
                0x000022f8                loopTimer_ClearFIFO
 .text.loop_isr_StartEx
                0x00002314       0x24 .\CortexM0\ARM_GCC_484\Debug\vuggeControl.a(loop_isr.o)
                0x00002314                loop_isr_StartEx
 .text.loop_isr_Stop
                0x00002338       0x18 .\CortexM0\ARM_GCC_484\Debug\vuggeControl.a(loop_isr.o)
                0x00002338                loop_isr_Stop
 .text.loop_isr_SetVector
                0x00002350       0x18 .\CortexM0\ARM_GCC_484\Debug\vuggeControl.a(loop_isr.o)
                0x00002350                loop_isr_SetVector
 .text.loop_isr_SetPriority
                0x00002368       0x50 .\CortexM0\ARM_GCC_484\Debug\vuggeControl.a(loop_isr.o)
                0x00002368                loop_isr_SetPriority
 .text.loop_isr_Enable
                0x000023b8       0x14 .\CortexM0\ARM_GCC_484\Debug\vuggeControl.a(loop_isr.o)
                0x000023b8                loop_isr_Enable
 .text.loop_isr_Disable
                0x000023cc       0x14 .\CortexM0\ARM_GCC_484\Debug\vuggeControl.a(loop_isr.o)
                0x000023cc                loop_isr_Disable
 .text.sensorI2C_I2C_ISR
                0x000023e0      0x4ec .\CortexM0\ARM_GCC_484\Debug\vuggeControl.a(sensorI2C_I2C_INT.o)
                0x000023e0                sensorI2C_I2C_ISR
 .text          0x000028cc       0x9c c:/program files (x86)/cypress/psoc creator/3.1/psoc creator/import/gnu_cs/arm/4.8.4/bin/../lib/gcc/arm-none-eabi/4.8.4/armv6-m\libgcc.a(_udivsi3.o)
                0x000028cc                __aeabi_uidiv
                0x000028cc                __udivsi3
                0x00002954                __aeabi_uidivmod
 .text          0x00002968        0x4 c:/program files (x86)/cypress/psoc creator/3.1/psoc creator/import/gnu_cs/arm/4.8.4/bin/../lib/gcc/arm-none-eabi/4.8.4/armv6-m\libgcc.a(_dvmd_tls.o)
                0x00002968                __aeabi_idiv0
                0x00002968                __aeabi_ldiv0
 .text          0x0000296c       0x48 c:/program files (x86)/cypress/psoc creator/3.1/psoc creator/import/gnu_cs/arm/4.8.4/bin/../lib/gcc/arm-none-eabi/4.8.4/armv6-m\libgcc.a(_aeabi_ldivmod.o)
                0x0000296c                __aeabi_ldivmod
 .text          0x000029b4       0x44 c:/program files (x86)/cypress/psoc creator/3.1/psoc creator/import/gnu_cs/arm/4.8.4/bin/../lib/gcc/arm-none-eabi/4.8.4/armv6-m\libgcc.a(_muldi3.o)
                0x000029b4                __muldi3
                0x000029b4                __aeabi_lmul
 .text          0x000029f8       0x6c c:/program files (x86)/cypress/psoc creator/3.1/psoc creator/import/gnu_cs/arm/4.8.4/bin/../lib/gcc/arm-none-eabi/4.8.4/armv6-m\libgcc.a(bpabi.o)
                0x000029f8                __gnu_ldivmod_helper
                0x00002a30                __gnu_uldivmod_helper
 .text          0x00002a64      0x3b8 c:/program files (x86)/cypress/psoc creator/3.1/psoc creator/import/gnu_cs/arm/4.8.4/bin/../lib/gcc/arm-none-eabi/4.8.4/armv6-m\libgcc.a(_divdi3.o)
                0x00002a64                __divdi3
 .text          0x00002e1c      0x384 c:/program files (x86)/cypress/psoc creator/3.1/psoc creator/import/gnu_cs/arm/4.8.4/bin/../lib/gcc/arm-none-eabi/4.8.4/armv6-m\libgcc.a(_udivdi3.o)
                0x00002e1c                __udivdi3
 .text          0x000031a0       0x3c c:/program files (x86)/cypress/psoc creator/3.1/psoc creator/import/gnu_cs/arm/4.8.4/bin/../lib/gcc/arm-none-eabi/4.8.4/armv6-m\libgcc.a(_clzsi2.o)
                0x000031a0                __clzsi2
 .text.__libc_init_array
                0x000031dc       0x4c c:/program files (x86)/cypress/psoc creator/3.1/psoc creator/import/gnu_cs/arm/4.8.4/bin/../lib/gcc/arm-none-eabi/4.8.4/../../../../arm-none-eabi/lib/armv6-m\libg_s.a(lib_a-init.o)
                0x000031dc                __libc_init_array
 .text.memset   0x00003228       0x10 c:/program files (x86)/cypress/psoc creator/3.1/psoc creator/import/gnu_cs/arm/4.8.4/bin/../lib/gcc/arm-none-eabi/4.8.4/../../../../arm-none-eabi/lib/armv6-m\libg_s.a(lib_a-memset.o)
                0x00003228                memset
 *(.plt)
 *(.gnu.warning)
 *(.glue_7t)
 .glue_7t       0x00000000        0x0 linker stubs
 *(.glue_7)
 .glue_7        0x00000000        0x0 linker stubs
 *(.vfp11_veneer)
 .vfp11_veneer  0x00000000        0x0 linker stubs
 *(.bootloader)
 *(.ARM.extab* .gnu.linkonce.armextab.*)
 *(.gcc_except_table)

.v4_bx          0x00003238        0x0
 .v4_bx         0x00000000        0x0 linker stubs

.iplt           0x00003238        0x0
 .iplt          0x00000000        0x0 c:/program files (x86)/cypress/psoc creator/3.1/psoc creator/import/gnu_cs/arm/4.8.4/bin/../lib/gcc/arm-none-eabi/4.8.4/armv6-m/crtbegin.o

.eh_frame_hdr
 *(.eh_frame_hdr)

.eh_frame       0x00003238        0x4
 *(.eh_frame)
 .eh_frame      0x00003238        0x0 c:/program files (x86)/cypress/psoc creator/3.1/psoc creator/import/gnu_cs/arm/4.8.4/bin/../lib/gcc/arm-none-eabi/4.8.4/armv6-m/crtbegin.o
 .eh_frame      0x00003238        0x4 c:/program files (x86)/cypress/psoc creator/3.1/psoc creator/import/gnu_cs/arm/4.8.4/bin/../lib/gcc/arm-none-eabi/4.8.4/armv6-m/crtend.o
                0x0000323c                PROVIDE (__exidx_start, .)

.ARM.exidx      0x0000323c        0x8
 *(.ARM.exidx* .gnu.linkonce.armexidx.*)
 .ARM.exidx     0x0000323c        0x8 c:/program files (x86)/cypress/psoc creator/3.1/psoc creator/import/gnu_cs/arm/4.8.4/bin/../lib/gcc/arm-none-eabi/4.8.4/armv6-m\libgcc.a(_divdi3.o)
 .ARM.exidx     0x00003244        0x0 c:/program files (x86)/cypress/psoc creator/3.1/psoc creator/import/gnu_cs/arm/4.8.4/bin/../lib/gcc/arm-none-eabi/4.8.4/armv6-m\libgcc.a(_udivdi3.o)
                                  0x8 (size before relaxing)
                0x00003244                __exidx_end = .

.rodata         0x00003244      0x464
 *(.rodata .rodata.* .gnu.linkonce.r.*)
 .rodata        0x00003244       0x90 .\CortexM0\ARM_GCC_484\Debug\vuggeControl.o
 .rodata        0x000032d4        0xc .\CortexM0\ARM_GCC_484\Debug\sensorFortolker.o
                0x000032d4                imuInitArray
 .rodata        0x000032e0       0x7c .\CortexM0\ARM_GCC_484\Debug\regulering.o
 .rodata        0x0000335c      0x314 .\CortexM0\ARM_GCC_484\Debug\vuggeControl.a(cyfitter_cfg.o)
                0x00003670                . = ALIGN (0x4)
 *(.init)
 .init          0x00003670        0x4 c:/program files (x86)/cypress/psoc creator/3.1/psoc creator/import/gnu_cs/arm/4.8.4/bin/../lib/gcc/arm-none-eabi/4.8.4/armv6-m/crti.o
                0x00003670                _init
 .init          0x00003674        0x8 c:/program files (x86)/cypress/psoc creator/3.1/psoc creator/import/gnu_cs/arm/4.8.4/bin/../lib/gcc/arm-none-eabi/4.8.4/armv6-m/crtn.o
                0x0000367c                . = ALIGN (0x4)
                0x0000367c                __preinit_array_start = .
 *(.preinit_array)
                0x0000367c                __preinit_array_end = .
                0x0000367c                . = ALIGN (0x4)
                0x0000367c                __init_array_start = .
 *(SORT(.init_array.*))
 *(.init_array)
 .init_array    0x0000367c        0x4 c:/program files (x86)/cypress/psoc creator/3.1/psoc creator/import/gnu_cs/arm/4.8.4/bin/../lib/gcc/arm-none-eabi/4.8.4/armv6-m/crtbegin.o
 .init_array    0x00003680        0x4 .\CortexM0\ARM_GCC_484\Debug\Cm0Start.o
                0x00003684                __init_array_end = .
                0x00003684                . = ALIGN (0x4)
 *(.fini)
 .fini          0x00003684        0x4 c:/program files (x86)/cypress/psoc creator/3.1/psoc creator/import/gnu_cs/arm/4.8.4/bin/../lib/gcc/arm-none-eabi/4.8.4/armv6-m/crti.o
                0x00003684                _fini
 .fini          0x00003688        0x8 c:/program files (x86)/cypress/psoc creator/3.1/psoc creator/import/gnu_cs/arm/4.8.4/bin/../lib/gcc/arm-none-eabi/4.8.4/armv6-m/crtn.o
                0x00003690                . = ALIGN (0x4)
                0x00003690                __fini_array_start = .
 *(.fini_array)
 .fini_array    0x00003690        0x4 c:/program files (x86)/cypress/psoc creator/3.1/psoc creator/import/gnu_cs/arm/4.8.4/bin/../lib/gcc/arm-none-eabi/4.8.4/armv6-m/crtbegin.o
 *(SORT(.fini_array.*))
                0x00003694                __fini_array_end = .
                0x00003694                . = ALIGN (0x4)
 *crtbegin.o(.ctors)
 *(EXCLUDE_FILE(*crtend.o) .ctors)
 *(SORT(.ctors.*))
 *crtend.o(.ctors)
                0x00003694                . = ALIGN (0x4)
 *crtbegin.o(.dtors)
 *(EXCLUDE_FILE(*crtend.o) .dtors)
 *(SORT(.dtors.*))
 *crtend.o(.dtors)
                0x00003694                . = ALIGN (0x4)
                0x00003694                __cy_regions = .
                0x00003694        0x4 LONG 0x36a8 __cy_region_init_ram
                0x00003698        0x4 LONG 0x200000c8 __cy_region_start_data
                0x0000369c        0x4 LONG 0x60 __cy_region_init_size_ram
                0x000036a0        0x4 LONG 0xd8 __cy_region_zero_size_ram
                0x000036a4                __cy_regions_end = .
                0x000036a8                . = ALIGN (0x8)
 *fill*         0x000036a4        0x4 
                0x000036a8                _etext = .

.ramvectors     0x20000000       0xc0
                0x20000000                __cy_region_start_ram = .
 *(.ramvectors)
 .ramvectors    0x20000000       0xc0 .\CortexM0\ARM_GCC_484\Debug\Cm0Start.o
                0x20000000                CyRamVectors

.noinit         0x200000c0        0x4
 *(.noinit)
 .noinit        0x200000c0        0x4 .\CortexM0\ARM_GCC_484\Debug\Cm0Start.o

.data           0x200000c8       0x60 load address 0x000036a8
                0x200000c8                __cy_region_start_data = .
 *(.jcr)
 .jcr           0x200000c8        0x0 c:/program files (x86)/cypress/psoc creator/3.1/psoc creator/import/gnu_cs/arm/4.8.4/bin/../lib/gcc/arm-none-eabi/4.8.4/armv6-m/crtbegin.o
 .jcr           0x200000c8        0x4 c:/program files (x86)/cypress/psoc creator/3.1/psoc creator/import/gnu_cs/arm/4.8.4/bin/../lib/gcc/arm-none-eabi/4.8.4/armv6-m/crtend.o
 *(.got.plt)
 *(.got)
 *(.shdata)
 *(.data .data.* .gnu.linkonce.d.*)
 .data          0x200000cc       0x48 .\CortexM0\ARM_GCC_484\Debug\fixedMath.o
                0x200000cc                cordic_ctab
 .data          0x20000114        0x4 .\CortexM0\ARM_GCC_484\Debug\vuggeControl.a(cyfitter_cfg.o)
 .data          0x20000118       0x10 .\CortexM0\ARM_GCC_484\Debug\vuggeControl.a(CyLib.o)
                0x20000118                cydelayFreqHz
                0x2000011c                cydelayFreqKhz
                0x20000120                cydelayFreqMhz
                0x20000124                cydelay32kMs
                0x20000128                . = ALIGN (0x8)
 *(.ram)
                0x20000128                _edata = .

.igot.plt       0x20000128        0x0 load address 0x00003708
 .igot.plt      0x00000000        0x0 c:/program files (x86)/cypress/psoc creator/3.1/psoc creator/import/gnu_cs/arm/4.8.4/bin/../lib/gcc/arm-none-eabi/4.8.4/armv6-m/crtbegin.o

.bss            0x20000128       0xd8 load address 0x00003708
                0x20000128                PROVIDE (__bss_start__, .)
 *(.shbss)
 *(.bss .bss.* .gnu.linkonce.b.*)
 .bss           0x20000128       0x1c c:/program files (x86)/cypress/psoc creator/3.1/psoc creator/import/gnu_cs/arm/4.8.4/bin/../lib/gcc/arm-none-eabi/4.8.4/armv6-m/crtbegin.o
 .bss           0x20000144        0x1 .\CortexM0\ARM_GCC_484\Debug\vuggeControl.o
                0x20000144                ready
 *fill*         0x20000145        0x3 
 .bss           0x20000148       0x20 .\CortexM0\ARM_GCC_484\Debug\sensorFortolker.o
                0x20000148                dataReady
                0x20000149                endstop_
                0x2000014c                accData
                0x20000154                gyroData
                0x20000158                prevAng
                0x2000015c                accAng
                0x20000160                estAng
                0x20000164                stallCount
 .bss           0x20000168        0x1 .\CortexM0\ARM_GCC_484\Debug\regulering.o
                0x20000168                mode
 *fill*         0x20000169        0x3 
 .bss           0x2000016c        0x8 .\CortexM0\ARM_GCC_484\Debug\vuggeControl.a(I2CVuggesystem.o)
                0x2000016c                I2CVuggesystem_initVar
                0x20000170                I2CVuggesystem_customIntrHandler
 .bss           0x20000174        0x1 .\CortexM0\ARM_GCC_484\Debug\vuggeControl.a(PWM.o)
                0x20000174                PWM_initVar
 .bss           0x20000175        0x2 .\CortexM0\ARM_GCC_484\Debug\vuggeControl.a(debugOut.o)
                0x20000175                debugOut_initVar
 *fill*         0x20000177        0x1 
 .bss           0x20000178        0x8 .\CortexM0\ARM_GCC_484\Debug\vuggeControl.a(sensorI2C.o)
                0x20000178                sensorI2C_initVar
                0x2000017c                sensorI2C_customIntrHandler
 .bss           0x20000180        0x1 .\CortexM0\ARM_GCC_484\Debug\vuggeControl.a(loopTimer.o)
                0x20000180                loopTimer_initVar
 *(COMMON)
 *fill*         0x20000181        0x3 
 COMMON         0x20000184       0x44 .\CortexM0\ARM_GCC_484\Debug\vuggeControl.o
                0x20000184                I2CBuf
                0x2000018c                i_e
                0x20000190                prevUdsving
                0x20000191                going_up_
                0x20000194                reguleringsStatus_
                0x20000198                prev_e
                0x2000019c                sensorDataPtr_
                0x200001a0                fixedPointReg_
                0x200001a4                angleInc
                0x200001a8                i2cPtr_
                0x200001ac                prevFrek
                0x200001b0                print1
                0x200001b4                sineA
                0x200001b8                reguleringsStatusPtr_
                0x200001bc                print2
                0x200001c0                pwmSineAngle_
                0x200001c4                endstopStatusPtr_
 COMMON         0x200001c8        0xd .\CortexM0\ARM_GCC_484\Debug\vuggeControl.a(I2CVuggesystem_EZI2C.o)
                0x200001c8                I2CVuggesystem_protectBuf1
                0x200001ca                I2CVuggesystem_bufSizeBuf1
                0x200001cc                I2CVuggesystem_dataBuffer1
                0x200001d0                I2CVuggesystem_curStatus
                0x200001d1                I2CVuggesystem_fsmState
                0x200001d2                I2CVuggesystem_indexBuf1
                0x200001d4                I2CVuggesystem_offsetBuf1
 COMMON         0x200001d5        0x1 .\CortexM0\ARM_GCC_484\Debug\vuggeControl.a(sensorI2C_I2C.o)
                0x200001d5                sensorI2C_state
 *fill*         0x200001d6        0x2 
 COMMON         0x200001d8       0x24 .\CortexM0\ARM_GCC_484\Debug\vuggeControl.a(sensorI2C_I2C_MASTER.o)
                0x200001d8                sensorI2C_mstrWrBufIndexTmp
                0x200001dc                sensorI2C_mstrStatus
                0x200001e0                sensorI2C_mstrWrBufIndex
                0x200001e4                sensorI2C_mstrRdBufPtr
                0x200001e8                sensorI2C_mstrRdBufIndex
                0x200001ec                sensorI2C_mstrWrBufPtr
                0x200001f0                sensorI2C_mstrWrBufSize
                0x200001f4                sensorI2C_mstrControl
                0x200001f8                sensorI2C_mstrRdBufSize
                0x20000200                . = ALIGN (0x8)
 *fill*         0x200001fc        0x4 
 *(.ram.b)
                0x20000200                _end = .
                0x20000200                __end = .
                0x20000200                PROVIDE (end, .)
                0x20000200                PROVIDE (__bss_end__, .)
                0x000036a8                __cy_region_init_ram = LOADADDR (.data)
                0x00000060                __cy_region_init_size_ram = (_edata - ADDR (.data))
                0x000000d8                __cy_region_zero_size_ram = (_end - _edata)

.heap           0x20000200       0x80 load address 0x00003708
                0x20000200                . = _end
                0x20000280                . = (. + 0x80)
 *fill*         0x20000200       0x80 
                0x20000280                __cy_heap_limit = .

.stack          0x20000c00      0x400
                0x20000c00                __cy_stack_limit = .
                0x20001000                . = (. + 0x400)
 *fill*         0x20000c00      0x400 
                0x00000001                ASSERT ((__cy_stack_limit >= __cy_heap_limit), region RAM overflowed with stack)

.cyloadermeta
 *(.cyloadermeta)

.cyloadablemeta
 *(.cyloadablemeta)

.cyflashprotect
                0x90400000       0x20
 *(.cyflashprotect)
 .cyflashprotect
                0x90400000       0x20 .\CortexM0\ARM_GCC_484\Debug\cymetadata.o
                0x90400000                cy_meta_flashprotect

.cymeta         0x90500000        0xc
 *(.cymeta)
 .cymeta        0x90500000        0xc .\CortexM0\ARM_GCC_484\Debug\cymetadata.o
                0x90500000                cy_metadata

.cychipprotect  0x90600000        0x4
 *(.cychipprotect)
 .cychipprotect
                0x90600000        0x4 .\CortexM0\ARM_GCC_484\Debug\cymetadata.o
                0x90600000                cy_meta_chipprotect

.rel.dyn        0x00003708        0x0 load address 0x90600004
 .rel.iplt      0x00000000        0x0 c:/program files (x86)/cypress/psoc creator/3.1/psoc creator/import/gnu_cs/arm/4.8.4/bin/../lib/gcc/arm-none-eabi/4.8.4/armv6-m/crtbegin.o

.stab
 *(.stab)

.stabstr
 *(.stabstr)

.debug
 *(.debug)

.line
 *(.line)

.debug_srcinfo
 *(.debug_srcinfo)

.debug_sfnames
 *(.debug_sfnames)

.debug_aranges  0x00000000      0xa18
 *(.debug_aranges)
 .debug_aranges
                0x00000000       0x58 .\CortexM0\ARM_GCC_484\Debug\vuggeControl.o
 .debug_aranges
                0x00000058       0x28 .\CortexM0\ARM_GCC_484\Debug\i2cKommunikation.o
 .debug_aranges
                0x00000080       0x68 .\CortexM0\ARM_GCC_484\Debug\sensorFortolker.o
 .debug_aranges
                0x000000e8       0x40 .\CortexM0\ARM_GCC_484\Debug\regulering.o
 .debug_aranges
                0x00000128       0x58 .\CortexM0\ARM_GCC_484\Debug\fixedMath.o
 .debug_aranges
                0x00000180       0x18 .\CortexM0\ARM_GCC_484\Debug\cymetadata.o
 .debug_aranges
                0x00000198       0x48 .\CortexM0\ARM_GCC_484\Debug\Cm0Start.o
 .debug_aranges
                0x000001e0       0x58 .\CortexM0\ARM_GCC_484\Debug\vuggeControl.a(cyfitter_cfg.o)
 .debug_aranges
                0x00000238       0x68 .\CortexM0\ARM_GCC_484\Debug\vuggeControl.a(I2CVuggesystem.o)
 .debug_aranges
                0x000002a0       0x50 .\CortexM0\ARM_GCC_484\Debug\vuggeControl.a(I2CVuggesystem_EZI2C.o)
 .debug_aranges
                0x000002f0       0x20 .\CortexM0\ARM_GCC_484\Debug\vuggeControl.a(I2CVuggesystem_EZI2C_INT.o)
 .debug_aranges
                0x00000310       0x20 .\CortexM0\ARM_GCC_484\Debug\vuggeControl.a(CyBootAsmGnu.o)
 .debug_aranges
                0x00000330      0x230 .\CortexM0\ARM_GCC_484\Debug\vuggeControl.a(CyLib.o)
 .debug_aranges
                0x00000560       0x80 .\CortexM0\ARM_GCC_484\Debug\vuggeControl.a(Endstop_isr.o)
 .debug_aranges
                0x000005e0       0x90 .\CortexM0\ARM_GCC_484\Debug\vuggeControl.a(PWM.o)
 .debug_aranges
                0x00000670       0xa0 .\CortexM0\ARM_GCC_484\Debug\vuggeControl.a(debugOut.o)
 .debug_aranges
                0x00000710       0x40 .\CortexM0\ARM_GCC_484\Debug\vuggeControl.a(debugOut_IntClock.o)
 .debug_aranges
                0x00000750       0x68 .\CortexM0\ARM_GCC_484\Debug\vuggeControl.a(sensorI2C.o)
 .debug_aranges
                0x000007b8       0x28 .\CortexM0\ARM_GCC_484\Debug\vuggeControl.a(sensorI2C_I2C.o)
 .debug_aranges
                0x000007e0       0x88 .\CortexM0\ARM_GCC_484\Debug\vuggeControl.a(sensorI2C_I2C_MASTER.o)
 .debug_aranges
                0x00000868       0x40 .\CortexM0\ARM_GCC_484\Debug\vuggeControl.a(sensorI2C_sda.o)
 .debug_aranges
                0x000008a8       0x40 .\CortexM0\ARM_GCC_484\Debug\vuggeControl.a(sensorI2C_scl.o)
 .debug_aranges
                0x000008e8       0x90 .\CortexM0\ARM_GCC_484\Debug\vuggeControl.a(loopTimer.o)
 .debug_aranges
                0x00000978       0x80 .\CortexM0\ARM_GCC_484\Debug\vuggeControl.a(loop_isr.o)
 .debug_aranges
                0x000009f8       0x20 .\CortexM0\ARM_GCC_484\Debug\vuggeControl.a(sensorI2C_I2C_INT.o)

.debug_pubnames
 *(.debug_pubnames)

.debug_info     0x00000000     0x42ee
 *(.debug_info .gnu.linkonce.wi.*)
 .debug_info    0x00000000      0x399 .\CortexM0\ARM_GCC_484\Debug\vuggeControl.o
 .debug_info    0x00000399       0xe0 .\CortexM0\ARM_GCC_484\Debug\i2cKommunikation.o
 .debug_info    0x00000479      0x3ac .\CortexM0\ARM_GCC_484\Debug\sensorFortolker.o
 .debug_info    0x00000825      0x2da .\CortexM0\ARM_GCC_484\Debug\regulering.o
 .debug_info    0x00000aff      0x341 .\CortexM0\ARM_GCC_484\Debug\fixedMath.o
 .debug_info    0x00000e40       0xfd .\CortexM0\ARM_GCC_484\Debug\cymetadata.o
 .debug_info    0x00000f3d      0x2ff .\CortexM0\ARM_GCC_484\Debug\Cm0Start.o
 .debug_info    0x0000123c      0x454 .\CortexM0\ARM_GCC_484\Debug\vuggeControl.a(cyfitter_cfg.o)
 .debug_info    0x00001690      0x1eb .\CortexM0\ARM_GCC_484\Debug\vuggeControl.a(I2CVuggesystem.o)
 .debug_info    0x0000187b      0x25c .\CortexM0\ARM_GCC_484\Debug\vuggeControl.a(I2CVuggesystem_EZI2C.o)
 .debug_info    0x00001ad7      0x183 .\CortexM0\ARM_GCC_484\Debug\vuggeControl.a(I2CVuggesystem_EZI2C_INT.o)
 .debug_info    0x00001c5a       0xcd .\CortexM0\ARM_GCC_484\Debug\vuggeControl.a(CyBootAsmGnu.o)
 .debug_info    0x00001d27      0xc5b .\CortexM0\ARM_GCC_484\Debug\vuggeControl.a(CyLib.o)
 .debug_info    0x00002982      0x244 .\CortexM0\ARM_GCC_484\Debug\vuggeControl.a(Endstop_isr.o)
 .debug_info    0x00002bc6      0x262 .\CortexM0\ARM_GCC_484\Debug\vuggeControl.a(PWM.o)
 .debug_info    0x00002e28      0x375 .\CortexM0\ARM_GCC_484\Debug\vuggeControl.a(debugOut.o)
 .debug_info    0x0000319d      0x14d .\CortexM0\ARM_GCC_484\Debug\vuggeControl.a(debugOut_IntClock.o)
 .debug_info    0x000032ea      0x1eb .\CortexM0\ARM_GCC_484\Debug\vuggeControl.a(sensorI2C.o)
 .debug_info    0x000034d5      0x119 .\CortexM0\ARM_GCC_484\Debug\vuggeControl.a(sensorI2C_I2C.o)
 .debug_info    0x000035ee      0x466 .\CortexM0\ARM_GCC_484\Debug\vuggeControl.a(sensorI2C_I2C_MASTER.o)
 .debug_info    0x00003a54      0x14c .\CortexM0\ARM_GCC_484\Debug\vuggeControl.a(sensorI2C_sda.o)
 .debug_info    0x00003ba0      0x14c .\CortexM0\ARM_GCC_484\Debug\vuggeControl.a(sensorI2C_scl.o)
 .debug_info    0x00003cec      0x236 .\CortexM0\ARM_GCC_484\Debug\vuggeControl.a(loopTimer.o)
 .debug_info    0x00003f22      0x244 .\CortexM0\ARM_GCC_484\Debug\vuggeControl.a(loop_isr.o)
 .debug_info    0x00004166      0x188 .\CortexM0\ARM_GCC_484\Debug\vuggeControl.a(sensorI2C_I2C_INT.o)

.debug_abbrev   0x00000000     0x19dd
 *(.debug_abbrev)
 .debug_abbrev  0x00000000      0x138 .\CortexM0\ARM_GCC_484\Debug\vuggeControl.o
 .debug_abbrev  0x00000138       0x93 .\CortexM0\ARM_GCC_484\Debug\i2cKommunikation.o
 .debug_abbrev  0x000001cb      0x113 .\CortexM0\ARM_GCC_484\Debug\sensorFortolker.o
 .debug_abbrev  0x000002de       0xf5 .\CortexM0\ARM_GCC_484\Debug\regulering.o
 .debug_abbrev  0x000003d3      0x105 .\CortexM0\ARM_GCC_484\Debug\fixedMath.o
 .debug_abbrev  0x000004d8       0x5d .\CortexM0\ARM_GCC_484\Debug\cymetadata.o
 .debug_abbrev  0x00000535      0x1b4 .\CortexM0\ARM_GCC_484\Debug\Cm0Start.o
 .debug_abbrev  0x000006e9      0x193 .\CortexM0\ARM_GCC_484\Debug\vuggeControl.a(cyfitter_cfg.o)
 .debug_abbrev  0x0000087c      0x122 .\CortexM0\ARM_GCC_484\Debug\vuggeControl.a(I2CVuggesystem.o)
 .debug_abbrev  0x0000099e      0x128 .\CortexM0\ARM_GCC_484\Debug\vuggeControl.a(I2CVuggesystem_EZI2C.o)
 .debug_abbrev  0x00000ac6       0x95 .\CortexM0\ARM_GCC_484\Debug\vuggeControl.a(I2CVuggesystem_EZI2C_INT.o)
 .debug_abbrev  0x00000b5b       0x14 .\CortexM0\ARM_GCC_484\Debug\vuggeControl.a(CyBootAsmGnu.o)
 .debug_abbrev  0x00000b6f      0x207 .\CortexM0\ARM_GCC_484\Debug\vuggeControl.a(CyLib.o)
 .debug_abbrev  0x00000d76      0x177 .\CortexM0\ARM_GCC_484\Debug\vuggeControl.a(Endstop_isr.o)
 .debug_abbrev  0x00000eed      0x123 .\CortexM0\ARM_GCC_484\Debug\vuggeControl.a(PWM.o)
 .debug_abbrev  0x00001010      0x156 .\CortexM0\ARM_GCC_484\Debug\vuggeControl.a(debugOut.o)
 .debug_abbrev  0x00001166       0xb5 .\CortexM0\ARM_GCC_484\Debug\vuggeControl.a(debugOut_IntClock.o)
 .debug_abbrev  0x0000121b      0x122 .\CortexM0\ARM_GCC_484\Debug\vuggeControl.a(sensorI2C.o)
 .debug_abbrev  0x0000133d       0x9d .\CortexM0\ARM_GCC_484\Debug\vuggeControl.a(sensorI2C_I2C.o)
 .debug_abbrev  0x000013da      0x161 .\CortexM0\ARM_GCC_484\Debug\vuggeControl.a(sensorI2C_I2C_MASTER.o)
 .debug_abbrev  0x0000153b       0xb7 .\CortexM0\ARM_GCC_484\Debug\vuggeControl.a(sensorI2C_sda.o)
 .debug_abbrev  0x000015f2       0xb7 .\CortexM0\ARM_GCC_484\Debug\vuggeControl.a(sensorI2C_scl.o)
 .debug_abbrev  0x000016a9      0x128 .\CortexM0\ARM_GCC_484\Debug\vuggeControl.a(loopTimer.o)
 .debug_abbrev  0x000017d1      0x177 .\CortexM0\ARM_GCC_484\Debug\vuggeControl.a(loop_isr.o)
 .debug_abbrev  0x00001948       0x95 .\CortexM0\ARM_GCC_484\Debug\vuggeControl.a(sensorI2C_I2C_INT.o)

.debug_line     0x00000000     0x2891
 *(.debug_line)
 .debug_line    0x00000000      0x26b .\CortexM0\ARM_GCC_484\Debug\vuggeControl.o
 .debug_line    0x0000026b       0x9c .\CortexM0\ARM_GCC_484\Debug\i2cKommunikation.o
 .debug_line    0x00000307      0x286 .\CortexM0\ARM_GCC_484\Debug\sensorFortolker.o
 .debug_line    0x0000058d      0x27f .\CortexM0\ARM_GCC_484\Debug\regulering.o
 .debug_line    0x0000080c      0x20e .\CortexM0\ARM_GCC_484\Debug\fixedMath.o
 .debug_line    0x00000a1a       0x53 .\CortexM0\ARM_GCC_484\Debug\cymetadata.o
 .debug_line    0x00000a6d      0x1bb .\CortexM0\ARM_GCC_484\Debug\Cm0Start.o
 .debug_line    0x00000c28      0x1c4 .\CortexM0\ARM_GCC_484\Debug\vuggeControl.a(cyfitter_cfg.o)
 .debug_line    0x00000dec      0x12d .\CortexM0\ARM_GCC_484\Debug\vuggeControl.a(I2CVuggesystem.o)
 .debug_line    0x00000f19      0x115 .\CortexM0\ARM_GCC_484\Debug\vuggeControl.a(I2CVuggesystem_EZI2C.o)
 .debug_line    0x0000102e      0x11a .\CortexM0\ARM_GCC_484\Debug\vuggeControl.a(I2CVuggesystem_EZI2C_INT.o)
 .debug_line    0x00001148       0x69 .\CortexM0\ARM_GCC_484\Debug\vuggeControl.a(CyBootAsmGnu.o)
 .debug_line    0x000011b1      0x703 .\CortexM0\ARM_GCC_484\Debug\vuggeControl.a(CyLib.o)
 .debug_line    0x000018b4      0x14a .\CortexM0\ARM_GCC_484\Debug\vuggeControl.a(Endstop_isr.o)
 .debug_line    0x000019fe      0x171 .\CortexM0\ARM_GCC_484\Debug\vuggeControl.a(PWM.o)
 .debug_line    0x00001b6f      0x203 .\CortexM0\ARM_GCC_484\Debug\vuggeControl.a(debugOut.o)
 .debug_line    0x00001d72       0xba .\CortexM0\ARM_GCC_484\Debug\vuggeControl.a(debugOut_IntClock.o)
 .debug_line    0x00001e2c      0x12c .\CortexM0\ARM_GCC_484\Debug\vuggeControl.a(sensorI2C.o)
 .debug_line    0x00001f58       0xa9 .\CortexM0\ARM_GCC_484\Debug\vuggeControl.a(sensorI2C_I2C.o)
 .debug_line    0x00002001      0x2b0 .\CortexM0\ARM_GCC_484\Debug\vuggeControl.a(sensorI2C_I2C_MASTER.o)
 .debug_line    0x000022b1       0xb3 .\CortexM0\ARM_GCC_484\Debug\vuggeControl.a(sensorI2C_sda.o)
 .debug_line    0x00002364       0xb3 .\CortexM0\ARM_GCC_484\Debug\vuggeControl.a(sensorI2C_scl.o)
 .debug_line    0x00002417      0x178 .\CortexM0\ARM_GCC_484\Debug\vuggeControl.a(loopTimer.o)
 .debug_line    0x0000258f      0x157 .\CortexM0\ARM_GCC_484\Debug\vuggeControl.a(loop_isr.o)
 .debug_line    0x000026e6      0x1ab .\CortexM0\ARM_GCC_484\Debug\vuggeControl.a(sensorI2C_I2C_INT.o)

.debug_frame    0x00000000     0x210c
 *(.debug_frame)
 .debug_frame   0x00000000      0x114 .\CortexM0\ARM_GCC_484\Debug\vuggeControl.o
 .debug_frame   0x00000114       0x48 .\CortexM0\ARM_GCC_484\Debug\i2cKommunikation.o
 .debug_frame   0x0000015c      0x150 .\CortexM0\ARM_GCC_484\Debug\sensorFortolker.o
 .debug_frame   0x000002ac       0xb0 .\CortexM0\ARM_GCC_484\Debug\regulering.o
 .debug_frame   0x0000035c      0x120 .\CortexM0\ARM_GCC_484\Debug\fixedMath.o
 .debug_frame   0x0000047c       0xc8 .\CortexM0\ARM_GCC_484\Debug\Cm0Start.o
 .debug_frame   0x00000544      0x108 .\CortexM0\ARM_GCC_484\Debug\vuggeControl.a(cyfitter_cfg.o)
 .debug_frame   0x0000064c      0x134 .\CortexM0\ARM_GCC_484\Debug\vuggeControl.a(I2CVuggesystem.o)
 .debug_frame   0x00000780       0xe8 .\CortexM0\ARM_GCC_484\Debug\vuggeControl.a(I2CVuggesystem_EZI2C.o)
 .debug_frame   0x00000868       0x30 .\CortexM0\ARM_GCC_484\Debug\vuggeControl.a(I2CVuggesystem_EZI2C_INT.o)
 .debug_frame   0x00000898      0x83c .\CortexM0\ARM_GCC_484\Debug\vuggeControl.a(CyLib.o)
 .debug_frame   0x000010d4      0x190 .\CortexM0\ARM_GCC_484\Debug\vuggeControl.a(Endstop_isr.o)
 .debug_frame   0x00001264      0x1d0 .\CortexM0\ARM_GCC_484\Debug\vuggeControl.a(PWM.o)
 .debug_frame   0x00001434      0x22c .\CortexM0\ARM_GCC_484\Debug\vuggeControl.a(debugOut.o)
 .debug_frame   0x00001660       0xa0 .\CortexM0\ARM_GCC_484\Debug\vuggeControl.a(debugOut_IntClock.o)
 .debug_frame   0x00001700      0x134 .\CortexM0\ARM_GCC_484\Debug\vuggeControl.a(sensorI2C.o)
 .debug_frame   0x00001834       0x48 .\CortexM0\ARM_GCC_484\Debug\vuggeControl.a(sensorI2C_I2C.o)
 .debug_frame   0x0000187c      0x1c0 .\CortexM0\ARM_GCC_484\Debug\vuggeControl.a(sensorI2C_I2C_MASTER.o)
 .debug_frame   0x00001a3c       0xa8 .\CortexM0\ARM_GCC_484\Debug\vuggeControl.a(sensorI2C_sda.o)
 .debug_frame   0x00001ae4       0xa8 .\CortexM0\ARM_GCC_484\Debug\vuggeControl.a(sensorI2C_scl.o)
 .debug_frame   0x00001b8c      0x1cc .\CortexM0\ARM_GCC_484\Debug\vuggeControl.a(loopTimer.o)
 .debug_frame   0x00001d58      0x190 .\CortexM0\ARM_GCC_484\Debug\vuggeControl.a(loop_isr.o)
 .debug_frame   0x00001ee8       0x30 .\CortexM0\ARM_GCC_484\Debug\vuggeControl.a(sensorI2C_I2C_INT.o)
 .debug_frame   0x00001f18       0x20 c:/program files (x86)/cypress/psoc creator/3.1/psoc creator/import/gnu_cs/arm/4.8.4/bin/../lib/gcc/arm-none-eabi/4.8.4/armv6-m\libgcc.a(_udivsi3.o)
 .debug_frame   0x00001f38       0x20 c:/program files (x86)/cypress/psoc creator/3.1/psoc creator/import/gnu_cs/arm/4.8.4/bin/../lib/gcc/arm-none-eabi/4.8.4/armv6-m\libgcc.a(_divsi3.o)
 .debug_frame   0x00001f58       0x30 c:/program files (x86)/cypress/psoc creator/3.1/psoc creator/import/gnu_cs/arm/4.8.4/bin/../lib/gcc/arm-none-eabi/4.8.4/armv6-m\libgcc.a(_muldi3.o)
 .debug_frame   0x00001f88       0x50 c:/program files (x86)/cypress/psoc creator/3.1/psoc creator/import/gnu_cs/arm/4.8.4/bin/../lib/gcc/arm-none-eabi/4.8.4/armv6-m\libgcc.a(bpabi.o)
 .debug_frame   0x00001fd8       0x3c c:/program files (x86)/cypress/psoc creator/3.1/psoc creator/import/gnu_cs/arm/4.8.4/bin/../lib/gcc/arm-none-eabi/4.8.4/armv6-m\libgcc.a(_divdi3.o)
 .debug_frame   0x00002014       0x3c c:/program files (x86)/cypress/psoc creator/3.1/psoc creator/import/gnu_cs/arm/4.8.4/bin/../lib/gcc/arm-none-eabi/4.8.4/armv6-m\libgcc.a(_udivdi3.o)
 .debug_frame   0x00002050       0x20 c:/program files (x86)/cypress/psoc creator/3.1/psoc creator/import/gnu_cs/arm/4.8.4/bin/../lib/gcc/arm-none-eabi/4.8.4/../../../../arm-none-eabi/lib/armv6-m\libg_s.a(lib_a-errno.o)
 .debug_frame   0x00002070       0x28 c:/program files (x86)/cypress/psoc creator/3.1/psoc creator/import/gnu_cs/arm/4.8.4/bin/../lib/gcc/arm-none-eabi/4.8.4/../../../../arm-none-eabi/lib/armv6-m\libg_s.a(lib_a-exit.o)
 .debug_frame   0x00002098       0x2c c:/program files (x86)/cypress/psoc creator/3.1/psoc creator/import/gnu_cs/arm/4.8.4/bin/../lib/gcc/arm-none-eabi/4.8.4/../../../../arm-none-eabi/lib/armv6-m\libg_s.a(lib_a-init.o)
 .debug_frame   0x000020c4       0x28 c:/program files (x86)/cypress/psoc creator/3.1/psoc creator/import/gnu_cs/arm/4.8.4/bin/../lib/gcc/arm-none-eabi/4.8.4/../../../../arm-none-eabi/lib/armv6-m\libg_s.a(lib_a-memcpy-stub.o)
 .debug_frame   0x000020ec       0x20 c:/program files (x86)/cypress/psoc creator/3.1/psoc creator/import/gnu_cs/arm/4.8.4/bin/../lib/gcc/arm-none-eabi/4.8.4/../../../../arm-none-eabi/lib/armv6-m\libg_s.a(lib_a-memset.o)

.debug_str      0x00000000     0x222d
 *(.debug_str)
 .debug_str     0x00000000      0x2d0 .\CortexM0\ARM_GCC_484\Debug\vuggeControl.o
                                0x319 (size before relaxing)
 .debug_str     0x000002d0       0x28 .\CortexM0\ARM_GCC_484\Debug\i2cKommunikation.o
                                0x1cd (size before relaxing)
 .debug_str     0x000002f8      0x139 .\CortexM0\ARM_GCC_484\Debug\sensorFortolker.o
                                0x322 (size before relaxing)
 .debug_str     0x00000431       0xbd .\CortexM0\ARM_GCC_484\Debug\regulering.o
                                0x30e (size before relaxing)
 .debug_str     0x000004ee       0x88 .\CortexM0\ARM_GCC_484\Debug\fixedMath.o
                                0x248 (size before relaxing)
 .debug_str     0x00000576       0x5b .\CortexM0\ARM_GCC_484\Debug\cymetadata.o
                                0x1f9 (size before relaxing)
 .debug_str     0x000005d1      0x129 .\CortexM0\ARM_GCC_484\Debug\Cm0Start.o
                                0x2e7 (size before relaxing)
 .debug_str     0x000006fa      0x19f .\CortexM0\ARM_GCC_484\Debug\vuggeControl.a(cyfitter_cfg.o)
                                0x387 (size before relaxing)
 .debug_str     0x00000899      0x199 .\CortexM0\ARM_GCC_484\Debug\vuggeControl.a(I2CVuggesystem.o)
                                0x351 (size before relaxing)
 .debug_str     0x00000a32      0x1e4 .\CortexM0\ARM_GCC_484\Debug\vuggeControl.a(I2CVuggesystem_EZI2C.o)
                                0x3a5 (size before relaxing)
 .debug_str     0x00000c16       0x84 .\CortexM0\ARM_GCC_484\Debug\vuggeControl.a(I2CVuggesystem_EZI2C_INT.o)
                                0x319 (size before relaxing)
 .debug_str     0x00000c9a      0x70e .\CortexM0\ARM_GCC_484\Debug\vuggeControl.a(CyLib.o)
                                0x900 (size before relaxing)
 .debug_str     0x000013a8      0x14b .\CortexM0\ARM_GCC_484\Debug\vuggeControl.a(Endstop_isr.o)
                                0x330 (size before relaxing)
 .debug_str     0x000014f3      0x144 .\CortexM0\ARM_GCC_484\Debug\vuggeControl.a(PWM.o)
                                0x2ee (size before relaxing)
 .debug_str     0x00001637      0x1fe .\CortexM0\ARM_GCC_484\Debug\vuggeControl.a(debugOut.o)
                                0x3b5 (size before relaxing)
 .debug_str     0x00001835      0x107 .\CortexM0\ARM_GCC_484\Debug\vuggeControl.a(debugOut_IntClock.o)
                                0x2b0 (size before relaxing)
 .debug_str     0x0000193c      0x137 .\CortexM0\ARM_GCC_484\Debug\vuggeControl.a(sensorI2C.o)
                                0x310 (size before relaxing)
 .debug_str     0x00001a73       0xa4 .\CortexM0\ARM_GCC_484\Debug\vuggeControl.a(sensorI2C_I2C.o)
                                0x256 (size before relaxing)
 .debug_str     0x00001b17      0x2aa .\CortexM0\ARM_GCC_484\Debug\vuggeControl.a(sensorI2C_I2C_MASTER.o)
                                0x4bf (size before relaxing)
 .debug_str     0x00001dc1       0xb5 .\CortexM0\ARM_GCC_484\Debug\vuggeControl.a(sensorI2C_sda.o)
                                0x262 (size before relaxing)
 .debug_str     0x00001e76       0xa2 .\CortexM0\ARM_GCC_484\Debug\vuggeControl.a(sensorI2C_scl.o)
                                0x262 (size before relaxing)
 .debug_str     0x00001f18      0x1ae .\CortexM0\ARM_GCC_484\Debug\vuggeControl.a(loopTimer.o)
                                0x368 (size before relaxing)
 .debug_str     0x000020c6      0x112 .\CortexM0\ARM_GCC_484\Debug\vuggeControl.a(loop_isr.o)
                                0x306 (size before relaxing)
 .debug_str     0x000021d8       0x55 .\CortexM0\ARM_GCC_484\Debug\vuggeControl.a(sensorI2C_I2C_INT.o)
                                0x317 (size before relaxing)

.debug_loc
 *(.debug_loc)

.debug_macinfo
 *(.debug_macinfo)

.debug_ranges   0x00000000      0x870
 *(.debug_ranges)
 .debug_ranges  0x00000000       0x48 .\CortexM0\ARM_GCC_484\Debug\vuggeControl.o
 .debug_ranges  0x00000048       0x18 .\CortexM0\ARM_GCC_484\Debug\i2cKommunikation.o
 .debug_ranges  0x00000060       0x58 .\CortexM0\ARM_GCC_484\Debug\sensorFortolker.o
 .debug_ranges  0x000000b8       0x30 .\CortexM0\ARM_GCC_484\Debug\regulering.o
 .debug_ranges  0x000000e8       0x48 .\CortexM0\ARM_GCC_484\Debug\fixedMath.o
 .debug_ranges  0x00000130       0x38 .\CortexM0\ARM_GCC_484\Debug\Cm0Start.o
 .debug_ranges  0x00000168       0x48 .\CortexM0\ARM_GCC_484\Debug\vuggeControl.a(cyfitter_cfg.o)
 .debug_ranges  0x000001b0       0x58 .\CortexM0\ARM_GCC_484\Debug\vuggeControl.a(I2CVuggesystem.o)
 .debug_ranges  0x00000208       0x40 .\CortexM0\ARM_GCC_484\Debug\vuggeControl.a(I2CVuggesystem_EZI2C.o)
 .debug_ranges  0x00000248       0x10 .\CortexM0\ARM_GCC_484\Debug\vuggeControl.a(I2CVuggesystem_EZI2C_INT.o)
 .debug_ranges  0x00000258      0x220 .\CortexM0\ARM_GCC_484\Debug\vuggeControl.a(CyLib.o)
 .debug_ranges  0x00000478       0x70 .\CortexM0\ARM_GCC_484\Debug\vuggeControl.a(Endstop_isr.o)
 .debug_ranges  0x000004e8       0x80 .\CortexM0\ARM_GCC_484\Debug\vuggeControl.a(PWM.o)
 .debug_ranges  0x00000568       0x90 .\CortexM0\ARM_GCC_484\Debug\vuggeControl.a(debugOut.o)
 .debug_ranges  0x000005f8       0x30 .\CortexM0\ARM_GCC_484\Debug\vuggeControl.a(debugOut_IntClock.o)
 .debug_ranges  0x00000628       0x58 .\CortexM0\ARM_GCC_484\Debug\vuggeControl.a(sensorI2C.o)
 .debug_ranges  0x00000680       0x18 .\CortexM0\ARM_GCC_484\Debug\vuggeControl.a(sensorI2C_I2C.o)
 .debug_ranges  0x00000698       0x78 .\CortexM0\ARM_GCC_484\Debug\vuggeControl.a(sensorI2C_I2C_MASTER.o)
 .debug_ranges  0x00000710       0x30 .\CortexM0\ARM_GCC_484\Debug\vuggeControl.a(sensorI2C_sda.o)
 .debug_ranges  0x00000740       0x30 .\CortexM0\ARM_GCC_484\Debug\vuggeControl.a(sensorI2C_scl.o)
 .debug_ranges  0x00000770       0x80 .\CortexM0\ARM_GCC_484\Debug\vuggeControl.a(loopTimer.o)
 .debug_ranges  0x000007f0       0x70 .\CortexM0\ARM_GCC_484\Debug\vuggeControl.a(loop_isr.o)
 .debug_ranges  0x00000860       0x10 .\CortexM0\ARM_GCC_484\Debug\vuggeControl.a(sensorI2C_I2C_INT.o)

.comment        0x00000000       0x70
 .comment       0x00000000       0x70 .\CortexM0\ARM_GCC_484\Debug\vuggeControl.o
                                 0x71 (size before relaxing)
 .comment       0x00000000       0x71 .\CortexM0\ARM_GCC_484\Debug\i2cKommunikation.o
 .comment       0x00000000       0x71 .\CortexM0\ARM_GCC_484\Debug\sensorFortolker.o
 .comment       0x00000000       0x71 .\CortexM0\ARM_GCC_484\Debug\regulering.o
 .comment       0x00000000       0x71 .\CortexM0\ARM_GCC_484\Debug\fixedMath.o
 .comment       0x00000000       0x71 .\CortexM0\ARM_GCC_484\Debug\cymetadata.o
 .comment       0x00000000       0x71 .\CortexM0\ARM_GCC_484\Debug\Cm0Start.o
 .comment       0x00000000       0x71 .\CortexM0\ARM_GCC_484\Debug\vuggeControl.a(cyfitter_cfg.o)
 .comment       0x00000000       0x71 .\CortexM0\ARM_GCC_484\Debug\vuggeControl.a(I2CVuggesystem.o)
 .comment       0x00000000       0x71 .\CortexM0\ARM_GCC_484\Debug\vuggeControl.a(I2CVuggesystem_EZI2C.o)
 .comment       0x00000000       0x71 .\CortexM0\ARM_GCC_484\Debug\vuggeControl.a(I2CVuggesystem_EZI2C_INT.o)
 .comment       0x00000000       0x71 .\CortexM0\ARM_GCC_484\Debug\vuggeControl.a(CyLib.o)
 .comment       0x00000000       0x71 .\CortexM0\ARM_GCC_484\Debug\vuggeControl.a(Endstop_isr.o)
 .comment       0x00000000       0x71 .\CortexM0\ARM_GCC_484\Debug\vuggeControl.a(PWM.o)
 .comment       0x00000000       0x71 .\CortexM0\ARM_GCC_484\Debug\vuggeControl.a(debugOut.o)
 .comment       0x00000000       0x71 .\CortexM0\ARM_GCC_484\Debug\vuggeControl.a(debugOut_IntClock.o)
 .comment       0x00000000       0x71 .\CortexM0\ARM_GCC_484\Debug\vuggeControl.a(sensorI2C.o)
 .comment       0x00000000       0x71 .\CortexM0\ARM_GCC_484\Debug\vuggeControl.a(sensorI2C_I2C.o)
 .comment       0x00000000       0x71 .\CortexM0\ARM_GCC_484\Debug\vuggeControl.a(sensorI2C_I2C_MASTER.o)
 .comment       0x00000000       0x71 .\CortexM0\ARM_GCC_484\Debug\vuggeControl.a(sensorI2C_sda.o)
 .comment       0x00000000       0x71 .\CortexM0\ARM_GCC_484\Debug\vuggeControl.a(sensorI2C_scl.o)
 .comment       0x00000000       0x71 .\CortexM0\ARM_GCC_484\Debug\vuggeControl.a(loopTimer.o)
 .comment       0x00000000       0x71 .\CortexM0\ARM_GCC_484\Debug\vuggeControl.a(loop_isr.o)
 .comment       0x00000000       0x71 .\CortexM0\ARM_GCC_484\Debug\vuggeControl.a(sensorI2C_I2C_INT.o)

.debug_weaknames
 *(.debug_weaknames)

.debug_funcnames
 *(.debug_funcnames)

.debug_typenames
 *(.debug_typenames)

.debug_varnames
 *(.debug_varnames)

.note.gnu.arm.ident
 *(.note.gnu.arm.ident)

.ARM.attributes
                0x00000000       0x28
 *(.ARM.attributes)
 .ARM.attributes
                0x00000000       0x1e c:/program files (x86)/cypress/psoc creator/3.1/psoc creator/import/gnu_cs/arm/4.8.4/bin/../lib/gcc/arm-none-eabi/4.8.4/armv6-m/crti.o
 .ARM.attributes
                0x0000001e       0x2c c:/program files (x86)/cypress/psoc creator/3.1/psoc creator/import/gnu_cs/arm/4.8.4/bin/../lib/gcc/arm-none-eabi/4.8.4/armv6-m/crtbegin.o
 .ARM.attributes
                0x0000004a       0x1b c:/program files (x86)/cypress/psoc creator/3.1/psoc creator/import/gnu_cs/arm/4.8.4/bin/../lib/gcc/arm-none-eabi/4.8.4/../../../../arm-none-eabi/lib/armv6-m/crt0.o
 .ARM.attributes
                0x00000065       0x31 .\CortexM0\ARM_GCC_484\Debug\vuggeControl.o
 .ARM.attributes
                0x00000096       0x31 .\CortexM0\ARM_GCC_484\Debug\i2cKommunikation.o
 .ARM.attributes
                0x000000c7       0x31 .\CortexM0\ARM_GCC_484\Debug\sensorFortolker.o
 .ARM.attributes
                0x000000f8       0x31 .\CortexM0\ARM_GCC_484\Debug\regulering.o
 .ARM.attributes
                0x00000129       0x31 .\CortexM0\ARM_GCC_484\Debug\fixedMath.o
 .ARM.attributes
                0x0000015a       0x31 .\CortexM0\ARM_GCC_484\Debug\cymetadata.o
 .ARM.attributes
                0x0000018b       0x31 .\CortexM0\ARM_GCC_484\Debug\Cm0Start.o
 .ARM.attributes
                0x000001bc       0x31 .\CortexM0\ARM_GCC_484\Debug\vuggeControl.a(cyfitter_cfg.o)
 .ARM.attributes
                0x000001ed       0x31 .\CortexM0\ARM_GCC_484\Debug\vuggeControl.a(I2CVuggesystem.o)
 .ARM.attributes
                0x0000021e       0x31 .\CortexM0\ARM_GCC_484\Debug\vuggeControl.a(I2CVuggesystem_EZI2C.o)
 .ARM.attributes
                0x0000024f       0x31 .\CortexM0\ARM_GCC_484\Debug\vuggeControl.a(I2CVuggesystem_EZI2C_INT.o)
 .ARM.attributes
                0x00000280       0x21 .\CortexM0\ARM_GCC_484\Debug\vuggeControl.a(CyBootAsmGnu.o)
 .ARM.attributes
                0x000002a1       0x31 .\CortexM0\ARM_GCC_484\Debug\vuggeControl.a(CyLib.o)
 .ARM.attributes
                0x000002d2       0x31 .\CortexM0\ARM_GCC_484\Debug\vuggeControl.a(Endstop_isr.o)
 .ARM.attributes
                0x00000303       0x31 .\CortexM0\ARM_GCC_484\Debug\vuggeControl.a(PWM.o)
 .ARM.attributes
                0x00000334       0x31 .\CortexM0\ARM_GCC_484\Debug\vuggeControl.a(debugOut.o)
 .ARM.attributes
                0x00000365       0x31 .\CortexM0\ARM_GCC_484\Debug\vuggeControl.a(debugOut_IntClock.o)
 .ARM.attributes
                0x00000396       0x31 .\CortexM0\ARM_GCC_484\Debug\vuggeControl.a(sensorI2C.o)
 .ARM.attributes
                0x000003c7       0x31 .\CortexM0\ARM_GCC_484\Debug\vuggeControl.a(sensorI2C_I2C.o)
 .ARM.attributes
                0x000003f8       0x31 .\CortexM0\ARM_GCC_484\Debug\vuggeControl.a(sensorI2C_I2C_MASTER.o)
 .ARM.attributes
                0x00000429       0x31 .\CortexM0\ARM_GCC_484\Debug\vuggeControl.a(sensorI2C_sda.o)
 .ARM.attributes
                0x0000045a       0x31 .\CortexM0\ARM_GCC_484\Debug\vuggeControl.a(sensorI2C_scl.o)
 .ARM.attributes
                0x0000048b       0x31 .\CortexM0\ARM_GCC_484\Debug\vuggeControl.a(loopTimer.o)
 .ARM.attributes
                0x000004bc       0x31 .\CortexM0\ARM_GCC_484\Debug\vuggeControl.a(loop_isr.o)
 .ARM.attributes
                0x000004ed       0x31 .\CortexM0\ARM_GCC_484\Debug\vuggeControl.a(sensorI2C_I2C_INT.o)
 .ARM.attributes
                0x0000051e       0x1e c:/program files (x86)/cypress/psoc creator/3.1/psoc creator/import/gnu_cs/arm/4.8.4/bin/../lib/gcc/arm-none-eabi/4.8.4/armv6-m\libgcc.a(_udivsi3.o)
 .ARM.attributes
                0x0000053c       0x1e c:/program files (x86)/cypress/psoc creator/3.1/psoc creator/import/gnu_cs/arm/4.8.4/bin/../lib/gcc/arm-none-eabi/4.8.4/armv6-m\libgcc.a(_divsi3.o)
 .ARM.attributes
                0x0000055a       0x1e c:/program files (x86)/cypress/psoc creator/3.1/psoc creator/import/gnu_cs/arm/4.8.4/bin/../lib/gcc/arm-none-eabi/4.8.4/armv6-m\libgcc.a(_dvmd_tls.o)
 .ARM.attributes
                0x00000578       0x1e c:/program files (x86)/cypress/psoc creator/3.1/psoc creator/import/gnu_cs/arm/4.8.4/bin/../lib/gcc/arm-none-eabi/4.8.4/armv6-m\libgcc.a(_aeabi_ldivmod.o)
 .ARM.attributes
                0x00000596       0x2c c:/program files (x86)/cypress/psoc creator/3.1/psoc creator/import/gnu_cs/arm/4.8.4/bin/../lib/gcc/arm-none-eabi/4.8.4/armv6-m\libgcc.a(_muldi3.o)
 .ARM.attributes
                0x000005c2       0x2c c:/program files (x86)/cypress/psoc creator/3.1/psoc creator/import/gnu_cs/arm/4.8.4/bin/../lib/gcc/arm-none-eabi/4.8.4/armv6-m\libgcc.a(bpabi.o)
 .ARM.attributes
                0x000005ee       0x2c c:/program files (x86)/cypress/psoc creator/3.1/psoc creator/import/gnu_cs/arm/4.8.4/bin/../lib/gcc/arm-none-eabi/4.8.4/armv6-m\libgcc.a(_divdi3.o)
 .ARM.attributes
                0x0000061a       0x2c c:/program files (x86)/cypress/psoc creator/3.1/psoc creator/import/gnu_cs/arm/4.8.4/bin/../lib/gcc/arm-none-eabi/4.8.4/armv6-m\libgcc.a(_udivdi3.o)
 .ARM.attributes
                0x00000646       0x1e c:/program files (x86)/cypress/psoc creator/3.1/psoc creator/import/gnu_cs/arm/4.8.4/bin/../lib/gcc/arm-none-eabi/4.8.4/armv6-m\libgcc.a(_clzsi2.o)
 .ARM.attributes
                0x00000664       0x2c c:/program files (x86)/cypress/psoc creator/3.1/psoc creator/import/gnu_cs/arm/4.8.4/bin/../lib/gcc/arm-none-eabi/4.8.4/../../../../arm-none-eabi/lib/armv6-m\libg_s.a(lib_a-errno.o)
 .ARM.attributes
                0x00000690       0x2c c:/program files (x86)/cypress/psoc creator/3.1/psoc creator/import/gnu_cs/arm/4.8.4/bin/../lib/gcc/arm-none-eabi/4.8.4/../../../../arm-none-eabi/lib/armv6-m\libg_s.a(lib_a-exit.o)
 .ARM.attributes
                0x000006bc       0x2c c:/program files (x86)/cypress/psoc creator/3.1/psoc creator/import/gnu_cs/arm/4.8.4/bin/../lib/gcc/arm-none-eabi/4.8.4/../../../../arm-none-eabi/lib/armv6-m\libg_s.a(lib_a-impure.o)
 .ARM.attributes
                0x000006e8       0x2c c:/program files (x86)/cypress/psoc creator/3.1/psoc creator/import/gnu_cs/arm/4.8.4/bin/../lib/gcc/arm-none-eabi/4.8.4/../../../../arm-none-eabi/lib/armv6-m\libg_s.a(lib_a-init.o)
 .ARM.attributes
                0x00000714       0x2c c:/program files (x86)/cypress/psoc creator/3.1/psoc creator/import/gnu_cs/arm/4.8.4/bin/../lib/gcc/arm-none-eabi/4.8.4/../../../../arm-none-eabi/lib/armv6-m\libg_s.a(lib_a-memcpy-stub.o)
 .ARM.attributes
                0x00000740       0x2c c:/program files (x86)/cypress/psoc creator/3.1/psoc creator/import/gnu_cs/arm/4.8.4/bin/../lib/gcc/arm-none-eabi/4.8.4/../../../../arm-none-eabi/lib/armv6-m\libg_s.a(lib_a-memset.o)
 .ARM.attributes
                0x0000076c       0x2c c:/program files (x86)/cypress/psoc creator/3.1/psoc creator/import/gnu_cs/arm/4.8.4/bin/../lib/gcc/arm-none-eabi/4.8.4/armv6-m/crtend.o
 .ARM.attributes
                0x00000798       0x1e c:/program files (x86)/cypress/psoc creator/3.1/psoc creator/import/gnu_cs/arm/4.8.4/bin/../lib/gcc/arm-none-eabi/4.8.4/armv6-m/crtn.o

/DISCARD/
 *(.note.GNU-stack)
OUTPUT(.\CortexM0\ARM_GCC_484\Debug\vuggeControl.elf elf32-littlearm)
